[1.251s] Invoking command in '/home/maksmykha/Documents/RobotikProject/build/robotik_sorting': DEBUGINFOD_URLS=https://debuginfod.ubuntu.com PYTHONPATH=/home/maksmykha/Documents/RobotikProject/build/robotik_sorting/prefix_override:/usr/lib/python3/dist-packages/colcon_core/task/python/colcon_distutils_commands:/home/maksmykha/Documents/RobotikProject/install/robotik_sorting/lib/python3.12/site-packages:${PYTHONPATH} /usr/bin/python3 -W ignore:setup.py install is deprecated -W ignore:easy_install command is deprecated setup.py develop --uninstall --editable --build-directory /home/maksmykha/Documents/RobotikProject/build/robotik_sorting/build
[1.538s] running develop
[1.718s] Removing /home/maksmykha/Documents/RobotikProject/install/robotik_sorting/lib/python3.12/site-packages/robotik-sorting.egg-link (link to .)
[1.758s] Invoked command in '/home/maksmykha/Documents/RobotikProject/build/robotik_sorting' returned '0': DEBUGINFOD_URLS=https://debuginfod.ubuntu.com PYTHONPATH=/home/maksmykha/Documents/RobotikProject/build/robotik_sorting/prefix_override:/usr/lib/python3/dist-packages/colcon_core/task/python/colcon_distutils_commands:/home/maksmykha/Documents/RobotikProject/install/robotik_sorting/lib/python3.12/site-packages:${PYTHONPATH} /usr/bin/python3 -W ignore:setup.py install is deprecated -W ignore:easy_install command is deprecated setup.py develop --uninstall --editable --build-directory /home/maksmykha/Documents/RobotikProject/build/robotik_sorting/build
[1.759s] Invoking command in '/home/maksmykha/Documents/RobotikProject/src/robotik_sorting': DEBUGINFOD_URLS=https://debuginfod.ubuntu.com PYTHONPATH=/home/maksmykha/Documents/RobotikProject/build/robotik_sorting/prefix_override:/usr/lib/python3/dist-packages/colcon_core/task/python/colcon_distutils_commands:/home/maksmykha/Documents/RobotikProject/install/robotik_sorting/lib/python3.12/site-packages:${PYTHONPATH} /usr/bin/python3 -W ignore:setup.py install is deprecated -W ignore:easy_install command is deprecated setup.py egg_info --egg-base ../../build/robotik_sorting build --build-base /home/maksmykha/Documents/RobotikProject/build/robotik_sorting/build install --record /home/maksmykha/Documents/RobotikProject/build/robotik_sorting/install.log --single-version-externally-managed install_data --force
[1.990s] running egg_info
[2.011s] writing ../../build/robotik_sorting/robotik_sorting.egg-info/PKG-INFO
[2.011s] writing dependency_links to ../../build/robotik_sorting/robotik_sorting.egg-info/dependency_links.txt
[2.012s] writing requirements to ../../build/robotik_sorting/robotik_sorting.egg-info/requires.txt
[2.012s] writing top-level names to ../../build/robotik_sorting/robotik_sorting.egg-info/top_level.txt
[2.044s] reading manifest file '../../build/robotik_sorting/robotik_sorting.egg-info/SOURCES.txt'
[2.045s] writing manifest file '../../build/robotik_sorting/robotik_sorting.egg-info/SOURCES.txt'
[2.045s] running build
[2.045s] running build_py
[2.045s] creating /home/maksmykha/Documents/RobotikProject/build/robotik_sorting/build
[2.045s] creating /home/maksmykha/Documents/RobotikProject/build/robotik_sorting/build/lib
[2.045s] creating /home/maksmykha/Documents/RobotikProject/build/robotik_sorting/build/lib/robotik_sorting
[2.046s] copying robotik_sorting/__init__.py -> /home/maksmykha/Documents/RobotikProject/build/robotik_sorting/build/lib/robotik_sorting
[2.046s] running install
[2.051s] running install_lib
[2.063s] creating /home/maksmykha/Documents/RobotikProject/install/robotik_sorting/lib/python3.12/site-packages/robotik_sorting
[2.064s] copying /home/maksmykha/Documents/RobotikProject/build/robotik_sorting/build/lib/robotik_sorting/__init__.py -> /home/maksmykha/Documents/RobotikProject/install/robotik_sorting/lib/python3.12/site-packages/robotik_sorting
[2.064s] byte-compiling /home/maksmykha/Documents/RobotikProject/install/robotik_sorting/lib/python3.12/site-packages/robotik_sorting/__init__.py to __init__.cpython-312.pyc
[2.064s] running install_data
[2.064s] copying resource/robotik_sorting -> /home/maksmykha/Documents/RobotikProject/install/robotik_sorting/share/ament_index/resource_index/packages
[2.065s] copying package.xml -> /home/maksmykha/Documents/RobotikProject/install/robotik_sorting/share/robotik_sorting
[2.065s] running install_egg_info
[2.080s] Copying ../../build/robotik_sorting/robotik_sorting.egg-info to /home/maksmykha/Documents/RobotikProject/install/robotik_sorting/lib/python3.12/site-packages/robotik_sorting-0.0.0-py3.12.egg-info
[2.081s] running install_scripts
[2.201s] writing list of installed files to '/home/maksmykha/Documents/RobotikProject/build/robotik_sorting/install.log'
[2.238s] Invoked command in '/home/maksmykha/Documents/RobotikProject/src/robotik_sorting' returned '0': DEBUGINFOD_URLS=https://debuginfod.ubuntu.com PYTHONPATH=/home/maksmykha/Documents/RobotikProject/build/robotik_sorting/prefix_override:/usr/lib/python3/dist-packages/colcon_core/task/python/colcon_distutils_commands:/home/maksmykha/Documents/RobotikProject/install/robotik_sorting/lib/python3.12/site-packages:${PYTHONPATH} /usr/bin/python3 -W ignore:setup.py install is deprecated -W ignore:easy_install command is deprecated setup.py egg_info --egg-base ../../build/robotik_sorting build --build-base /home/maksmykha/Documents/RobotikProject/build/robotik_sorting/build install --record /home/maksmykha/Documents/RobotikProject/build/robotik_sorting/install.log --single-version-externally-managed install_data --force
