[0.019s] Invoking command in '/home/maksmykha/Documents/RobotikProject/build/robot_description': CMAKE_PREFIX_PATH=${CMAKE_PREFIX_PATH}:/opt/ros/jazzy DEBUGINFOD_URLS=https://debuginfod.ubuntu.com /usr/bin/cmake /home/maksmykha/Documents/RobotikProject/src/robot_description -DCMAKE_INSTALL_PREFIX=/home/maksmykha/Documents/RobotikProject/install/robot_description
[0.136s] -- The C compiler identification is GNU 13.3.0
[0.243s] -- The CXX compiler identification is GNU 13.3.0
[0.263s] -- Detecting C compiler ABI info
[0.339s] -- Detecting C compiler ABI info - done
[0.346s] -- Check for working C compiler: /usr/bin/cc - skipped
[0.347s] -- Detecting C compile features
[0.348s] -- Detecting C compile features - done
[0.356s] -- Detecting CXX compiler ABI info
[0.421s] -- Detecting CXX compiler ABI info - done
[0.428s] -- Check for working CXX compiler: /usr/bin/c++ - skipped
[0.428s] -- Detecting CXX compile features
[0.429s] -- Detecting CXX compile features - done
[0.458s] -- Found ament_cmake: 2.5.6 (/opt/ros/jazzy/share/ament_cmake/cmake)
[0.561s] -- Found Python3: /usr/bin/python3 (found version "3.12.3") found components: Interpreter 
[0.669s] -- Found ament_lint_auto: 0.17.5 (/opt/ros/jazzy/share/ament_lint_auto/cmake)
[0.752s] -- Added test 'lint_cmake' to check CMake code style
[0.754s] -- Added test 'xmllint' to check XML markup files
[0.756s] -- Configuring done (0.7s)
[0.758s] -- Generating done (0.0s)
[0.760s] -- Build files have been written to: /home/maksmykha/Documents/RobotikProject/build/robot_description
[0.765s] Invoked command in '/home/maksmykha/Documents/RobotikProject/build/robot_description' returned '0': CMAKE_PREFIX_PATH=${CMAKE_PREFIX_PATH}:/opt/ros/jazzy DEBUGINFOD_URLS=https://debuginfod.ubuntu.com /usr/bin/cmake /home/maksmykha/Documents/RobotikProject/src/robot_description -DCMAKE_INSTALL_PREFIX=/home/maksmykha/Documents/RobotikProject/install/robot_description
[0.766s] Invoking command in '/home/maksmykha/Documents/RobotikProject/build/robot_description': CMAKE_PREFIX_PATH=${CMAKE_PREFIX_PATH}:/opt/ros/jazzy DEBUGINFOD_URLS=https://debuginfod.ubuntu.com /usr/bin/cmake --build /home/maksmykha/Documents/RobotikProject/build/robot_description -- -j8 -l8
[0.792s] Invoked command in '/home/maksmykha/Documents/RobotikProject/build/robot_description' returned '0': CMAKE_PREFIX_PATH=${CMAKE_PREFIX_PATH}:/opt/ros/jazzy DEBUGINFOD_URLS=https://debuginfod.ubuntu.com /usr/bin/cmake --build /home/maksmykha/Documents/RobotikProject/build/robot_description -- -j8 -l8
[0.798s] Invoking command in '/home/maksmykha/Documents/RobotikProject/build/robot_description': CMAKE_PREFIX_PATH=${CMAKE_PREFIX_PATH}:/opt/ros/jazzy DEBUGINFOD_URLS=https://debuginfod.ubuntu.com /usr/bin/cmake --install /home/maksmykha/Documents/RobotikProject/build/robot_description
[0.803s] -- Install configuration: ""
[0.803s] -- Installing: /home/maksmykha/Documents/RobotikProject/install/robot_description/share/ament_index/resource_index/package_run_dependencies/robot_description
[0.803s] -- Installing: /home/maksmykha/Documents/RobotikProject/install/robot_description/share/ament_index/resource_index/parent_prefix_path/robot_description
[0.803s] -- Installing: /home/maksmykha/Documents/RobotikProject/install/robot_description/share/robot_description/environment/ament_prefix_path.sh
[0.803s] -- Installing: /home/maksmykha/Documents/RobotikProject/install/robot_description/share/robot_description/environment/ament_prefix_path.dsv
[0.803s] -- Installing: /home/maksmykha/Documents/RobotikProject/install/robot_description/share/robot_description/environment/path.sh
[0.804s] -- Installing: /home/maksmykha/Documents/RobotikProject/install/robot_description/share/robot_description/environment/path.dsv
[0.804s] -- Installing: /home/maksmykha/Documents/RobotikProject/install/robot_description/share/robot_description/local_setup.bash
[0.804s] -- Installing: /home/maksmykha/Documents/RobotikProject/install/robot_description/share/robot_description/local_setup.sh
[0.804s] -- Installing: /home/maksmykha/Documents/RobotikProject/install/robot_description/share/robot_description/local_setup.zsh
[0.804s] -- Installing: /home/maksmykha/Documents/RobotikProject/install/robot_description/share/robot_description/local_setup.dsv
[0.804s] -- Installing: /home/maksmykha/Documents/RobotikProject/install/robot_description/share/robot_description/package.dsv
[0.804s] -- Installing: /home/maksmykha/Documents/RobotikProject/install/robot_description/share/ament_index/resource_index/packages/robot_description
[0.804s] -- Installing: /home/maksmykha/Documents/RobotikProject/install/robot_description/share/robot_description/cmake/robot_descriptionConfig.cmake
[0.804s] -- Installing: /home/maksmykha/Documents/RobotikProject/install/robot_description/share/robot_description/cmake/robot_descriptionConfig-version.cmake
[0.804s] -- Installing: /home/maksmykha/Documents/RobotikProject/install/robot_description/share/robot_description/package.xml
[0.805s] Invoked command in '/home/maksmykha/Documents/RobotikProject/build/robot_description' returned '0': CMAKE_PREFIX_PATH=${CMAKE_PREFIX_PATH}:/opt/ros/jazzy DEBUGINFOD_URLS=https://debuginfod.ubuntu.com /usr/bin/cmake --install /home/maksmykha/Documents/RobotikProject/build/robot_description
