[1.388s] Invoking command in '/home/maksmykha/Documents/RobotikProject/build/robotik_gazebo': DEBUGINFOD_URLS=https://debuginfod.ubuntu.com PYTHONPATH=/home/maksmykha/Documents/RobotikProject/build/robotik_gazebo/prefix_override:/usr/lib/python3/dist-packages/colcon_core/task/python/colcon_distutils_commands:/home/maksmykha/Documents/RobotikProject/install/robotik_gazebo/lib/python3.12/site-packages:${PYTHONPATH} /usr/bin/python3 -W ignore:setup.py install is deprecated -W ignore:easy_install command is deprecated setup.py develop --editable --build-directory /home/maksmykha/Documents/RobotikProject/build/robotik_gazebo/build --no-deps symlink_data
[1.700s] running develop
[1.838s] running egg_info
[1.838s] creating robotik_gazebo.egg-info
[1.850s] writing robotik_gazebo.egg-info/PKG-INFO
[1.850s] writing dependency_links to robotik_gazebo.egg-info/dependency_links.txt
[1.850s] writing requirements to robotik_gazebo.egg-info/requires.txt
[1.851s] writing top-level names to robotik_gazebo.egg-info/top_level.txt
[1.851s] writing manifest file 'robotik_gazebo.egg-info/SOURCES.txt'
[1.873s] reading manifest file 'robotik_gazebo.egg-info/SOURCES.txt'
[1.873s] writing manifest file 'robotik_gazebo.egg-info/SOURCES.txt'
[1.891s] running build_ext
[1.891s] Creating /home/maksmykha/Documents/RobotikProject/install/robotik_gazebo/lib/python3.12/site-packages/robotik-gazebo.egg-link (link to .)
[1.891s] 
[1.891s] Installed /home/maksmykha/Documents/RobotikProject/build/robotik_gazebo
[1.891s] running symlink_data
[1.891s] creating /home/maksmykha/Documents/RobotikProject/install/robotik_gazebo/share/ament_index
[1.891s] creating /home/maksmykha/Documents/RobotikProject/install/robotik_gazebo/share/ament_index/resource_index
[1.891s] creating /home/maksmykha/Documents/RobotikProject/install/robotik_gazebo/share/ament_index/resource_index/packages
[1.891s] symbolically linking /home/maksmykha/Documents/RobotikProject/build/robotik_gazebo/resource/robotik_gazebo -> /home/maksmykha/Documents/RobotikProject/install/robotik_gazebo/share/ament_index/resource_index/packages
[1.891s] symbolically linking /home/maksmykha/Documents/RobotikProject/build/robotik_gazebo/package.xml -> /home/maksmykha/Documents/RobotikProject/install/robotik_gazebo/share/robotik_gazebo
[1.953s] Invoked command in '/home/maksmykha/Documents/RobotikProject/build/robotik_gazebo' returned '0': DEBUGINFOD_URLS=https://debuginfod.ubuntu.com PYTHONPATH=/home/maksmykha/Documents/RobotikProject/build/robotik_gazebo/prefix_override:/usr/lib/python3/dist-packages/colcon_core/task/python/colcon_distutils_commands:/home/maksmykha/Documents/RobotikProject/install/robotik_gazebo/lib/python3.12/site-packages:${PYTHONPATH} /usr/bin/python3 -W ignore:setup.py install is deprecated -W ignore:easy_install command is deprecated setup.py develop --editable --build-directory /home/maksmykha/Documents/RobotikProject/build/robotik_gazebo/build --no-deps symlink_data
