[0.068s] Invoking command in '/home/maksmykha/Documents/RobotikProject/build/robot_description': CMAKE_PREFIX_PATH=${CMAKE_PREFIX_PATH}:/home/maksmykha/Documents/RobotikProject/install/yolo_ros:/opt/ros/jazzy DEBUGINFOD_URLS=https://debuginfod.ubuntu.com /usr/bin/cmake --build /home/maksmykha/Documents/RobotikProject/build/robot_description -- -j8 -l8
[0.797s] Invoked command in '/home/maksmykha/Documents/RobotikProject/build/robot_description' returned '0': CMAKE_PREFIX_PATH=${CMAKE_PREFIX_PATH}:/home/maksmykha/Documents/RobotikProject/install/yolo_ros:/opt/ros/jazzy DEBUGINFOD_URLS=https://debuginfod.ubuntu.com /usr/bin/cmake --build /home/maksmykha/Documents/RobotikProject/build/robot_description -- -j8 -l8
[0.811s] Invoking command in '/home/maksmykha/Documents/RobotikProject/build/robot_description': CMAKE_PREFIX_PATH=${CMAKE_PREFIX_PATH}:/home/maksmykha/Documents/RobotikProject/install/yolo_ros:/opt/ros/jazzy DEBUGINFOD_URLS=https://debuginfod.ubuntu.com /usr/bin/cmake --install /home/maksmykha/Documents/RobotikProject/build/robot_description
[0.829s] -- Install configuration: ""
[0.830s] -- Execute custom install script
[0.830s] -- Up-to-date symlink: /home/maksmykha/Documents/RobotikProject/install/robot_description/share/ament_index/resource_index/package_run_dependencies/robot_description
[0.830s] -- Up-to-date symlink: /home/maksmykha/Documents/RobotikProject/install/robot_description/share/ament_index/resource_index/parent_prefix_path/robot_description
[0.830s] -- Up-to-date symlink: /home/maksmykha/Documents/RobotikProject/install/robot_description/share/robot_description/environment/ament_prefix_path.sh
[0.830s] -- Up-to-date symlink: /home/maksmykha/Documents/RobotikProject/install/robot_description/share/robot_description/environment/ament_prefix_path.dsv
[0.830s] -- Up-to-date symlink: /home/maksmykha/Documents/RobotikProject/install/robot_description/share/robot_description/environment/path.sh
[0.830s] -- Up-to-date symlink: /home/maksmykha/Documents/RobotikProject/install/robot_description/share/robot_description/environment/path.dsv
[0.830s] -- Up-to-date symlink: /home/maksmykha/Documents/RobotikProject/install/robot_description/share/robot_description/local_setup.bash
[0.831s] -- Up-to-date symlink: /home/maksmykha/Documents/RobotikProject/install/robot_description/share/robot_description/local_setup.sh
[0.834s] -- Up-to-date symlink: /home/maksmykha/Documents/RobotikProject/install/robot_description/share/robot_description/local_setup.zsh
[0.834s] -- Up-to-date symlink: /home/maksmykha/Documents/RobotikProject/install/robot_description/share/robot_description/local_setup.dsv
[0.834s] -- Symlinking: /home/maksmykha/Documents/RobotikProject/install/robot_description/share/robot_description/package.dsv
[0.850s] -- Up-to-date symlink: /home/maksmykha/Documents/RobotikProject/install/robot_description/share/ament_index/resource_index/packages/robot_description
[0.850s] -- Up-to-date symlink: /home/maksmykha/Documents/RobotikProject/install/robot_description/share/robot_description/cmake/robot_descriptionConfig.cmake
[0.851s] -- Up-to-date symlink: /home/maksmykha/Documents/RobotikProject/install/robot_description/share/robot_description/cmake/robot_descriptionConfig-version.cmake
[0.851s] -- Up-to-date symlink: /home/maksmykha/Documents/RobotikProject/install/robot_description/share/robot_description/package.xml
[0.879s] Invoked command in '/home/maksmykha/Documents/RobotikProject/build/robot_description' returned '0': CMAKE_PREFIX_PATH=${CMAKE_PREFIX_PATH}:/home/maksmykha/Documents/RobotikProject/install/yolo_ros:/opt/ros/jazzy DEBUGINFOD_URLS=https://debuginfod.ubuntu.com /usr/bin/cmake --install /home/maksmykha/Documents/RobotikProject/build/robot_description
