[1.262s] Invoking command in '/home/maksmykha/Documents/RobotikProject/build/robotik_vision': DEBUGINFOD_URLS=https://debuginfod.ubuntu.com PYTHONPATH=/home/maksmykha/Documents/RobotikProject/build/robotik_vision/prefix_override:/usr/lib/python3/dist-packages/colcon_core/task/python/colcon_distutils_commands:/home/maksmykha/Documents/RobotikProject/install/robotik_vision/lib/python3.12/site-packages:${PYTHONPATH} /usr/bin/python3 -W ignore:setup.py install is deprecated -W ignore:easy_install command is deprecated setup.py develop --uninstall --editable --build-directory /home/maksmykha/Documents/RobotikProject/build/robotik_vision/build
[1.535s] running develop
[1.729s] Removing /home/maksmykha/Documents/RobotikProject/install/robotik_vision/lib/python3.12/site-packages/robotik-vision.egg-link (link to .)
[1.772s] Invoked command in '/home/maksmykha/Documents/RobotikProject/build/robotik_vision' returned '0': DEBUGINFOD_URLS=https://debuginfod.ubuntu.com PYTHONPATH=/home/maksmykha/Documents/RobotikProject/build/robotik_vision/prefix_override:/usr/lib/python3/dist-packages/colcon_core/task/python/colcon_distutils_commands:/home/maksmykha/Documents/RobotikProject/install/robotik_vision/lib/python3.12/site-packages:${PYTHONPATH} /usr/bin/python3 -W ignore:setup.py install is deprecated -W ignore:easy_install command is deprecated setup.py develop --uninstall --editable --build-directory /home/maksmykha/Documents/RobotikProject/build/robotik_vision/build
[1.773s] Invoking command in '/home/maksmykha/Documents/RobotikProject/src/robotik_vision': DEBUGINFOD_URLS=https://debuginfod.ubuntu.com PYTHONPATH=/home/maksmykha/Documents/RobotikProject/build/robotik_vision/prefix_override:/usr/lib/python3/dist-packages/colcon_core/task/python/colcon_distutils_commands:/home/maksmykha/Documents/RobotikProject/install/robotik_vision/lib/python3.12/site-packages:${PYTHONPATH} /usr/bin/python3 -W ignore:setup.py install is deprecated -W ignore:easy_install command is deprecated setup.py egg_info --egg-base ../../build/robotik_vision build --build-base /home/maksmykha/Documents/RobotikProject/build/robotik_vision/build install --record /home/maksmykha/Documents/RobotikProject/build/robotik_vision/install.log --single-version-externally-managed install_data --force
[1.983s] running egg_info
[1.999s] writing ../../build/robotik_vision/robotik_vision.egg-info/PKG-INFO
[1.999s] writing dependency_links to ../../build/robotik_vision/robotik_vision.egg-info/dependency_links.txt
[1.999s] writing requirements to ../../build/robotik_vision/robotik_vision.egg-info/requires.txt
[2.000s] writing top-level names to ../../build/robotik_vision/robotik_vision.egg-info/top_level.txt
[2.034s] reading manifest file '../../build/robotik_vision/robotik_vision.egg-info/SOURCES.txt'
[2.035s] writing manifest file '../../build/robotik_vision/robotik_vision.egg-info/SOURCES.txt'
[2.035s] running build
[2.035s] running build_py
[2.035s] creating /home/maksmykha/Documents/RobotikProject/build/robotik_vision/build
[2.035s] creating /home/maksmykha/Documents/RobotikProject/build/robotik_vision/build/lib
[2.035s] creating /home/maksmykha/Documents/RobotikProject/build/robotik_vision/build/lib/robotik_vision
[2.035s] copying robotik_vision/__init__.py -> /home/maksmykha/Documents/RobotikProject/build/robotik_vision/build/lib/robotik_vision
[2.035s] running install
[2.041s] running install_lib
[2.053s] creating /home/maksmykha/Documents/RobotikProject/install/robotik_vision/lib/python3.12/site-packages/robotik_vision
[2.053s] copying /home/maksmykha/Documents/RobotikProject/build/robotik_vision/build/lib/robotik_vision/__init__.py -> /home/maksmykha/Documents/RobotikProject/install/robotik_vision/lib/python3.12/site-packages/robotik_vision
[2.054s] byte-compiling /home/maksmykha/Documents/RobotikProject/install/robotik_vision/lib/python3.12/site-packages/robotik_vision/__init__.py to __init__.cpython-312.pyc
[2.054s] running install_data
[2.054s] copying resource/robotik_vision -> /home/maksmykha/Documents/RobotikProject/install/robotik_vision/share/ament_index/resource_index/packages
[2.054s] copying package.xml -> /home/maksmykha/Documents/RobotikProject/install/robotik_vision/share/robotik_vision
[2.054s] running install_egg_info
[2.070s] Copying ../../build/robotik_vision/robotik_vision.egg-info to /home/maksmykha/Documents/RobotikProject/install/robotik_vision/lib/python3.12/site-packages/robotik_vision-0.0.0-py3.12.egg-info
[2.070s] running install_scripts
[2.195s] writing list of installed files to '/home/maksmykha/Documents/RobotikProject/build/robotik_vision/install.log'
[2.239s] Invoked command in '/home/maksmykha/Documents/RobotikProject/src/robotik_vision' returned '0': DEBUGINFOD_URLS=https://debuginfod.ubuntu.com PYTHONPATH=/home/maksmykha/Documents/RobotikProject/build/robotik_vision/prefix_override:/usr/lib/python3/dist-packages/colcon_core/task/python/colcon_distutils_commands:/home/maksmykha/Documents/RobotikProject/install/robotik_vision/lib/python3.12/site-packages:${PYTHONPATH} /usr/bin/python3 -W ignore:setup.py install is deprecated -W ignore:easy_install command is deprecated setup.py egg_info --egg-base ../../build/robotik_vision build --build-base /home/maksmykha/Documents/RobotikProject/build/robotik_vision/build install --record /home/maksmykha/Documents/RobotikProject/build/robotik_vision/install.log --single-version-externally-managed install_data --force
