[1.497s] Invoking command in '/home/maksmykha/Documents/RobotikProject/build/robotik_gazebo': DEBUGINFOD_URLS=https://debuginfod.ubuntu.com PYTHONPATH=/home/maksmykha/Documents/RobotikProject/build/robotik_gazebo/prefix_override:/usr/lib/python3/dist-packages/colcon_core/task/python/colcon_distutils_commands:/home/maksmykha/Documents/RobotikProject/install/robotik_gazebo/lib/python3.12/site-packages:${PYTHONPATH} /usr/bin/python3 -W ignore:setup.py install is deprecated -W ignore:easy_install command is deprecated setup.py develop --uninstall --editable --build-directory /home/maksmykha/Documents/RobotikProject/build/robotik_gazebo/build
[1.703s] running develop
[1.847s] Removing /home/maksmykha/Documents/RobotikProject/install/robotik_gazebo/lib/python3.12/site-packages/robotik-gazebo.egg-link (link to .)
[1.888s] Invoked command in '/home/maksmykha/Documents/RobotikProject/build/robotik_gazebo' returned '0': DEBUGINFOD_URLS=https://debuginfod.ubuntu.com PYTHONPATH=/home/maksmykha/Documents/RobotikProject/build/robotik_gazebo/prefix_override:/usr/lib/python3/dist-packages/colcon_core/task/python/colcon_distutils_commands:/home/maksmykha/Documents/RobotikProject/install/robotik_gazebo/lib/python3.12/site-packages:${PYTHONPATH} /usr/bin/python3 -W ignore:setup.py install is deprecated -W ignore:easy_install command is deprecated setup.py develop --uninstall --editable --build-directory /home/maksmykha/Documents/RobotikProject/build/robotik_gazebo/build
[1.890s] Invoking command in '/home/maksmykha/Documents/RobotikProject/src/robotik_gazebo': DEBUGINFOD_URLS=https://debuginfod.ubuntu.com PYTHONPATH=/home/maksmykha/Documents/RobotikProject/build/robotik_gazebo/prefix_override:/usr/lib/python3/dist-packages/colcon_core/task/python/colcon_distutils_commands:/home/maksmykha/Documents/RobotikProject/install/robotik_gazebo/lib/python3.12/site-packages:${PYTHONPATH} /usr/bin/python3 -W ignore:setup.py install is deprecated -W ignore:easy_install command is deprecated setup.py egg_info --egg-base ../../build/robotik_gazebo build --build-base /home/maksmykha/Documents/RobotikProject/build/robotik_gazebo/build install --record /home/maksmykha/Documents/RobotikProject/build/robotik_gazebo/install.log --single-version-externally-managed install_data --force
[2.135s] running egg_info
[2.148s] writing ../../build/robotik_gazebo/robotik_gazebo.egg-info/PKG-INFO
[2.148s] writing dependency_links to ../../build/robotik_gazebo/robotik_gazebo.egg-info/dependency_links.txt
[2.148s] writing requirements to ../../build/robotik_gazebo/robotik_gazebo.egg-info/requires.txt
[2.148s] writing top-level names to ../../build/robotik_gazebo/robotik_gazebo.egg-info/top_level.txt
[2.178s] reading manifest file '../../build/robotik_gazebo/robotik_gazebo.egg-info/SOURCES.txt'
[2.182s] writing manifest file '../../build/robotik_gazebo/robotik_gazebo.egg-info/SOURCES.txt'
[2.182s] running build
[2.182s] running build_py
[2.183s] running install
[2.188s] running install_lib
[2.202s] creating /home/maksmykha/Documents/RobotikProject/install/robotik_gazebo/lib/python3.12/site-packages/robotik_gazebo
[2.202s] copying /home/maksmykha/Documents/RobotikProject/build/robotik_gazebo/build/lib/robotik_gazebo/__init__.py -> /home/maksmykha/Documents/RobotikProject/install/robotik_gazebo/lib/python3.12/site-packages/robotik_gazebo
[2.203s] byte-compiling /home/maksmykha/Documents/RobotikProject/install/robotik_gazebo/lib/python3.12/site-packages/robotik_gazebo/__init__.py to __init__.cpython-312.pyc
[2.203s] running install_data
[2.203s] copying resource/robotik_gazebo -> /home/maksmykha/Documents/RobotikProject/install/robotik_gazebo/share/ament_index/resource_index/packages
[2.203s] copying package.xml -> /home/maksmykha/Documents/RobotikProject/install/robotik_gazebo/share/robotik_gazebo
[2.204s] copying launch/gazebo_world.launch.py -> /home/maksmykha/Documents/RobotikProject/install/robotik_gazebo/share/robotik_gazebo/launch
[2.207s] copying works/pick_place_world.sdf -> /home/maksmykha/Documents/RobotikProject/install/robotik_gazebo/share/robotik_gazebo/works
[2.209s] running install_egg_info
[2.222s] Copying ../../build/robotik_gazebo/robotik_gazebo.egg-info to /home/maksmykha/Documents/RobotikProject/install/robotik_gazebo/lib/python3.12/site-packages/robotik_gazebo-0.0.0-py3.12.egg-info
[2.223s] running install_scripts
[2.312s] writing list of installed files to '/home/maksmykha/Documents/RobotikProject/build/robotik_gazebo/install.log'
[2.359s] Invoked command in '/home/maksmykha/Documents/RobotikProject/src/robotik_gazebo' returned '0': DEBUGINFOD_URLS=https://debuginfod.ubuntu.com PYTHONPATH=/home/maksmykha/Documents/RobotikProject/build/robotik_gazebo/prefix_override:/usr/lib/python3/dist-packages/colcon_core/task/python/colcon_distutils_commands:/home/maksmykha/Documents/RobotikProject/install/robotik_gazebo/lib/python3.12/site-packages:${PYTHONPATH} /usr/bin/python3 -W ignore:setup.py install is deprecated -W ignore:easy_install command is deprecated setup.py egg_info --egg-base ../../build/robotik_gazebo build --build-base /home/maksmykha/Documents/RobotikProject/build/robotik_gazebo/build install --record /home/maksmykha/Documents/RobotikProject/build/robotik_gazebo/install.log --single-version-externally-managed install_data --force
