[1.361s] Invoking command in '/home/maksmykha/Documents/RobotikProject/build/robotik_bringup': DEBUGINFOD_URLS=https://debuginfod.ubuntu.com PYTHONPATH=/home/maksmykha/Documents/RobotikProject/build/robotik_bringup/prefix_override:/usr/lib/python3/dist-packages/colcon_core/task/python/colcon_distutils_commands:/home/maksmykha/Documents/RobotikProject/install/robotik_bringup/lib/python3.12/site-packages:${PYTHONPATH} /usr/bin/python3 -W ignore:setup.py install is deprecated -W ignore:easy_install command is deprecated setup.py develop --editable --build-directory /home/maksmykha/Documents/RobotikProject/build/robotik_bringup/build --no-deps symlink_data
[1.676s] running develop
[1.824s] running egg_info
[1.824s] creating robotik_bringup.egg-info
[1.842s] writing robotik_bringup.egg-info/PKG-INFO
[1.842s] writing dependency_links to robotik_bringup.egg-info/dependency_links.txt
[1.842s] writing requirements to robotik_bringup.egg-info/requires.txt
[1.842s] writing top-level names to robotik_bringup.egg-info/top_level.txt
[1.842s] writing manifest file 'robotik_bringup.egg-info/SOURCES.txt'
[1.867s] reading manifest file 'robotik_bringup.egg-info/SOURCES.txt'
[1.867s] writing manifest file 'robotik_bringup.egg-info/SOURCES.txt'
[1.880s] running build_ext
[1.880s] Creating /home/maksmykha/Documents/RobotikProject/install/robotik_bringup/lib/python3.12/site-packages/robotik-bringup.egg-link (link to .)
[1.881s] 
[1.881s] Installed /home/maksmykha/Documents/RobotikProject/build/robotik_bringup
[1.881s] running symlink_data
[1.881s] creating /home/maksmykha/Documents/RobotikProject/install/robotik_bringup/share/ament_index
[1.881s] creating /home/maksmykha/Documents/RobotikProject/install/robotik_bringup/share/ament_index/resource_index
[1.881s] creating /home/maksmykha/Documents/RobotikProject/install/robotik_bringup/share/ament_index/resource_index/packages
[1.881s] symbolically linking /home/maksmykha/Documents/RobotikProject/build/robotik_bringup/resource/robotik_bringup -> /home/maksmykha/Documents/RobotikProject/install/robotik_bringup/share/ament_index/resource_index/packages
[1.882s] symbolically linking /home/maksmykha/Documents/RobotikProject/build/robotik_bringup/package.xml -> /home/maksmykha/Documents/RobotikProject/install/robotik_bringup/share/robotik_bringup
[1.919s] Invoked command in '/home/maksmykha/Documents/RobotikProject/build/robotik_bringup' returned '0': DEBUGINFOD_URLS=https://debuginfod.ubuntu.com PYTHONPATH=/home/maksmykha/Documents/RobotikProject/build/robotik_bringup/prefix_override:/usr/lib/python3/dist-packages/colcon_core/task/python/colcon_distutils_commands:/home/maksmykha/Documents/RobotikProject/install/robotik_bringup/lib/python3.12/site-packages:${PYTHONPATH} /usr/bin/python3 -W ignore:setup.py install is deprecated -W ignore:easy_install command is deprecated setup.py develop --editable --build-directory /home/maksmykha/Documents/RobotikProject/build/robotik_bringup/build --no-deps symlink_data
