[1.481s] Invoking command in '/home/maksmykha/Documents/RobotikProject/build/robotik_sorting': DEBUGINFOD_URLS=https://debuginfod.ubuntu.com PYTHONPATH=/home/maksmykha/Documents/RobotikProject/build/robotik_sorting/prefix_override:/usr/lib/python3/dist-packages/colcon_core/task/python/colcon_distutils_commands:/home/maksmykha/Documents/RobotikProject/install/robotik_sorting/lib/python3.12/site-packages:${PYTHONPATH} /usr/bin/python3 -W ignore:setup.py install is deprecated -W ignore:easy_install command is deprecated setup.py develop --uninstall --editable --build-directory /home/maksmykha/Documents/RobotikProject/build/robotik_sorting/build
[1.704s] running develop
[1.868s] Removing /home/maksmykha/Documents/RobotikProject/install/robotik_sorting/lib/python3.12/site-packages/robotik-sorting.egg-link (link to .)
[1.911s] Invoked command in '/home/maksmykha/Documents/RobotikProject/build/robotik_sorting' returned '0': DEBUGINFOD_URLS=https://debuginfod.ubuntu.com PYTHONPATH=/home/maksmykha/Documents/RobotikProject/build/robotik_sorting/prefix_override:/usr/lib/python3/dist-packages/colcon_core/task/python/colcon_distutils_commands:/home/maksmykha/Documents/RobotikProject/install/robotik_sorting/lib/python3.12/site-packages:${PYTHONPATH} /usr/bin/python3 -W ignore:setup.py install is deprecated -W ignore:easy_install command is deprecated setup.py develop --uninstall --editable --build-directory /home/maksmykha/Documents/RobotikProject/build/robotik_sorting/build
[1.914s] Invoking command in '/home/maksmykha/Documents/RobotikProject/src/robotik_sorting': DEBUGINFOD_URLS=https://debuginfod.ubuntu.com PYTHONPATH=/home/maksmykha/Documents/RobotikProject/build/robotik_sorting/prefix_override:/usr/lib/python3/dist-packages/colcon_core/task/python/colcon_distutils_commands:/home/maksmykha/Documents/RobotikProject/install/robotik_sorting/lib/python3.12/site-packages:${PYTHONPATH} /usr/bin/python3 -W ignore:setup.py install is deprecated -W ignore:easy_install command is deprecated setup.py egg_info --egg-base ../../build/robotik_sorting build --build-base /home/maksmykha/Documents/RobotikProject/build/robotik_sorting/build install --record /home/maksmykha/Documents/RobotikProject/build/robotik_sorting/install.log --single-version-externally-managed install_data --force
[2.162s] running egg_info
[2.181s] writing ../../build/robotik_sorting/robotik_sorting.egg-info/PKG-INFO
[2.181s] writing dependency_links to ../../build/robotik_sorting/robotik_sorting.egg-info/dependency_links.txt
[2.181s] writing requirements to ../../build/robotik_sorting/robotik_sorting.egg-info/requires.txt
[2.181s] writing top-level names to ../../build/robotik_sorting/robotik_sorting.egg-info/top_level.txt
[2.209s] reading manifest file '../../build/robotik_sorting/robotik_sorting.egg-info/SOURCES.txt'
[2.211s] writing manifest file '../../build/robotik_sorting/robotik_sorting.egg-info/SOURCES.txt'
[2.211s] running build
[2.211s] running build_py
[2.211s] running install
[2.216s] running install_lib
[2.228s] creating /home/maksmykha/Documents/RobotikProject/install/robotik_sorting/lib/python3.12/site-packages/robotik_sorting
[2.228s] copying /home/maksmykha/Documents/RobotikProject/build/robotik_sorting/build/lib/robotik_sorting/__init__.py -> /home/maksmykha/Documents/RobotikProject/install/robotik_sorting/lib/python3.12/site-packages/robotik_sorting
[2.229s] byte-compiling /home/maksmykha/Documents/RobotikProject/install/robotik_sorting/lib/python3.12/site-packages/robotik_sorting/__init__.py to __init__.cpython-312.pyc
[2.229s] running install_data
[2.229s] copying resource/robotik_sorting -> /home/maksmykha/Documents/RobotikProject/install/robotik_sorting/share/ament_index/resource_index/packages
[2.229s] copying package.xml -> /home/maksmykha/Documents/RobotikProject/install/robotik_sorting/share/robotik_sorting
[2.230s] running install_egg_info
[2.243s] Copying ../../build/robotik_sorting/robotik_sorting.egg-info to /home/maksmykha/Documents/RobotikProject/install/robotik_sorting/lib/python3.12/site-packages/robotik_sorting-0.0.0-py3.12.egg-info
[2.244s] running install_scripts
[2.335s] writing list of installed files to '/home/maksmykha/Documents/RobotikProject/build/robotik_sorting/install.log'
[2.383s] Invoked command in '/home/maksmykha/Documents/RobotikProject/src/robotik_sorting' returned '0': DEBUGINFOD_URLS=https://debuginfod.ubuntu.com PYTHONPATH=/home/maksmykha/Documents/RobotikProject/build/robotik_sorting/prefix_override:/usr/lib/python3/dist-packages/colcon_core/task/python/colcon_distutils_commands:/home/maksmykha/Documents/RobotikProject/install/robotik_sorting/lib/python3.12/site-packages:${PYTHONPATH} /usr/bin/python3 -W ignore:setup.py install is deprecated -W ignore:easy_install command is deprecated setup.py egg_info --egg-base ../../build/robotik_sorting build --build-base /home/maksmykha/Documents/RobotikProject/build/robotik_sorting/build install --record /home/maksmykha/Documents/RobotikProject/build/robotik_sorting/install.log --single-version-externally-managed install_data --force
