[0.080s] Invoking command in '/home/maksmykha/Documents/RobotikProject/build/yolo_msgs': CMAKE_PREFIX_PATH=${CMAKE_PREFIX_PATH}:/home/maksmykha/Documents/RobotikProject/install/yolo_ros:/home/maksmykha/Documents/RobotikProject/install/robotik_vision:/home/maksmykha/Documents/RobotikProject/install/robotik_sorting:/home/maksmykha/Documents/RobotikProject/install/robotik_gazebo:/home/maksmykha/Documents/RobotikProject/install/robotik_control:/home/maksmykha/Documents/RobotikProject/install/robotik_bringup:/opt/ros/jazzy DEBUGINFOD_URLS=https://debuginfod.ubuntu.com /usr/bin/cmake /home/maksmykha/Documents/RobotikProject/src/yolo_ros/yolo_msgs -DAMENT_CMAKE_SYMLINK_INSTALL=1 -DCMAKE_INSTALL_PREFIX=/home/maksmykha/Documents/RobotikProject/install/yolo_msgs
[0.673s] -- Found ament_cmake: 2.5.6 (/opt/ros/jazzy/share/ament_cmake/cmake)
[0.673s] -- Override CMake install command with custom implementation using symlinks instead of copying resources
[0.673s] -- Found rosidl_default_generators: 1.6.0 (/opt/ros/jazzy/share/rosidl_default_generators/cmake)
[0.673s] -- Using all available rosidl_typesupport_c: rosidl_typesupport_fastrtps_c;rosidl_typesupport_introspection_c
[0.674s] -- Using all available rosidl_typesupport_cpp: rosidl_typesupport_fastrtps_cpp;rosidl_typesupport_introspection_cpp
[0.674s] -- Found rosidl_adapter: 4.6.7 (/opt/ros/jazzy/share/rosidl_adapter/cmake)
[0.674s] -- Found std_msgs: 5.3.7 (/opt/ros/jazzy/share/std_msgs/cmake)
[0.674s] -- Found geometry_msgs: 5.3.7 (/opt/ros/jazzy/share/geometry_msgs/cmake)
[0.743s] -- Found ament_cmake_ros: 0.12.0 (/opt/ros/jazzy/share/ament_cmake_ros/cmake)
[0.940s] -- Using all available rosidl_typesupport_c: rosidl_typesupport_fastrtps_c;rosidl_typesupport_introspection_c
[1.192s] -- Using all available rosidl_typesupport_cpp: rosidl_typesupport_fastrtps_cpp;rosidl_typesupport_introspection_cpp
[1.194s] -- Found python_cmake_module: 0.11.1 (/opt/ros/jazzy/share/python_cmake_module/cmake)
[1.445s] -- Found Python3: /usr/bin/python3 (found version "3.12.3") found components: Interpreter Development NumPy Development.Module Development.Embed 
[1.567s] -- Found Python3: /usr/bin/python3 (found version "3.12.3") found components: Interpreter 
[1.596s] -- Configuring done (1.5s)
[2.025s] -- Generating done (0.4s)
[2.044s] -- Build files have been written to: /home/maksmykha/Documents/RobotikProject/build/yolo_msgs
[2.059s] Invoked command in '/home/maksmykha/Documents/RobotikProject/build/yolo_msgs' returned '0': CMAKE_PREFIX_PATH=${CMAKE_PREFIX_PATH}:/home/maksmykha/Documents/RobotikProject/install/yolo_ros:/home/maksmykha/Documents/RobotikProject/install/robotik_vision:/home/maksmykha/Documents/RobotikProject/install/robotik_sorting:/home/maksmykha/Documents/RobotikProject/install/robotik_gazebo:/home/maksmykha/Documents/RobotikProject/install/robotik_control:/home/maksmykha/Documents/RobotikProject/install/robotik_bringup:/opt/ros/jazzy DEBUGINFOD_URLS=https://debuginfod.ubuntu.com /usr/bin/cmake /home/maksmykha/Documents/RobotikProject/src/yolo_ros/yolo_msgs -DAMENT_CMAKE_SYMLINK_INSTALL=1 -DCMAKE_INSTALL_PREFIX=/home/maksmykha/Documents/RobotikProject/install/yolo_msgs
[2.060s] Invoking command in '/home/maksmykha/Documents/RobotikProject/build/yolo_msgs': CMAKE_PREFIX_PATH=${CMAKE_PREFIX_PATH}:/home/maksmykha/Documents/RobotikProject/install/yolo_ros:/home/maksmykha/Documents/RobotikProject/install/robotik_vision:/home/maksmykha/Documents/RobotikProject/install/robotik_sorting:/home/maksmykha/Documents/RobotikProject/install/robotik_gazebo:/home/maksmykha/Documents/RobotikProject/install/robotik_control:/home/maksmykha/Documents/RobotikProject/install/robotik_bringup:/opt/ros/jazzy DEBUGINFOD_URLS=https://debuginfod.ubuntu.com /usr/bin/cmake --build /home/maksmykha/Documents/RobotikProject/build/yolo_msgs -- -j8 -l8
[2.173s] [  1%] Built target yolo_msgs__rs
[2.181s] [  2%] Built target yolo_msgs__rosidl_generator_type_description
[2.208s] [  2%] Built target ament_cmake_python_symlink_yolo_msgs
[2.249s] [  2%] Built target yolo_msgs__cpp
[2.377s] [ 28%] Built target yolo_msgs__rosidl_generator_c
[2.461s] [ 38%] Built target yolo_msgs__rosidl_typesupport_c
[2.499s] [ 47%] Built target yolo_msgs__rosidl_typesupport_cpp
[2.499s] running egg_info
[2.499s] [ 56%] Built target yolo_msgs__rosidl_typesupport_introspection_c
[2.503s] [ 66%] Built target yolo_msgs__rosidl_typesupport_fastrtps_c
[2.511s] [ 76%] Built target yolo_msgs__rosidl_typesupport_fastrtps_cpp
[2.512s] [ 86%] Built target yolo_msgs__rosidl_typesupport_introspection_cpp
[2.516s] writing yolo_msgs.egg-info/PKG-INFO
[2.516s] writing dependency_links to yolo_msgs.egg-info/dependency_links.txt
[2.516s] writing top-level names to yolo_msgs.egg-info/top_level.txt
[2.528s] [ 86%] Built target yolo_msgs
[2.549s] [ 87%] Built target yolo_msgs__py
[2.550s] reading manifest file 'yolo_msgs.egg-info/SOURCES.txt'
[2.552s] writing manifest file 'yolo_msgs.egg-info/SOURCES.txt'
[2.573s] [ 87%] Built target ament_cmake_python_build_yolo_msgs_egg
[2.583s] [ 96%] Built target yolo_msgs__rosidl_generator_py
[2.603s] [100%] Built target yolo_msgs_s__rosidl_typesupport_introspection_c
[2.603s] [100%] Built target yolo_msgs_s__rosidl_typesupport_c
[2.603s] [100%] Built target yolo_msgs_s__rosidl_typesupport_fastrtps_c
[2.611s] Invoked command in '/home/maksmykha/Documents/RobotikProject/build/yolo_msgs' returned '0': CMAKE_PREFIX_PATH=${CMAKE_PREFIX_PATH}:/home/maksmykha/Documents/RobotikProject/install/yolo_ros:/home/maksmykha/Documents/RobotikProject/install/robotik_vision:/home/maksmykha/Documents/RobotikProject/install/robotik_sorting:/home/maksmykha/Documents/RobotikProject/install/robotik_gazebo:/home/maksmykha/Documents/RobotikProject/install/robotik_control:/home/maksmykha/Documents/RobotikProject/install/robotik_bringup:/opt/ros/jazzy DEBUGINFOD_URLS=https://debuginfod.ubuntu.com /usr/bin/cmake --build /home/maksmykha/Documents/RobotikProject/build/yolo_msgs -- -j8 -l8
[2.611s] Invoking command in '/home/maksmykha/Documents/RobotikProject/build/yolo_msgs': CMAKE_PREFIX_PATH=${CMAKE_PREFIX_PATH}:/home/maksmykha/Documents/RobotikProject/install/yolo_ros:/home/maksmykha/Documents/RobotikProject/install/robotik_vision:/home/maksmykha/Documents/RobotikProject/install/robotik_sorting:/home/maksmykha/Documents/RobotikProject/install/robotik_gazebo:/home/maksmykha/Documents/RobotikProject/install/robotik_control:/home/maksmykha/Documents/RobotikProject/install/robotik_bringup:/opt/ros/jazzy DEBUGINFOD_URLS=https://debuginfod.ubuntu.com /usr/bin/cmake --install /home/maksmykha/Documents/RobotikProject/build/yolo_msgs
[2.616s] -- Install configuration: ""
[2.617s] -- Execute custom install script
[2.618s] -- Up-to-date symlink: /home/maksmykha/Documents/RobotikProject/install/yolo_msgs/share/ament_index/resource_index/rosidl_interfaces/yolo_msgs
[2.619s] -- Up-to-date symlink: /home/maksmykha/Documents/RobotikProject/install/yolo_msgs/share/yolo_msgs/msg/Point2D.json
[2.619s] -- Up-to-date symlink: /home/maksmykha/Documents/RobotikProject/install/yolo_msgs/share/yolo_msgs/msg/Vector2.json
[2.620s] -- Up-to-date symlink: /home/maksmykha/Documents/RobotikProject/install/yolo_msgs/share/yolo_msgs/msg/Pose2D.json
[2.620s] -- Up-to-date symlink: /home/maksmykha/Documents/RobotikProject/install/yolo_msgs/share/yolo_msgs/msg/BoundingBox2D.json
[2.620s] -- Up-to-date symlink: /home/maksmykha/Documents/RobotikProject/install/yolo_msgs/share/yolo_msgs/msg/BoundingBox3D.json
[2.620s] -- Up-to-date symlink: /home/maksmykha/Documents/RobotikProject/install/yolo_msgs/share/yolo_msgs/msg/Mask.json
[2.621s] -- Up-to-date symlink: /home/maksmykha/Documents/RobotikProject/install/yolo_msgs/share/yolo_msgs/msg/KeyPoint2D.json
[2.621s] -- Up-to-date symlink: /home/maksmykha/Documents/RobotikProject/install/yolo_msgs/share/yolo_msgs/msg/KeyPoint2DArray.json
[2.621s] -- Up-to-date symlink: /home/maksmykha/Documents/RobotikProject/install/yolo_msgs/share/yolo_msgs/msg/KeyPoint3D.json
[2.622s] -- Up-to-date symlink: /home/maksmykha/Documents/RobotikProject/install/yolo_msgs/share/yolo_msgs/msg/KeyPoint3DArray.json
[2.622s] -- Up-to-date symlink: /home/maksmykha/Documents/RobotikProject/install/yolo_msgs/share/yolo_msgs/msg/Detection.json
[2.622s] -- Up-to-date symlink: /home/maksmykha/Documents/RobotikProject/install/yolo_msgs/share/yolo_msgs/msg/DetectionArray.json
[2.623s] -- Up-to-date symlink: /home/maksmykha/Documents/RobotikProject/install/yolo_msgs/share/yolo_msgs/srv/SetClasses.json
[2.623s] -- Up-to-date symlink: /home/maksmykha/Documents/RobotikProject/install/yolo_msgs/include/yolo_msgs/yolo_msgs/msg/bounding_box2_d.h
[2.624s] -- Up-to-date symlink: /home/maksmykha/Documents/RobotikProject/install/yolo_msgs/include/yolo_msgs/yolo_msgs/msg/bounding_box3_d.h
[2.624s] -- Up-to-date symlink: /home/maksmykha/Documents/RobotikProject/install/yolo_msgs/include/yolo_msgs/yolo_msgs/msg/detail/bounding_box2_d__functions.h
[2.624s] -- Up-to-date symlink: /home/maksmykha/Documents/RobotikProject/install/yolo_msgs/include/yolo_msgs/yolo_msgs/msg/detail/bounding_box2_d__struct.h
[2.624s] -- Up-to-date symlink: /home/maksmykha/Documents/RobotikProject/install/yolo_msgs/include/yolo_msgs/yolo_msgs/msg/detail/bounding_box2_d__type_support.h
[2.625s] -- Up-to-date symlink: /home/maksmykha/Documents/RobotikProject/install/yolo_msgs/include/yolo_msgs/yolo_msgs/msg/detail/bounding_box3_d__functions.h
[2.625s] -- Up-to-date symlink: /home/maksmykha/Documents/RobotikProject/install/yolo_msgs/include/yolo_msgs/yolo_msgs/msg/detail/bounding_box3_d__struct.h
[2.625s] -- Up-to-date symlink: /home/maksmykha/Documents/RobotikProject/install/yolo_msgs/include/yolo_msgs/yolo_msgs/msg/detail/bounding_box3_d__type_support.h
[2.626s] -- Up-to-date symlink: /home/maksmykha/Documents/RobotikProject/install/yolo_msgs/include/yolo_msgs/yolo_msgs/msg/detail/detection__functions.h
[2.626s] -- Up-to-date symlink: /home/maksmykha/Documents/RobotikProject/install/yolo_msgs/include/yolo_msgs/yolo_msgs/msg/detail/detection__struct.h
[2.626s] -- Up-to-date symlink: /home/maksmykha/Documents/RobotikProject/install/yolo_msgs/include/yolo_msgs/yolo_msgs/msg/detail/detection__type_support.h
[2.626s] -- Up-to-date symlink: /home/maksmykha/Documents/RobotikProject/install/yolo_msgs/include/yolo_msgs/yolo_msgs/msg/detail/detection_array__functions.h
[2.627s] -- Up-to-date symlink: /home/maksmykha/Documents/RobotikProject/install/yolo_msgs/include/yolo_msgs/yolo_msgs/msg/detail/detection_array__struct.h
[2.627s] -- Up-to-date symlink: /home/maksmykha/Documents/RobotikProject/install/yolo_msgs/include/yolo_msgs/yolo_msgs/msg/detail/detection_array__type_support.h
[2.627s] -- Up-to-date symlink: /home/maksmykha/Documents/RobotikProject/install/yolo_msgs/include/yolo_msgs/yolo_msgs/msg/detail/key_point2_d__functions.h
[2.628s] -- Up-to-date symlink: /home/maksmykha/Documents/RobotikProject/install/yolo_msgs/include/yolo_msgs/yolo_msgs/msg/detail/key_point2_d__struct.h
[2.628s] -- Up-to-date symlink: /home/maksmykha/Documents/RobotikProject/install/yolo_msgs/include/yolo_msgs/yolo_msgs/msg/detail/key_point2_d__type_support.h
[2.628s] -- Up-to-date symlink: /home/maksmykha/Documents/RobotikProject/install/yolo_msgs/include/yolo_msgs/yolo_msgs/msg/detail/key_point2_d_array__functions.h
[2.628s] -- Up-to-date symlink: /home/maksmykha/Documents/RobotikProject/install/yolo_msgs/include/yolo_msgs/yolo_msgs/msg/detail/key_point2_d_array__struct.h
[2.629s] -- Up-to-date symlink: /home/maksmykha/Documents/RobotikProject/install/yolo_msgs/include/yolo_msgs/yolo_msgs/msg/detail/key_point2_d_array__type_support.h
[2.629s] -- Up-to-date symlink: /home/maksmykha/Documents/RobotikProject/install/yolo_msgs/include/yolo_msgs/yolo_msgs/msg/detail/key_point3_d__functions.h
[2.629s] -- Up-to-date symlink: /home/maksmykha/Documents/RobotikProject/install/yolo_msgs/include/yolo_msgs/yolo_msgs/msg/detail/key_point3_d__struct.h
[2.630s] -- Up-to-date symlink: /home/maksmykha/Documents/RobotikProject/install/yolo_msgs/include/yolo_msgs/yolo_msgs/msg/detail/key_point3_d__type_support.h
[2.630s] -- Up-to-date symlink: /home/maksmykha/Documents/RobotikProject/install/yolo_msgs/include/yolo_msgs/yolo_msgs/msg/detail/key_point3_d_array__functions.h
[2.630s] -- Up-to-date symlink: /home/maksmykha/Documents/RobotikProject/install/yolo_msgs/include/yolo_msgs/yolo_msgs/msg/detail/key_point3_d_array__struct.h
[2.630s] -- Up-to-date symlink: /home/maksmykha/Documents/RobotikProject/install/yolo_msgs/include/yolo_msgs/yolo_msgs/msg/detail/key_point3_d_array__type_support.h
[2.631s] -- Up-to-date symlink: /home/maksmykha/Documents/RobotikProject/install/yolo_msgs/include/yolo_msgs/yolo_msgs/msg/detail/mask__functions.h
[2.631s] -- Up-to-date symlink: /home/maksmykha/Documents/RobotikProject/install/yolo_msgs/include/yolo_msgs/yolo_msgs/msg/detail/mask__struct.h
[2.631s] -- Up-to-date symlink: /home/maksmykha/Documents/RobotikProject/install/yolo_msgs/include/yolo_msgs/yolo_msgs/msg/detail/mask__type_support.h
[2.631s] -- Up-to-date symlink: /home/maksmykha/Documents/RobotikProject/install/yolo_msgs/include/yolo_msgs/yolo_msgs/msg/detail/point2_d__functions.h
[2.632s] -- Up-to-date symlink: /home/maksmykha/Documents/RobotikProject/install/yolo_msgs/include/yolo_msgs/yolo_msgs/msg/detail/point2_d__struct.h
[2.632s] -- Up-to-date symlink: /home/maksmykha/Documents/RobotikProject/install/yolo_msgs/include/yolo_msgs/yolo_msgs/msg/detail/point2_d__type_support.h
[2.632s] -- Up-to-date symlink: /home/maksmykha/Documents/RobotikProject/install/yolo_msgs/include/yolo_msgs/yolo_msgs/msg/detail/pose2_d__functions.h
[2.632s] -- Up-to-date symlink: /home/maksmykha/Documents/RobotikProject/install/yolo_msgs/include/yolo_msgs/yolo_msgs/msg/detail/pose2_d__struct.h
[2.633s] -- Up-to-date symlink: /home/maksmykha/Documents/RobotikProject/install/yolo_msgs/include/yolo_msgs/yolo_msgs/msg/detail/pose2_d__type_support.h
[2.633s] -- Up-to-date symlink: /home/maksmykha/Documents/RobotikProject/install/yolo_msgs/include/yolo_msgs/yolo_msgs/msg/detail/vector2__functions.h
[2.633s] -- Up-to-date symlink: /home/maksmykha/Documents/RobotikProject/install/yolo_msgs/include/yolo_msgs/yolo_msgs/msg/detail/vector2__struct.h
[2.633s] -- Up-to-date symlink: /home/maksmykha/Documents/RobotikProject/install/yolo_msgs/include/yolo_msgs/yolo_msgs/msg/detail/vector2__type_support.h
[2.633s] -- Up-to-date symlink: /home/maksmykha/Documents/RobotikProject/install/yolo_msgs/include/yolo_msgs/yolo_msgs/msg/detection.h
[2.634s] -- Up-to-date symlink: /home/maksmykha/Documents/RobotikProject/install/yolo_msgs/include/yolo_msgs/yolo_msgs/msg/detection_array.h
[2.634s] -- Up-to-date symlink: /home/maksmykha/Documents/RobotikProject/install/yolo_msgs/include/yolo_msgs/yolo_msgs/msg/key_point2_d.h
[2.634s] -- Up-to-date symlink: /home/maksmykha/Documents/RobotikProject/install/yolo_msgs/include/yolo_msgs/yolo_msgs/msg/key_point2_d_array.h
[2.634s] -- Up-to-date symlink: /home/maksmykha/Documents/RobotikProject/install/yolo_msgs/include/yolo_msgs/yolo_msgs/msg/key_point3_d.h
[2.635s] -- Up-to-date symlink: /home/maksmykha/Documents/RobotikProject/install/yolo_msgs/include/yolo_msgs/yolo_msgs/msg/key_point3_d_array.h
[2.635s] -- Up-to-date symlink: /home/maksmykha/Documents/RobotikProject/install/yolo_msgs/include/yolo_msgs/yolo_msgs/msg/mask.h
[2.635s] -- Up-to-date symlink: /home/maksmykha/Documents/RobotikProject/install/yolo_msgs/include/yolo_msgs/yolo_msgs/msg/point2_d.h
[2.635s] -- Up-to-date symlink: /home/maksmykha/Documents/RobotikProject/install/yolo_msgs/include/yolo_msgs/yolo_msgs/msg/pose2_d.h
[2.636s] -- Up-to-date symlink: /home/maksmykha/Documents/RobotikProject/install/yolo_msgs/include/yolo_msgs/yolo_msgs/msg/rosidl_generator_c__visibility_control.h
[2.636s] -- Up-to-date symlink: /home/maksmykha/Documents/RobotikProject/install/yolo_msgs/include/yolo_msgs/yolo_msgs/msg/vector2.h
[2.636s] -- Up-to-date symlink: /home/maksmykha/Documents/RobotikProject/install/yolo_msgs/include/yolo_msgs/yolo_msgs/srv/detail/set_classes__functions.h
[2.636s] -- Up-to-date symlink: /home/maksmykha/Documents/RobotikProject/install/yolo_msgs/include/yolo_msgs/yolo_msgs/srv/detail/set_classes__struct.h
[2.637s] -- Up-to-date symlink: /home/maksmykha/Documents/RobotikProject/install/yolo_msgs/include/yolo_msgs/yolo_msgs/srv/detail/set_classes__type_support.h
[2.637s] -- Up-to-date symlink: /home/maksmykha/Documents/RobotikProject/install/yolo_msgs/include/yolo_msgs/yolo_msgs/srv/set_classes.h
[2.637s] -- Up-to-date symlink: /home/maksmykha/Documents/RobotikProject/install/yolo_msgs/share/yolo_msgs/environment/library_path.sh
[2.637s] -- Up-to-date symlink: /home/maksmykha/Documents/RobotikProject/install/yolo_msgs/share/yolo_msgs/environment/library_path.dsv
[2.638s] -- Up-to-date symlink: /home/maksmykha/Documents/RobotikProject/install/yolo_msgs/include/yolo_msgs/yolo_msgs/msg/detail/bounding_box2_d__rosidl_typesupport_fastrtps_c.h
[2.638s] -- Up-to-date symlink: /home/maksmykha/Documents/RobotikProject/install/yolo_msgs/include/yolo_msgs/yolo_msgs/msg/detail/bounding_box3_d__rosidl_typesupport_fastrtps_c.h
[2.638s] -- Up-to-date symlink: /home/maksmykha/Documents/RobotikProject/install/yolo_msgs/include/yolo_msgs/yolo_msgs/msg/detail/detection__rosidl_typesupport_fastrtps_c.h
[2.639s] -- Up-to-date symlink: /home/maksmykha/Documents/RobotikProject/install/yolo_msgs/include/yolo_msgs/yolo_msgs/msg/detail/detection_array__rosidl_typesupport_fastrtps_c.h
[2.639s] -- Up-to-date symlink: /home/maksmykha/Documents/RobotikProject/install/yolo_msgs/include/yolo_msgs/yolo_msgs/msg/detail/key_point2_d__rosidl_typesupport_fastrtps_c.h
[2.639s] -- Up-to-date symlink: /home/maksmykha/Documents/RobotikProject/install/yolo_msgs/include/yolo_msgs/yolo_msgs/msg/detail/key_point2_d_array__rosidl_typesupport_fastrtps_c.h
[2.640s] -- Up-to-date symlink: /home/maksmykha/Documents/RobotikProject/install/yolo_msgs/include/yolo_msgs/yolo_msgs/msg/detail/key_point3_d__rosidl_typesupport_fastrtps_c.h
[2.640s] -- Up-to-date symlink: /home/maksmykha/Documents/RobotikProject/install/yolo_msgs/include/yolo_msgs/yolo_msgs/msg/detail/key_point3_d_array__rosidl_typesupport_fastrtps_c.h
[2.640s] -- Up-to-date symlink: /home/maksmykha/Documents/RobotikProject/install/yolo_msgs/include/yolo_msgs/yolo_msgs/msg/detail/mask__rosidl_typesupport_fastrtps_c.h
[2.640s] -- Up-to-date symlink: /home/maksmykha/Documents/RobotikProject/install/yolo_msgs/include/yolo_msgs/yolo_msgs/msg/detail/point2_d__rosidl_typesupport_fastrtps_c.h
[2.641s] -- Up-to-date symlink: /home/maksmykha/Documents/RobotikProject/install/yolo_msgs/include/yolo_msgs/yolo_msgs/msg/detail/pose2_d__rosidl_typesupport_fastrtps_c.h
[2.641s] -- Up-to-date symlink: /home/maksmykha/Documents/RobotikProject/install/yolo_msgs/include/yolo_msgs/yolo_msgs/msg/detail/vector2__rosidl_typesupport_fastrtps_c.h
[2.641s] -- Up-to-date symlink: /home/maksmykha/Documents/RobotikProject/install/yolo_msgs/include/yolo_msgs/yolo_msgs/msg/rosidl_typesupport_fastrtps_c__visibility_control.h
[2.641s] -- Up-to-date symlink: /home/maksmykha/Documents/RobotikProject/install/yolo_msgs/include/yolo_msgs/yolo_msgs/srv/detail/set_classes__rosidl_typesupport_fastrtps_c.h
[2.642s] -- Up-to-date symlink: /home/maksmykha/Documents/RobotikProject/install/yolo_msgs/include/yolo_msgs/yolo_msgs/msg/detail/bounding_box2_d__rosidl_typesupport_introspection_c.h
[2.642s] -- Up-to-date symlink: /home/maksmykha/Documents/RobotikProject/install/yolo_msgs/include/yolo_msgs/yolo_msgs/msg/detail/bounding_box3_d__rosidl_typesupport_introspection_c.h
[2.642s] -- Up-to-date symlink: /home/maksmykha/Documents/RobotikProject/install/yolo_msgs/include/yolo_msgs/yolo_msgs/msg/detail/detection__rosidl_typesupport_introspection_c.h
[2.643s] -- Up-to-date symlink: /home/maksmykha/Documents/RobotikProject/install/yolo_msgs/include/yolo_msgs/yolo_msgs/msg/detail/detection_array__rosidl_typesupport_introspection_c.h
[2.643s] -- Up-to-date symlink: /home/maksmykha/Documents/RobotikProject/install/yolo_msgs/include/yolo_msgs/yolo_msgs/msg/detail/key_point2_d__rosidl_typesupport_introspection_c.h
[2.643s] -- Up-to-date symlink: /home/maksmykha/Documents/RobotikProject/install/yolo_msgs/include/yolo_msgs/yolo_msgs/msg/detail/key_point2_d_array__rosidl_typesupport_introspection_c.h
[2.643s] -- Up-to-date symlink: /home/maksmykha/Documents/RobotikProject/install/yolo_msgs/include/yolo_msgs/yolo_msgs/msg/detail/key_point3_d__rosidl_typesupport_introspection_c.h
[2.644s] -- Up-to-date symlink: /home/maksmykha/Documents/RobotikProject/install/yolo_msgs/include/yolo_msgs/yolo_msgs/msg/detail/key_point3_d_array__rosidl_typesupport_introspection_c.h
[2.644s] -- Up-to-date symlink: /home/maksmykha/Documents/RobotikProject/install/yolo_msgs/include/yolo_msgs/yolo_msgs/msg/detail/mask__rosidl_typesupport_introspection_c.h
[2.644s] -- Up-to-date symlink: /home/maksmykha/Documents/RobotikProject/install/yolo_msgs/include/yolo_msgs/yolo_msgs/msg/detail/point2_d__rosidl_typesupport_introspection_c.h
[2.644s] -- Up-to-date symlink: /home/maksmykha/Documents/RobotikProject/install/yolo_msgs/include/yolo_msgs/yolo_msgs/msg/detail/pose2_d__rosidl_typesupport_introspection_c.h
[2.645s] -- Up-to-date symlink: /home/maksmykha/Documents/RobotikProject/install/yolo_msgs/include/yolo_msgs/yolo_msgs/msg/detail/vector2__rosidl_typesupport_introspection_c.h
[2.645s] -- Up-to-date symlink: /home/maksmykha/Documents/RobotikProject/install/yolo_msgs/include/yolo_msgs/yolo_msgs/msg/rosidl_typesupport_introspection_c__visibility_control.h
[2.645s] -- Up-to-date symlink: /home/maksmykha/Documents/RobotikProject/install/yolo_msgs/include/yolo_msgs/yolo_msgs/srv/detail/set_classes__rosidl_typesupport_introspection_c.h
[2.646s] -- Up-to-date symlink: /home/maksmykha/Documents/RobotikProject/install/yolo_msgs/include/yolo_msgs/yolo_msgs/msg/bounding_box2_d.hpp
[2.646s] -- Up-to-date symlink: /home/maksmykha/Documents/RobotikProject/install/yolo_msgs/include/yolo_msgs/yolo_msgs/msg/bounding_box3_d.hpp
[2.647s] -- Up-to-date symlink: /home/maksmykha/Documents/RobotikProject/install/yolo_msgs/include/yolo_msgs/yolo_msgs/msg/detail/bounding_box2_d__builder.hpp
[2.647s] -- Up-to-date symlink: /home/maksmykha/Documents/RobotikProject/install/yolo_msgs/include/yolo_msgs/yolo_msgs/msg/detail/bounding_box2_d__struct.hpp
[2.647s] -- Up-to-date symlink: /home/maksmykha/Documents/RobotikProject/install/yolo_msgs/include/yolo_msgs/yolo_msgs/msg/detail/bounding_box2_d__traits.hpp
[2.647s] -- Up-to-date symlink: /home/maksmykha/Documents/RobotikProject/install/yolo_msgs/include/yolo_msgs/yolo_msgs/msg/detail/bounding_box2_d__type_support.hpp
[2.648s] -- Up-to-date symlink: /home/maksmykha/Documents/RobotikProject/install/yolo_msgs/include/yolo_msgs/yolo_msgs/msg/detail/bounding_box3_d__builder.hpp
[2.648s] -- Up-to-date symlink: /home/maksmykha/Documents/RobotikProject/install/yolo_msgs/include/yolo_msgs/yolo_msgs/msg/detail/bounding_box3_d__struct.hpp
[2.648s] -- Up-to-date symlink: /home/maksmykha/Documents/RobotikProject/install/yolo_msgs/include/yolo_msgs/yolo_msgs/msg/detail/bounding_box3_d__traits.hpp
[2.649s] -- Up-to-date symlink: /home/maksmykha/Documents/RobotikProject/install/yolo_msgs/include/yolo_msgs/yolo_msgs/msg/detail/bounding_box3_d__type_support.hpp
[2.649s] -- Up-to-date symlink: /home/maksmykha/Documents/RobotikProject/install/yolo_msgs/include/yolo_msgs/yolo_msgs/msg/detail/detection__builder.hpp
[2.649s] -- Up-to-date symlink: /home/maksmykha/Documents/RobotikProject/install/yolo_msgs/include/yolo_msgs/yolo_msgs/msg/detail/detection__struct.hpp
[2.649s] -- Up-to-date symlink: /home/maksmykha/Documents/RobotikProject/install/yolo_msgs/include/yolo_msgs/yolo_msgs/msg/detail/detection__traits.hpp
[2.649s] -- Up-to-date symlink: /home/maksmykha/Documents/RobotikProject/install/yolo_msgs/include/yolo_msgs/yolo_msgs/msg/detail/detection__type_support.hpp
[2.650s] -- Up-to-date symlink: /home/maksmykha/Documents/RobotikProject/install/yolo_msgs/include/yolo_msgs/yolo_msgs/msg/detail/detection_array__builder.hpp
[2.650s] -- Up-to-date symlink: /home/maksmykha/Documents/RobotikProject/install/yolo_msgs/include/yolo_msgs/yolo_msgs/msg/detail/detection_array__struct.hpp
[2.650s] -- Up-to-date symlink: /home/maksmykha/Documents/RobotikProject/install/yolo_msgs/include/yolo_msgs/yolo_msgs/msg/detail/detection_array__traits.hpp
[2.650s] -- Up-to-date symlink: /home/maksmykha/Documents/RobotikProject/install/yolo_msgs/include/yolo_msgs/yolo_msgs/msg/detail/detection_array__type_support.hpp
[2.651s] -- Up-to-date symlink: /home/maksmykha/Documents/RobotikProject/install/yolo_msgs/include/yolo_msgs/yolo_msgs/msg/detail/key_point2_d__builder.hpp
[2.651s] -- Up-to-date symlink: /home/maksmykha/Documents/RobotikProject/install/yolo_msgs/include/yolo_msgs/yolo_msgs/msg/detail/key_point2_d__struct.hpp
[2.651s] -- Up-to-date symlink: /home/maksmykha/Documents/RobotikProject/install/yolo_msgs/include/yolo_msgs/yolo_msgs/msg/detail/key_point2_d__traits.hpp
[2.651s] -- Up-to-date symlink: /home/maksmykha/Documents/RobotikProject/install/yolo_msgs/include/yolo_msgs/yolo_msgs/msg/detail/key_point2_d__type_support.hpp
[2.651s] -- Up-to-date symlink: /home/maksmykha/Documents/RobotikProject/install/yolo_msgs/include/yolo_msgs/yolo_msgs/msg/detail/key_point2_d_array__builder.hpp
[2.654s] -- Up-to-date symlink: /home/maksmykha/Documents/RobotikProject/install/yolo_msgs/include/yolo_msgs/yolo_msgs/msg/detail/key_point2_d_array__struct.hpp
[2.656s] -- Up-to-date symlink: /home/maksmykha/Documents/RobotikProject/install/yolo_msgs/include/yolo_msgs/yolo_msgs/msg/detail/key_point2_d_array__traits.hpp
[2.656s] -- Up-to-date symlink: /home/maksmykha/Documents/RobotikProject/install/yolo_msgs/include/yolo_msgs/yolo_msgs/msg/detail/key_point2_d_array__type_support.hpp
[2.657s] -- Up-to-date symlink: /home/maksmykha/Documents/RobotikProject/install/yolo_msgs/include/yolo_msgs/yolo_msgs/msg/detail/key_point3_d__builder.hpp
[2.658s] -- Up-to-date symlink: /home/maksmykha/Documents/RobotikProject/install/yolo_msgs/include/yolo_msgs/yolo_msgs/msg/detail/key_point3_d__struct.hpp
[2.658s] -- Up-to-date symlink: /home/maksmykha/Documents/RobotikProject/install/yolo_msgs/include/yolo_msgs/yolo_msgs/msg/detail/key_point3_d__traits.hpp
[2.658s] -- Up-to-date symlink: /home/maksmykha/Documents/RobotikProject/install/yolo_msgs/include/yolo_msgs/yolo_msgs/msg/detail/key_point3_d__type_support.hpp
[2.659s] -- Up-to-date symlink: /home/maksmykha/Documents/RobotikProject/install/yolo_msgs/include/yolo_msgs/yolo_msgs/msg/detail/key_point3_d_array__builder.hpp
[2.659s] -- Up-to-date symlink: /home/maksmykha/Documents/RobotikProject/install/yolo_msgs/include/yolo_msgs/yolo_msgs/msg/detail/key_point3_d_array__struct.hpp
[2.659s] -- Up-to-date symlink: /home/maksmykha/Documents/RobotikProject/install/yolo_msgs/include/yolo_msgs/yolo_msgs/msg/detail/key_point3_d_array__traits.hpp
[2.660s] -- Up-to-date symlink: /home/maksmykha/Documents/RobotikProject/install/yolo_msgs/include/yolo_msgs/yolo_msgs/msg/detail/key_point3_d_array__type_support.hpp
[2.660s] -- Up-to-date symlink: /home/maksmykha/Documents/RobotikProject/install/yolo_msgs/include/yolo_msgs/yolo_msgs/msg/detail/mask__builder.hpp
[2.660s] -- Up-to-date symlink: /home/maksmykha/Documents/RobotikProject/install/yolo_msgs/include/yolo_msgs/yolo_msgs/msg/detail/mask__struct.hpp
[2.660s] -- Up-to-date symlink: /home/maksmykha/Documents/RobotikProject/install/yolo_msgs/include/yolo_msgs/yolo_msgs/msg/detail/mask__traits.hpp
[2.661s] -- Up-to-date symlink: /home/maksmykha/Documents/RobotikProject/install/yolo_msgs/include/yolo_msgs/yolo_msgs/msg/detail/mask__type_support.hpp
[2.661s] -- Up-to-date symlink: /home/maksmykha/Documents/RobotikProject/install/yolo_msgs/include/yolo_msgs/yolo_msgs/msg/detail/point2_d__builder.hpp
[2.661s] -- Up-to-date symlink: /home/maksmykha/Documents/RobotikProject/install/yolo_msgs/include/yolo_msgs/yolo_msgs/msg/detail/point2_d__struct.hpp
[2.662s] -- Up-to-date symlink: /home/maksmykha/Documents/RobotikProject/install/yolo_msgs/include/yolo_msgs/yolo_msgs/msg/detail/point2_d__traits.hpp
[2.662s] -- Up-to-date symlink: /home/maksmykha/Documents/RobotikProject/install/yolo_msgs/include/yolo_msgs/yolo_msgs/msg/detail/point2_d__type_support.hpp
[2.662s] -- Up-to-date symlink: /home/maksmykha/Documents/RobotikProject/install/yolo_msgs/include/yolo_msgs/yolo_msgs/msg/detail/pose2_d__builder.hpp
[2.662s] -- Up-to-date symlink: /home/maksmykha/Documents/RobotikProject/install/yolo_msgs/include/yolo_msgs/yolo_msgs/msg/detail/pose2_d__struct.hpp
[2.663s] -- Up-to-date symlink: /home/maksmykha/Documents/RobotikProject/install/yolo_msgs/include/yolo_msgs/yolo_msgs/msg/detail/pose2_d__traits.hpp
[2.663s] -- Up-to-date symlink: /home/maksmykha/Documents/RobotikProject/install/yolo_msgs/include/yolo_msgs/yolo_msgs/msg/detail/pose2_d__type_support.hpp
[2.663s] -- Up-to-date symlink: /home/maksmykha/Documents/RobotikProject/install/yolo_msgs/include/yolo_msgs/yolo_msgs/msg/detail/vector2__builder.hpp
[2.663s] -- Up-to-date symlink: /home/maksmykha/Documents/RobotikProject/install/yolo_msgs/include/yolo_msgs/yolo_msgs/msg/detail/vector2__struct.hpp
[2.664s] -- Up-to-date symlink: /home/maksmykha/Documents/RobotikProject/install/yolo_msgs/include/yolo_msgs/yolo_msgs/msg/detail/vector2__traits.hpp
[2.664s] -- Up-to-date symlink: /home/maksmykha/Documents/RobotikProject/install/yolo_msgs/include/yolo_msgs/yolo_msgs/msg/detail/vector2__type_support.hpp
[2.664s] -- Up-to-date symlink: /home/maksmykha/Documents/RobotikProject/install/yolo_msgs/include/yolo_msgs/yolo_msgs/msg/detection.hpp
[2.664s] -- Up-to-date symlink: /home/maksmykha/Documents/RobotikProject/install/yolo_msgs/include/yolo_msgs/yolo_msgs/msg/detection_array.hpp
[2.665s] -- Up-to-date symlink: /home/maksmykha/Documents/RobotikProject/install/yolo_msgs/include/yolo_msgs/yolo_msgs/msg/key_point2_d.hpp
[2.665s] -- Up-to-date symlink: /home/maksmykha/Documents/RobotikProject/install/yolo_msgs/include/yolo_msgs/yolo_msgs/msg/key_point2_d_array.hpp
[2.665s] -- Up-to-date symlink: /home/maksmykha/Documents/RobotikProject/install/yolo_msgs/include/yolo_msgs/yolo_msgs/msg/key_point3_d.hpp
[2.665s] -- Up-to-date symlink: /home/maksmykha/Documents/RobotikProject/install/yolo_msgs/include/yolo_msgs/yolo_msgs/msg/key_point3_d_array.hpp
[2.666s] -- Up-to-date symlink: /home/maksmykha/Documents/RobotikProject/install/yolo_msgs/include/yolo_msgs/yolo_msgs/msg/mask.hpp
[2.666s] -- Up-to-date symlink: /home/maksmykha/Documents/RobotikProject/install/yolo_msgs/include/yolo_msgs/yolo_msgs/msg/point2_d.hpp
[2.666s] -- Up-to-date symlink: /home/maksmykha/Documents/RobotikProject/install/yolo_msgs/include/yolo_msgs/yolo_msgs/msg/pose2_d.hpp
[2.666s] -- Up-to-date symlink: /home/maksmykha/Documents/RobotikProject/install/yolo_msgs/include/yolo_msgs/yolo_msgs/msg/rosidl_generator_cpp__visibility_control.hpp
[2.666s] -- Up-to-date symlink: /home/maksmykha/Documents/RobotikProject/install/yolo_msgs/include/yolo_msgs/yolo_msgs/msg/vector2.hpp
[2.667s] -- Up-to-date symlink: /home/maksmykha/Documents/RobotikProject/install/yolo_msgs/include/yolo_msgs/yolo_msgs/srv/detail/set_classes__builder.hpp
[2.667s] -- Up-to-date symlink: /home/maksmykha/Documents/RobotikProject/install/yolo_msgs/include/yolo_msgs/yolo_msgs/srv/detail/set_classes__struct.hpp
[2.667s] -- Up-to-date symlink: /home/maksmykha/Documents/RobotikProject/install/yolo_msgs/include/yolo_msgs/yolo_msgs/srv/detail/set_classes__traits.hpp
[2.667s] -- Up-to-date symlink: /home/maksmykha/Documents/RobotikProject/install/yolo_msgs/include/yolo_msgs/yolo_msgs/srv/detail/set_classes__type_support.hpp
[2.668s] -- Up-to-date symlink: /home/maksmykha/Documents/RobotikProject/install/yolo_msgs/include/yolo_msgs/yolo_msgs/srv/set_classes.hpp
[2.668s] -- Up-to-date symlink: /home/maksmykha/Documents/RobotikProject/install/yolo_msgs/include/yolo_msgs/yolo_msgs/msg/detail/bounding_box2_d__rosidl_typesupport_fastrtps_cpp.hpp
[2.669s] -- Up-to-date symlink: /home/maksmykha/Documents/RobotikProject/install/yolo_msgs/include/yolo_msgs/yolo_msgs/msg/detail/bounding_box3_d__rosidl_typesupport_fastrtps_cpp.hpp
[2.669s] -- Up-to-date symlink: /home/maksmykha/Documents/RobotikProject/install/yolo_msgs/include/yolo_msgs/yolo_msgs/msg/detail/detection__rosidl_typesupport_fastrtps_cpp.hpp
[2.669s] -- Up-to-date symlink: /home/maksmykha/Documents/RobotikProject/install/yolo_msgs/include/yolo_msgs/yolo_msgs/msg/detail/detection_array__rosidl_typesupport_fastrtps_cpp.hpp
[2.669s] -- Up-to-date symlink: /home/maksmykha/Documents/RobotikProject/install/yolo_msgs/include/yolo_msgs/yolo_msgs/msg/detail/key_point2_d__rosidl_typesupport_fastrtps_cpp.hpp
[2.669s] -- Up-to-date symlink: /home/maksmykha/Documents/RobotikProject/install/yolo_msgs/include/yolo_msgs/yolo_msgs/msg/detail/key_point2_d_array__rosidl_typesupport_fastrtps_cpp.hpp
[2.670s] -- Up-to-date symlink: /home/maksmykha/Documents/RobotikProject/install/yolo_msgs/include/yolo_msgs/yolo_msgs/msg/detail/key_point3_d__rosidl_typesupport_fastrtps_cpp.hpp
[2.670s] -- Up-to-date symlink: /home/maksmykha/Documents/RobotikProject/install/yolo_msgs/include/yolo_msgs/yolo_msgs/msg/detail/key_point3_d_array__rosidl_typesupport_fastrtps_cpp.hpp
[2.670s] -- Up-to-date symlink: /home/maksmykha/Documents/RobotikProject/install/yolo_msgs/include/yolo_msgs/yolo_msgs/msg/detail/mask__rosidl_typesupport_fastrtps_cpp.hpp
[2.671s] -- Up-to-date symlink: /home/maksmykha/Documents/RobotikProject/install/yolo_msgs/include/yolo_msgs/yolo_msgs/msg/detail/point2_d__rosidl_typesupport_fastrtps_cpp.hpp
[2.671s] -- Up-to-date symlink: /home/maksmykha/Documents/RobotikProject/install/yolo_msgs/include/yolo_msgs/yolo_msgs/msg/detail/pose2_d__rosidl_typesupport_fastrtps_cpp.hpp
[2.671s] -- Up-to-date symlink: /home/maksmykha/Documents/RobotikProject/install/yolo_msgs/include/yolo_msgs/yolo_msgs/msg/detail/vector2__rosidl_typesupport_fastrtps_cpp.hpp
[2.671s] -- Up-to-date symlink: /home/maksmykha/Documents/RobotikProject/install/yolo_msgs/include/yolo_msgs/yolo_msgs/msg/rosidl_typesupport_fastrtps_cpp__visibility_control.h
[2.671s] -- Up-to-date symlink: /home/maksmykha/Documents/RobotikProject/install/yolo_msgs/include/yolo_msgs/yolo_msgs/srv/detail/set_classes__rosidl_typesupport_fastrtps_cpp.hpp
[2.672s] -- Up-to-date symlink: /home/maksmykha/Documents/RobotikProject/install/yolo_msgs/include/yolo_msgs/yolo_msgs/msg/detail/bounding_box2_d__rosidl_typesupport_introspection_cpp.hpp
[2.672s] -- Up-to-date symlink: /home/maksmykha/Documents/RobotikProject/install/yolo_msgs/include/yolo_msgs/yolo_msgs/msg/detail/bounding_box3_d__rosidl_typesupport_introspection_cpp.hpp
[2.672s] -- Up-to-date symlink: /home/maksmykha/Documents/RobotikProject/install/yolo_msgs/include/yolo_msgs/yolo_msgs/msg/detail/detection__rosidl_typesupport_introspection_cpp.hpp
[2.673s] -- Up-to-date symlink: /home/maksmykha/Documents/RobotikProject/install/yolo_msgs/include/yolo_msgs/yolo_msgs/msg/detail/detection_array__rosidl_typesupport_introspection_cpp.hpp
[2.673s] -- Up-to-date symlink: /home/maksmykha/Documents/RobotikProject/install/yolo_msgs/include/yolo_msgs/yolo_msgs/msg/detail/key_point2_d__rosidl_typesupport_introspection_cpp.hpp
[2.673s] -- Up-to-date symlink: /home/maksmykha/Documents/RobotikProject/install/yolo_msgs/include/yolo_msgs/yolo_msgs/msg/detail/key_point2_d_array__rosidl_typesupport_introspection_cpp.hpp
[2.673s] -- Up-to-date symlink: /home/maksmykha/Documents/RobotikProject/install/yolo_msgs/include/yolo_msgs/yolo_msgs/msg/detail/key_point3_d__rosidl_typesupport_introspection_cpp.hpp
[2.673s] -- Up-to-date symlink: /home/maksmykha/Documents/RobotikProject/install/yolo_msgs/include/yolo_msgs/yolo_msgs/msg/detail/key_point3_d_array__rosidl_typesupport_introspection_cpp.hpp
[2.674s] -- Up-to-date symlink: /home/maksmykha/Documents/RobotikProject/install/yolo_msgs/include/yolo_msgs/yolo_msgs/msg/detail/mask__rosidl_typesupport_introspection_cpp.hpp
[2.674s] -- Up-to-date symlink: /home/maksmykha/Documents/RobotikProject/install/yolo_msgs/include/yolo_msgs/yolo_msgs/msg/detail/point2_d__rosidl_typesupport_introspection_cpp.hpp
[2.674s] -- Up-to-date symlink: /home/maksmykha/Documents/RobotikProject/install/yolo_msgs/include/yolo_msgs/yolo_msgs/msg/detail/pose2_d__rosidl_typesupport_introspection_cpp.hpp
[2.674s] -- Up-to-date symlink: /home/maksmykha/Documents/RobotikProject/install/yolo_msgs/include/yolo_msgs/yolo_msgs/msg/detail/vector2__rosidl_typesupport_introspection_cpp.hpp
[2.674s] -- Up-to-date symlink: /home/maksmykha/Documents/RobotikProject/install/yolo_msgs/include/yolo_msgs/yolo_msgs/srv/detail/set_classes__rosidl_typesupport_introspection_cpp.hpp
[2.675s] -- Up-to-date symlink: /home/maksmykha/Documents/RobotikProject/install/yolo_msgs/share/yolo_msgs/environment/pythonpath.sh
[2.675s] -- Up-to-date symlink: /home/maksmykha/Documents/RobotikProject/install/yolo_msgs/share/yolo_msgs/environment/pythonpath.dsv
[2.675s] -- Up-to-date symlink: /home/maksmykha/Documents/RobotikProject/install/yolo_msgs/lib/python3.12/site-packages/yolo_msgs-4.6.0-py3.12.egg-info/PKG-INFO
[2.675s] -- Up-to-date symlink: /home/maksmykha/Documents/RobotikProject/install/yolo_msgs/lib/python3.12/site-packages/yolo_msgs-4.6.0-py3.12.egg-info/SOURCES.txt
[2.676s] -- Up-to-date symlink: /home/maksmykha/Documents/RobotikProject/install/yolo_msgs/lib/python3.12/site-packages/yolo_msgs-4.6.0-py3.12.egg-info/dependency_links.txt
[2.676s] -- Up-to-date symlink: /home/maksmykha/Documents/RobotikProject/install/yolo_msgs/lib/python3.12/site-packages/yolo_msgs-4.6.0-py3.12.egg-info/top_level.txt
[2.677s] -- Up-to-date symlink: /home/maksmykha/Documents/RobotikProject/install/yolo_msgs/lib/python3.12/site-packages/yolo_msgs/__init__.py
[2.677s] -- Up-to-date symlink: /home/maksmykha/Documents/RobotikProject/install/yolo_msgs/lib/python3.12/site-packages/yolo_msgs/_yolo_msgs_s.ep.rosidl_typesupport_c.c
[2.677s] -- Up-to-date symlink: /home/maksmykha/Documents/RobotikProject/install/yolo_msgs/lib/python3.12/site-packages/yolo_msgs/_yolo_msgs_s.ep.rosidl_typesupport_fastrtps_c.c
[2.677s] -- Up-to-date symlink: /home/maksmykha/Documents/RobotikProject/install/yolo_msgs/lib/python3.12/site-packages/yolo_msgs/_yolo_msgs_s.ep.rosidl_typesupport_introspection_c.c
[2.677s] -- Up-to-date symlink: /home/maksmykha/Documents/RobotikProject/install/yolo_msgs/lib/python3.12/site-packages/yolo_msgs/msg/__init__.py
[2.678s] -- Up-to-date symlink: /home/maksmykha/Documents/RobotikProject/install/yolo_msgs/lib/python3.12/site-packages/yolo_msgs/msg/_bounding_box2_d.py
[2.678s] -- Up-to-date symlink: /home/maksmykha/Documents/RobotikProject/install/yolo_msgs/lib/python3.12/site-packages/yolo_msgs/msg/_bounding_box2_d_s.c
[2.678s] -- Up-to-date symlink: /home/maksmykha/Documents/RobotikProject/install/yolo_msgs/lib/python3.12/site-packages/yolo_msgs/msg/_bounding_box3_d.py
[2.678s] -- Up-to-date symlink: /home/maksmykha/Documents/RobotikProject/install/yolo_msgs/lib/python3.12/site-packages/yolo_msgs/msg/_bounding_box3_d_s.c
[2.678s] -- Up-to-date symlink: /home/maksmykha/Documents/RobotikProject/install/yolo_msgs/lib/python3.12/site-packages/yolo_msgs/msg/_detection.py
[2.679s] -- Up-to-date symlink: /home/maksmykha/Documents/RobotikProject/install/yolo_msgs/lib/python3.12/site-packages/yolo_msgs/msg/_detection_array.py
[2.679s] -- Up-to-date symlink: /home/maksmykha/Documents/RobotikProject/install/yolo_msgs/lib/python3.12/site-packages/yolo_msgs/msg/_detection_array_s.c
[2.679s] -- Up-to-date symlink: /home/maksmykha/Documents/RobotikProject/install/yolo_msgs/lib/python3.12/site-packages/yolo_msgs/msg/_detection_s.c
[2.679s] -- Up-to-date symlink: /home/maksmykha/Documents/RobotikProject/install/yolo_msgs/lib/python3.12/site-packages/yolo_msgs/msg/_key_point2_d.py
[2.679s] -- Up-to-date symlink: /home/maksmykha/Documents/RobotikProject/install/yolo_msgs/lib/python3.12/site-packages/yolo_msgs/msg/_key_point2_d_array.py
[2.680s] -- Up-to-date symlink: /home/maksmykha/Documents/RobotikProject/install/yolo_msgs/lib/python3.12/site-packages/yolo_msgs/msg/_key_point2_d_array_s.c
[2.680s] -- Up-to-date symlink: /home/maksmykha/Documents/RobotikProject/install/yolo_msgs/lib/python3.12/site-packages/yolo_msgs/msg/_key_point2_d_s.c
[2.680s] -- Up-to-date symlink: /home/maksmykha/Documents/RobotikProject/install/yolo_msgs/lib/python3.12/site-packages/yolo_msgs/msg/_key_point3_d.py
[2.680s] -- Up-to-date symlink: /home/maksmykha/Documents/RobotikProject/install/yolo_msgs/lib/python3.12/site-packages/yolo_msgs/msg/_key_point3_d_array.py
[2.681s] -- Up-to-date symlink: /home/maksmykha/Documents/RobotikProject/install/yolo_msgs/lib/python3.12/site-packages/yolo_msgs/msg/_key_point3_d_array_s.c
[2.681s] -- Up-to-date symlink: /home/maksmykha/Documents/RobotikProject/install/yolo_msgs/lib/python3.12/site-packages/yolo_msgs/msg/_key_point3_d_s.c
[2.681s] -- Up-to-date symlink: /home/maksmykha/Documents/RobotikProject/install/yolo_msgs/lib/python3.12/site-packages/yolo_msgs/msg/_mask.py
[2.681s] -- Up-to-date symlink: /home/maksmykha/Documents/RobotikProject/install/yolo_msgs/lib/python3.12/site-packages/yolo_msgs/msg/_mask_s.c
[2.681s] -- Up-to-date symlink: /home/maksmykha/Documents/RobotikProject/install/yolo_msgs/lib/python3.12/site-packages/yolo_msgs/msg/_point2_d.py
[2.682s] -- Up-to-date symlink: /home/maksmykha/Documents/RobotikProject/install/yolo_msgs/lib/python3.12/site-packages/yolo_msgs/msg/_point2_d_s.c
[2.682s] -- Up-to-date symlink: /home/maksmykha/Documents/RobotikProject/install/yolo_msgs/lib/python3.12/site-packages/yolo_msgs/msg/_pose2_d.py
[2.682s] -- Up-to-date symlink: /home/maksmykha/Documents/RobotikProject/install/yolo_msgs/lib/python3.12/site-packages/yolo_msgs/msg/_pose2_d_s.c
[2.682s] -- Up-to-date symlink: /home/maksmykha/Documents/RobotikProject/install/yolo_msgs/lib/python3.12/site-packages/yolo_msgs/msg/_vector2.py
[2.682s] -- Up-to-date symlink: /home/maksmykha/Documents/RobotikProject/install/yolo_msgs/lib/python3.12/site-packages/yolo_msgs/msg/_vector2_s.c
[2.683s] -- Up-to-date symlink: /home/maksmykha/Documents/RobotikProject/install/yolo_msgs/lib/python3.12/site-packages/yolo_msgs/srv/__init__.py
[2.683s] -- Up-to-date symlink: /home/maksmykha/Documents/RobotikProject/install/yolo_msgs/lib/python3.12/site-packages/yolo_msgs/srv/_set_classes.py
[2.683s] -- Up-to-date symlink: /home/maksmykha/Documents/RobotikProject/install/yolo_msgs/lib/python3.12/site-packages/yolo_msgs/srv/_set_classes_s.c
[2.683s] -- Up-to-date symlink: /home/maksmykha/Documents/RobotikProject/install/yolo_msgs/lib/python3.12/site-packages/yolo_msgs/yolo_msgs_s__rosidl_typesupport_c.so
[2.684s] -- Up-to-date symlink: /home/maksmykha/Documents/RobotikProject/install/yolo_msgs/lib/python3.12/site-packages/yolo_msgs/yolo_msgs_s__rosidl_typesupport_fastrtps_c.so
[2.684s] -- Up-to-date symlink: /home/maksmykha/Documents/RobotikProject/install/yolo_msgs/lib/python3.12/site-packages/yolo_msgs/yolo_msgs_s__rosidl_typesupport_introspection_c.so
[2.684s] -- Up-to-date symlink: /home/maksmykha/Documents/RobotikProject/install/yolo_msgs/lib/python3.12/site-packages/yolo_msgs/yolo_msgs_s__rosidl_typesupport_fastrtps_c.so
[2.684s] -- Up-to-date symlink: /home/maksmykha/Documents/RobotikProject/install/yolo_msgs/lib/python3.12/site-packages/yolo_msgs/yolo_msgs_s__rosidl_typesupport_introspection_c.so
[2.684s] -- Up-to-date symlink: /home/maksmykha/Documents/RobotikProject/install/yolo_msgs/lib/python3.12/site-packages/yolo_msgs/yolo_msgs_s__rosidl_typesupport_c.so
[2.685s] -- Up-to-date symlink: /home/maksmykha/Documents/RobotikProject/install/yolo_msgs/share/ament_index/resource_index/rust_packages/yolo_msgs
[2.685s] -- Up-to-date symlink: /home/maksmykha/Documents/RobotikProject/install/yolo_msgs/share/yolo_msgs/rust/Cargo.toml
[2.685s] -- Up-to-date symlink: /home/maksmykha/Documents/RobotikProject/install/yolo_msgs/share/yolo_msgs/rust/build.rs
[2.685s] -- Up-to-date symlink: /home/maksmykha/Documents/RobotikProject/install/yolo_msgs/share/yolo_msgs/rust/src/lib.rs
[2.686s] -- Up-to-date symlink: /home/maksmykha/Documents/RobotikProject/install/yolo_msgs/share/yolo_msgs/rust/src/msg.rs
[2.686s] -- Up-to-date symlink: /home/maksmykha/Documents/RobotikProject/install/yolo_msgs/share/yolo_msgs/rust/src/msg/rmw.rs
[2.686s] -- Up-to-date symlink: /home/maksmykha/Documents/RobotikProject/install/yolo_msgs/share/yolo_msgs/rust/src/srv.rs
[2.686s] -- Up-to-date symlink: /home/maksmykha/Documents/RobotikProject/install/yolo_msgs/share/yolo_msgs/rust/src/srv/rmw.rs
[2.686s] -- Up-to-date symlink: /home/maksmykha/Documents/RobotikProject/install/yolo_msgs/share/yolo_msgs/msg/Point2D.idl
[2.687s] -- Up-to-date symlink: /home/maksmykha/Documents/RobotikProject/install/yolo_msgs/share/yolo_msgs/msg/Vector2.idl
[2.687s] -- Up-to-date symlink: /home/maksmykha/Documents/RobotikProject/install/yolo_msgs/share/yolo_msgs/msg/Pose2D.idl
[2.687s] -- Up-to-date symlink: /home/maksmykha/Documents/RobotikProject/install/yolo_msgs/share/yolo_msgs/msg/BoundingBox2D.idl
[2.687s] -- Up-to-date symlink: /home/maksmykha/Documents/RobotikProject/install/yolo_msgs/share/yolo_msgs/msg/BoundingBox3D.idl
[2.687s] -- Up-to-date symlink: /home/maksmykha/Documents/RobotikProject/install/yolo_msgs/share/yolo_msgs/msg/Mask.idl
[2.688s] -- Up-to-date symlink: /home/maksmykha/Documents/RobotikProject/install/yolo_msgs/share/yolo_msgs/msg/KeyPoint2D.idl
[2.688s] -- Up-to-date symlink: /home/maksmykha/Documents/RobotikProject/install/yolo_msgs/share/yolo_msgs/msg/KeyPoint2DArray.idl
[2.688s] -- Up-to-date symlink: /home/maksmykha/Documents/RobotikProject/install/yolo_msgs/share/yolo_msgs/msg/KeyPoint3D.idl
[2.688s] -- Up-to-date symlink: /home/maksmykha/Documents/RobotikProject/install/yolo_msgs/share/yolo_msgs/msg/KeyPoint3DArray.idl
[2.688s] -- Up-to-date symlink: /home/maksmykha/Documents/RobotikProject/install/yolo_msgs/share/yolo_msgs/msg/Detection.idl
[2.689s] -- Up-to-date symlink: /home/maksmykha/Documents/RobotikProject/install/yolo_msgs/share/yolo_msgs/msg/DetectionArray.idl
[2.689s] -- Up-to-date symlink: /home/maksmykha/Documents/RobotikProject/install/yolo_msgs/share/yolo_msgs/srv/SetClasses.idl
[2.689s] -- Up-to-date symlink: /home/maksmykha/Documents/RobotikProject/install/yolo_msgs/share/yolo_msgs/msg/Point2D.msg
[2.689s] -- Up-to-date symlink: /home/maksmykha/Documents/RobotikProject/install/yolo_msgs/share/yolo_msgs/msg/Vector2.msg
[2.690s] -- Up-to-date symlink: /home/maksmykha/Documents/RobotikProject/install/yolo_msgs/share/yolo_msgs/msg/Pose2D.msg
[2.690s] -- Up-to-date symlink: /home/maksmykha/Documents/RobotikProject/install/yolo_msgs/share/yolo_msgs/msg/BoundingBox2D.msg
[2.690s] -- Up-to-date symlink: /home/maksmykha/Documents/RobotikProject/install/yolo_msgs/share/yolo_msgs/msg/BoundingBox3D.msg
[2.690s] -- Up-to-date symlink: /home/maksmykha/Documents/RobotikProject/install/yolo_msgs/share/yolo_msgs/msg/Mask.msg
[2.690s] -- Up-to-date symlink: /home/maksmykha/Documents/RobotikProject/install/yolo_msgs/share/yolo_msgs/msg/KeyPoint2D.msg
[2.691s] -- Up-to-date symlink: /home/maksmykha/Documents/RobotikProject/install/yolo_msgs/share/yolo_msgs/msg/KeyPoint2DArray.msg
[2.691s] -- Up-to-date symlink: /home/maksmykha/Documents/RobotikProject/install/yolo_msgs/share/yolo_msgs/msg/KeyPoint3D.msg
[2.691s] -- Up-to-date symlink: /home/maksmykha/Documents/RobotikProject/install/yolo_msgs/share/yolo_msgs/msg/KeyPoint3DArray.msg
[2.691s] -- Up-to-date symlink: /home/maksmykha/Documents/RobotikProject/install/yolo_msgs/share/yolo_msgs/msg/Detection.msg
[2.691s] -- Up-to-date symlink: /home/maksmykha/Documents/RobotikProject/install/yolo_msgs/share/yolo_msgs/msg/DetectionArray.msg
[2.692s] -- Up-to-date symlink: /home/maksmykha/Documents/RobotikProject/install/yolo_msgs/share/yolo_msgs/srv/SetClasses.srv
[2.692s] -- Up-to-date symlink: /home/maksmykha/Documents/RobotikProject/install/yolo_msgs/share/ament_index/resource_index/package_run_dependencies/yolo_msgs
[2.692s] -- Up-to-date symlink: /home/maksmykha/Documents/RobotikProject/install/yolo_msgs/share/ament_index/resource_index/parent_prefix_path/yolo_msgs
[2.692s] -- Up-to-date symlink: /home/maksmykha/Documents/RobotikProject/install/yolo_msgs/share/yolo_msgs/environment/ament_prefix_path.sh
[2.692s] -- Up-to-date symlink: /home/maksmykha/Documents/RobotikProject/install/yolo_msgs/share/yolo_msgs/environment/ament_prefix_path.dsv
[2.692s] -- Up-to-date symlink: /home/maksmykha/Documents/RobotikProject/install/yolo_msgs/share/yolo_msgs/environment/path.sh
[2.693s] -- Up-to-date symlink: /home/maksmykha/Documents/RobotikProject/install/yolo_msgs/share/yolo_msgs/environment/path.dsv
[2.693s] -- Up-to-date symlink: /home/maksmykha/Documents/RobotikProject/install/yolo_msgs/share/yolo_msgs/local_setup.bash
[2.693s] -- Up-to-date symlink: /home/maksmykha/Documents/RobotikProject/install/yolo_msgs/share/yolo_msgs/local_setup.sh
[2.693s] -- Up-to-date symlink: /home/maksmykha/Documents/RobotikProject/install/yolo_msgs/share/yolo_msgs/local_setup.zsh
[2.693s] -- Up-to-date symlink: /home/maksmykha/Documents/RobotikProject/install/yolo_msgs/share/yolo_msgs/local_setup.dsv
[2.693s] -- Symlinking: /home/maksmykha/Documents/RobotikProject/install/yolo_msgs/share/yolo_msgs/package.dsv
[2.699s] -- Up-to-date symlink: /home/maksmykha/Documents/RobotikProject/install/yolo_msgs/share/ament_index/resource_index/packages/yolo_msgs
[2.700s] -- Up-to-date symlink: /home/maksmykha/Documents/RobotikProject/install/yolo_msgs/share/yolo_msgs/cmake/rosidl_cmake-extras.cmake
[2.700s] -- Up-to-date symlink: /home/maksmykha/Documents/RobotikProject/install/yolo_msgs/share/yolo_msgs/cmake/ament_cmake_export_dependencies-extras.cmake
[2.700s] -- Up-to-date symlink: /home/maksmykha/Documents/RobotikProject/install/yolo_msgs/share/yolo_msgs/cmake/ament_cmake_export_include_directories-extras.cmake
[2.700s] -- Up-to-date symlink: /home/maksmykha/Documents/RobotikProject/install/yolo_msgs/share/yolo_msgs/cmake/ament_cmake_export_libraries-extras.cmake
[2.701s] -- Up-to-date symlink: /home/maksmykha/Documents/RobotikProject/install/yolo_msgs/share/yolo_msgs/cmake/ament_cmake_export_targets-extras.cmake
[2.701s] -- Up-to-date symlink: /home/maksmykha/Documents/RobotikProject/install/yolo_msgs/share/yolo_msgs/cmake/rosidl_cmake_export_typesupport_targets-extras.cmake
[2.701s] -- Up-to-date symlink: /home/maksmykha/Documents/RobotikProject/install/yolo_msgs/share/yolo_msgs/cmake/rosidl_cmake_export_typesupport_libraries-extras.cmake
[2.701s] -- Up-to-date symlink: /home/maksmykha/Documents/RobotikProject/install/yolo_msgs/share/yolo_msgs/cmake/yolo_msgsConfig.cmake
[2.701s] -- Up-to-date symlink: /home/maksmykha/Documents/RobotikProject/install/yolo_msgs/share/yolo_msgs/cmake/yolo_msgsConfig-version.cmake
[2.702s] -- Up-to-date symlink: /home/maksmykha/Documents/RobotikProject/install/yolo_msgs/share/yolo_msgs/package.xml
[2.703s] -- Up-to-date: /home/maksmykha/Documents/RobotikProject/install/yolo_msgs/lib/libyolo_msgs__rosidl_generator_c.so
[2.704s] -- Up-to-date: /home/maksmykha/Documents/RobotikProject/install/yolo_msgs/lib/libyolo_msgs__rosidl_typesupport_fastrtps_c.so
[2.705s] -- Up-to-date: /home/maksmykha/Documents/RobotikProject/install/yolo_msgs/lib/libyolo_msgs__rosidl_typesupport_introspection_c.so
[2.706s] -- Up-to-date: /home/maksmykha/Documents/RobotikProject/install/yolo_msgs/lib/libyolo_msgs__rosidl_typesupport_c.so
[2.707s] -- Up-to-date: /home/maksmykha/Documents/RobotikProject/install/yolo_msgs/lib/libyolo_msgs__rosidl_typesupport_fastrtps_cpp.so
[2.708s] -- Up-to-date: /home/maksmykha/Documents/RobotikProject/install/yolo_msgs/lib/libyolo_msgs__rosidl_typesupport_introspection_cpp.so
[2.709s] -- Up-to-date: /home/maksmykha/Documents/RobotikProject/install/yolo_msgs/lib/libyolo_msgs__rosidl_typesupport_cpp.so
[2.732s] Listing '/home/maksmykha/Documents/RobotikProject/install/yolo_msgs/lib/python3.12/site-packages/yolo_msgs'...
[2.732s] Compiling '/home/maksmykha/Documents/RobotikProject/install/yolo_msgs/lib/python3.12/site-packages/yolo_msgs/__init__.py'...
[2.732s] Listing '/home/maksmykha/Documents/RobotikProject/install/yolo_msgs/lib/python3.12/site-packages/yolo_msgs/msg'...
[2.732s] Listing '/home/maksmykha/Documents/RobotikProject/install/yolo_msgs/lib/python3.12/site-packages/yolo_msgs/srv'...
[2.736s] -- Up-to-date: /home/maksmykha/Documents/RobotikProject/install/yolo_msgs/lib/libyolo_msgs__rosidl_generator_py.so
[2.737s] -- Up-to-date: /home/maksmykha/Documents/RobotikProject/install/yolo_msgs/share/yolo_msgs/cmake/export_yolo_msgs__rosidl_generator_cExport.cmake
[2.737s] -- Up-to-date: /home/maksmykha/Documents/RobotikProject/install/yolo_msgs/share/yolo_msgs/cmake/export_yolo_msgs__rosidl_generator_cExport-noconfig.cmake
[2.737s] -- Up-to-date: /home/maksmykha/Documents/RobotikProject/install/yolo_msgs/share/yolo_msgs/cmake/export_yolo_msgs__rosidl_typesupport_fastrtps_cExport.cmake
[2.737s] -- Up-to-date: /home/maksmykha/Documents/RobotikProject/install/yolo_msgs/share/yolo_msgs/cmake/export_yolo_msgs__rosidl_typesupport_fastrtps_cExport-noconfig.cmake
[2.737s] -- Up-to-date: /home/maksmykha/Documents/RobotikProject/install/yolo_msgs/share/yolo_msgs/cmake/yolo_msgs__rosidl_typesupport_introspection_cExport.cmake
[2.737s] -- Up-to-date: /home/maksmykha/Documents/RobotikProject/install/yolo_msgs/share/yolo_msgs/cmake/yolo_msgs__rosidl_typesupport_introspection_cExport-noconfig.cmake
[2.737s] -- Up-to-date: /home/maksmykha/Documents/RobotikProject/install/yolo_msgs/share/yolo_msgs/cmake/yolo_msgs__rosidl_typesupport_cExport.cmake
[2.738s] -- Up-to-date: /home/maksmykha/Documents/RobotikProject/install/yolo_msgs/share/yolo_msgs/cmake/yolo_msgs__rosidl_typesupport_cExport-noconfig.cmake
[2.738s] -- Up-to-date: /home/maksmykha/Documents/RobotikProject/install/yolo_msgs/share/yolo_msgs/cmake/export_yolo_msgs__rosidl_generator_cppExport.cmake
[2.738s] -- Up-to-date: /home/maksmykha/Documents/RobotikProject/install/yolo_msgs/share/yolo_msgs/cmake/export_yolo_msgs__rosidl_typesupport_fastrtps_cppExport.cmake
[2.738s] -- Up-to-date: /home/maksmykha/Documents/RobotikProject/install/yolo_msgs/share/yolo_msgs/cmake/export_yolo_msgs__rosidl_typesupport_fastrtps_cppExport-noconfig.cmake
[2.738s] -- Up-to-date: /home/maksmykha/Documents/RobotikProject/install/yolo_msgs/share/yolo_msgs/cmake/yolo_msgs__rosidl_typesupport_introspection_cppExport.cmake
[2.738s] -- Up-to-date: /home/maksmykha/Documents/RobotikProject/install/yolo_msgs/share/yolo_msgs/cmake/yolo_msgs__rosidl_typesupport_introspection_cppExport-noconfig.cmake
[2.738s] -- Up-to-date: /home/maksmykha/Documents/RobotikProject/install/yolo_msgs/share/yolo_msgs/cmake/yolo_msgs__rosidl_typesupport_cppExport.cmake
[2.739s] -- Up-to-date: /home/maksmykha/Documents/RobotikProject/install/yolo_msgs/share/yolo_msgs/cmake/yolo_msgs__rosidl_typesupport_cppExport-noconfig.cmake
[2.739s] -- Up-to-date: /home/maksmykha/Documents/RobotikProject/install/yolo_msgs/share/yolo_msgs/cmake/export_yolo_msgs__rosidl_generator_pyExport.cmake
[2.739s] -- Up-to-date: /home/maksmykha/Documents/RobotikProject/install/yolo_msgs/share/yolo_msgs/cmake/export_yolo_msgs__rosidl_generator_pyExport-noconfig.cmake
[2.741s] Invoked command in '/home/maksmykha/Documents/RobotikProject/build/yolo_msgs' returned '0': CMAKE_PREFIX_PATH=${CMAKE_PREFIX_PATH}:/home/maksmykha/Documents/RobotikProject/install/yolo_ros:/home/maksmykha/Documents/RobotikProject/install/robotik_vision:/home/maksmykha/Documents/RobotikProject/install/robotik_sorting:/home/maksmykha/Documents/RobotikProject/install/robotik_gazebo:/home/maksmykha/Documents/RobotikProject/install/robotik_control:/home/maksmykha/Documents/RobotikProject/install/robotik_bringup:/opt/ros/jazzy DEBUGINFOD_URLS=https://debuginfod.ubuntu.com /usr/bin/cmake --install /home/maksmykha/Documents/RobotikProject/build/yolo_msgs
