[0.102s] Invoking command in '/home/maksmykha/Documents/RobotikProject/build/yolo_msgs': CMAKE_PREFIX_PATH=${CMAKE_PREFIX_PATH}:/home/maksmykha/Documents/RobotikProject/install/yolo_ros:/home/maksmykha/Documents/RobotikProject/install/robotik_vision:/home/maksmykha/Documents/RobotikProject/install/robotik_sorting:/home/maksmykha/Documents/RobotikProject/install/robotik_gazebo:/home/maksmykha/Documents/RobotikProject/install/robotik_control:/home/maksmykha/Documents/RobotikProject/install/robotik_bringup:/opt/ros/jazzy DEBUGINFOD_URLS=https://debuginfod.ubuntu.com /usr/bin/cmake --build /home/maksmykha/Documents/RobotikProject/build/yolo_msgs -- -j8 -l8
[1.319s] [  1%] Built target yolo_msgs__rosidl_generator_type_description
[1.319s] [  1%] Built target ament_cmake_python_symlink_yolo_msgs
[1.319s] [  2%] Built target yolo_msgs__rs
[1.319s] [ 16%] Built target yolo_msgs__cpp
[1.319s] [ 28%] Built target yolo_msgs__rosidl_generator_c
[1.319s] [ 48%] Built target yolo_msgs__rosidl_typesupport_fastrtps_cpp
[1.319s] [ 57%] Built target yolo_msgs__rosidl_typesupport_introspection_c
[1.319s] [ 38%] Built target yolo_msgs__rosidl_typesupport_c
[1.319s] [ 66%] Built target yolo_msgs__rosidl_typesupport_cpp
[1.319s] [ 76%] Built target yolo_msgs__rosidl_typesupport_introspection_cpp
[1.320s] [ 86%] Built target yolo_msgs__rosidl_typesupport_fastrtps_c
[1.320s] [ 86%] Built target yolo_msgs
[1.320s] [ 87%] Built target yolo_msgs__py
[1.320s] [ 96%] Built target yolo_msgs__rosidl_generator_py
[1.320s] [ 97%] Built target yolo_msgs_s__rosidl_typesupport_c
[1.320s] [ 99%] Built target yolo_msgs_s__rosidl_typesupport_introspection_c
[1.320s] [100%] Built target yolo_msgs_s__rosidl_typesupport_fastrtps_c
[1.320s] running egg_info
[1.320s] writing yolo_msgs.egg-info/PKG-INFO
[1.320s] writing dependency_links to yolo_msgs.egg-info/dependency_links.txt
[1.320s] writing top-level names to yolo_msgs.egg-info/top_level.txt
[1.320s] reading manifest file 'yolo_msgs.egg-info/SOURCES.txt'
[1.320s] writing manifest file 'yolo_msgs.egg-info/SOURCES.txt'
[1.320s] [100%] Built target ament_cmake_python_build_yolo_msgs_egg
[1.320s] Invoked command in '/home/maksmykha/Documents/RobotikProject/build/yolo_msgs' returned '0': CMAKE_PREFIX_PATH=${CMAKE_PREFIX_PATH}:/home/maksmykha/Documents/RobotikProject/install/yolo_ros:/home/maksmykha/Documents/RobotikProject/install/robotik_vision:/home/maksmykha/Documents/RobotikProject/install/robotik_sorting:/home/maksmykha/Documents/RobotikProject/install/robotik_gazebo:/home/maksmykha/Documents/RobotikProject/install/robotik_control:/home/maksmykha/Documents/RobotikProject/install/robotik_bringup:/opt/ros/jazzy DEBUGINFOD_URLS=https://debuginfod.ubuntu.com /usr/bin/cmake --build /home/maksmykha/Documents/RobotikProject/build/yolo_msgs -- -j8 -l8
[1.335s] Invoking command in '/home/maksmykha/Documents/RobotikProject/build/yolo_msgs': CMAKE_PREFIX_PATH=${CMAKE_PREFIX_PATH}:/home/maksmykha/Documents/RobotikProject/install/yolo_ros:/home/maksmykha/Documents/RobotikProject/install/robotik_vision:/home/maksmykha/Documents/RobotikProject/install/robotik_sorting:/home/maksmykha/Documents/RobotikProject/install/robotik_gazebo:/home/maksmykha/Documents/RobotikProject/install/robotik_control:/home/maksmykha/Documents/RobotikProject/install/robotik_bringup:/opt/ros/jazzy DEBUGINFOD_URLS=https://debuginfod.ubuntu.com /usr/bin/cmake --install /home/maksmykha/Documents/RobotikProject/build/yolo_msgs
[1.646s] -- Install configuration: ""
[1.647s] -- Execute custom install script
[1.648s] -- Up-to-date symlink: /home/maksmykha/Documents/RobotikProject/install/yolo_msgs/share/ament_index/resource_index/rosidl_interfaces/yolo_msgs
[1.654s] -- Up-to-date symlink: /home/maksmykha/Documents/RobotikProject/install/yolo_msgs/share/yolo_msgs/msg/Point2D.json
[1.654s] -- Up-to-date symlink: /home/maksmykha/Documents/RobotikProject/install/yolo_msgs/share/yolo_msgs/msg/Vector2.json
[1.654s] -- Up-to-date symlink: /home/maksmykha/Documents/RobotikProject/install/yolo_msgs/share/yolo_msgs/msg/Pose2D.json
[1.655s] -- Up-to-date symlink: /home/maksmykha/Documents/RobotikProject/install/yolo_msgs/share/yolo_msgs/msg/BoundingBox2D.json
[1.655s] -- Up-to-date symlink: /home/maksmykha/Documents/RobotikProject/install/yolo_msgs/share/yolo_msgs/msg/BoundingBox3D.json
[1.655s] -- Up-to-date symlink: /home/maksmykha/Documents/RobotikProject/install/yolo_msgs/share/yolo_msgs/msg/Mask.json
[1.655s] -- Up-to-date symlink: /home/maksmykha/Documents/RobotikProject/install/yolo_msgs/share/yolo_msgs/msg/KeyPoint2D.json
[1.655s] -- Up-to-date symlink: /home/maksmykha/Documents/RobotikProject/install/yolo_msgs/share/yolo_msgs/msg/KeyPoint2DArray.json
[1.655s] -- Up-to-date symlink: /home/maksmykha/Documents/RobotikProject/install/yolo_msgs/share/yolo_msgs/msg/KeyPoint3D.json
[1.655s] -- Up-to-date symlink: /home/maksmykha/Documents/RobotikProject/install/yolo_msgs/share/yolo_msgs/msg/KeyPoint3DArray.json
[1.655s] -- Up-to-date symlink: /home/maksmykha/Documents/RobotikProject/install/yolo_msgs/share/yolo_msgs/msg/Detection.json
[1.655s] -- Up-to-date symlink: /home/maksmykha/Documents/RobotikProject/install/yolo_msgs/share/yolo_msgs/msg/DetectionArray.json
[1.655s] -- Up-to-date symlink: /home/maksmykha/Documents/RobotikProject/install/yolo_msgs/share/yolo_msgs/srv/SetClasses.json
[1.655s] -- Up-to-date symlink: /home/maksmykha/Documents/RobotikProject/install/yolo_msgs/include/yolo_msgs/yolo_msgs/msg/bounding_box2_d.h
[1.655s] -- Up-to-date symlink: /home/maksmykha/Documents/RobotikProject/install/yolo_msgs/include/yolo_msgs/yolo_msgs/msg/bounding_box3_d.h
[1.655s] -- Up-to-date symlink: /home/maksmykha/Documents/RobotikProject/install/yolo_msgs/include/yolo_msgs/yolo_msgs/msg/detail/bounding_box2_d__functions.h
[1.655s] -- Up-to-date symlink: /home/maksmykha/Documents/RobotikProject/install/yolo_msgs/include/yolo_msgs/yolo_msgs/msg/detail/bounding_box2_d__struct.h
[1.655s] -- Up-to-date symlink: /home/maksmykha/Documents/RobotikProject/install/yolo_msgs/include/yolo_msgs/yolo_msgs/msg/detail/bounding_box2_d__type_support.h
[1.655s] -- Up-to-date symlink: /home/maksmykha/Documents/RobotikProject/install/yolo_msgs/include/yolo_msgs/yolo_msgs/msg/detail/bounding_box3_d__functions.h
[1.655s] -- Up-to-date symlink: /home/maksmykha/Documents/RobotikProject/install/yolo_msgs/include/yolo_msgs/yolo_msgs/msg/detail/bounding_box3_d__struct.h
[1.656s] -- Up-to-date symlink: /home/maksmykha/Documents/RobotikProject/install/yolo_msgs/include/yolo_msgs/yolo_msgs/msg/detail/bounding_box3_d__type_support.h
[1.656s] -- Up-to-date symlink: /home/maksmykha/Documents/RobotikProject/install/yolo_msgs/include/yolo_msgs/yolo_msgs/msg/detail/detection__functions.h
[1.656s] -- Up-to-date symlink: /home/maksmykha/Documents/RobotikProject/install/yolo_msgs/include/yolo_msgs/yolo_msgs/msg/detail/detection__struct.h
[1.656s] -- Up-to-date symlink: /home/maksmykha/Documents/RobotikProject/install/yolo_msgs/include/yolo_msgs/yolo_msgs/msg/detail/detection__type_support.h
[1.656s] -- Up-to-date symlink: /home/maksmykha/Documents/RobotikProject/install/yolo_msgs/include/yolo_msgs/yolo_msgs/msg/detail/detection_array__functions.h
[1.656s] -- Up-to-date symlink: /home/maksmykha/Documents/RobotikProject/install/yolo_msgs/include/yolo_msgs/yolo_msgs/msg/detail/detection_array__struct.h
[1.656s] -- Up-to-date symlink: /home/maksmykha/Documents/RobotikProject/install/yolo_msgs/include/yolo_msgs/yolo_msgs/msg/detail/detection_array__type_support.h
[1.656s] -- Up-to-date symlink: /home/maksmykha/Documents/RobotikProject/install/yolo_msgs/include/yolo_msgs/yolo_msgs/msg/detail/key_point2_d__functions.h
[1.656s] -- Up-to-date symlink: /home/maksmykha/Documents/RobotikProject/install/yolo_msgs/include/yolo_msgs/yolo_msgs/msg/detail/key_point2_d__struct.h
[1.656s] -- Up-to-date symlink: /home/maksmykha/Documents/RobotikProject/install/yolo_msgs/include/yolo_msgs/yolo_msgs/msg/detail/key_point2_d__type_support.h
[1.656s] -- Up-to-date symlink: /home/maksmykha/Documents/RobotikProject/install/yolo_msgs/include/yolo_msgs/yolo_msgs/msg/detail/key_point2_d_array__functions.h
[1.656s] -- Up-to-date symlink: /home/maksmykha/Documents/RobotikProject/install/yolo_msgs/include/yolo_msgs/yolo_msgs/msg/detail/key_point2_d_array__struct.h
[1.656s] -- Up-to-date symlink: /home/maksmykha/Documents/RobotikProject/install/yolo_msgs/include/yolo_msgs/yolo_msgs/msg/detail/key_point2_d_array__type_support.h
[1.656s] -- Up-to-date symlink: /home/maksmykha/Documents/RobotikProject/install/yolo_msgs/include/yolo_msgs/yolo_msgs/msg/detail/key_point3_d__functions.h
[1.656s] -- Up-to-date symlink: /home/maksmykha/Documents/RobotikProject/install/yolo_msgs/include/yolo_msgs/yolo_msgs/msg/detail/key_point3_d__struct.h
[1.656s] -- Up-to-date symlink: /home/maksmykha/Documents/RobotikProject/install/yolo_msgs/include/yolo_msgs/yolo_msgs/msg/detail/key_point3_d__type_support.h
[1.656s] -- Up-to-date symlink: /home/maksmykha/Documents/RobotikProject/install/yolo_msgs/include/yolo_msgs/yolo_msgs/msg/detail/key_point3_d_array__functions.h
[1.656s] -- Up-to-date symlink: /home/maksmykha/Documents/RobotikProject/install/yolo_msgs/include/yolo_msgs/yolo_msgs/msg/detail/key_point3_d_array__struct.h
[1.657s] -- Up-to-date symlink: /home/maksmykha/Documents/RobotikProject/install/yolo_msgs/include/yolo_msgs/yolo_msgs/msg/detail/key_point3_d_array__type_support.h
[1.657s] -- Up-to-date symlink: /home/maksmykha/Documents/RobotikProject/install/yolo_msgs/include/yolo_msgs/yolo_msgs/msg/detail/mask__functions.h
[1.657s] -- Up-to-date symlink: /home/maksmykha/Documents/RobotikProject/install/yolo_msgs/include/yolo_msgs/yolo_msgs/msg/detail/mask__struct.h
[1.657s] -- Up-to-date symlink: /home/maksmykha/Documents/RobotikProject/install/yolo_msgs/include/yolo_msgs/yolo_msgs/msg/detail/mask__type_support.h
[1.657s] -- Up-to-date symlink: /home/maksmykha/Documents/RobotikProject/install/yolo_msgs/include/yolo_msgs/yolo_msgs/msg/detail/point2_d__functions.h
[1.657s] -- Up-to-date symlink: /home/maksmykha/Documents/RobotikProject/install/yolo_msgs/include/yolo_msgs/yolo_msgs/msg/detail/point2_d__struct.h
[1.657s] -- Up-to-date symlink: /home/maksmykha/Documents/RobotikProject/install/yolo_msgs/include/yolo_msgs/yolo_msgs/msg/detail/point2_d__type_support.h
[1.657s] -- Up-to-date symlink: /home/maksmykha/Documents/RobotikProject/install/yolo_msgs/include/yolo_msgs/yolo_msgs/msg/detail/pose2_d__functions.h
[1.657s] -- Up-to-date symlink: /home/maksmykha/Documents/RobotikProject/install/yolo_msgs/include/yolo_msgs/yolo_msgs/msg/detail/pose2_d__struct.h
[1.657s] -- Up-to-date symlink: /home/maksmykha/Documents/RobotikProject/install/yolo_msgs/include/yolo_msgs/yolo_msgs/msg/detail/pose2_d__type_support.h
[1.657s] -- Up-to-date symlink: /home/maksmykha/Documents/RobotikProject/install/yolo_msgs/include/yolo_msgs/yolo_msgs/msg/detail/vector2__functions.h
[1.657s] -- Up-to-date symlink: /home/maksmykha/Documents/RobotikProject/install/yolo_msgs/include/yolo_msgs/yolo_msgs/msg/detail/vector2__struct.h
[1.657s] -- Up-to-date symlink: /home/maksmykha/Documents/RobotikProject/install/yolo_msgs/include/yolo_msgs/yolo_msgs/msg/detail/vector2__type_support.h
[1.657s] -- Up-to-date symlink: /home/maksmykha/Documents/RobotikProject/install/yolo_msgs/include/yolo_msgs/yolo_msgs/msg/detection.h
[1.657s] -- Up-to-date symlink: /home/maksmykha/Documents/RobotikProject/install/yolo_msgs/include/yolo_msgs/yolo_msgs/msg/detection_array.h
[1.657s] -- Up-to-date symlink: /home/maksmykha/Documents/RobotikProject/install/yolo_msgs/include/yolo_msgs/yolo_msgs/msg/key_point2_d.h
[1.657s] -- Up-to-date symlink: /home/maksmykha/Documents/RobotikProject/install/yolo_msgs/include/yolo_msgs/yolo_msgs/msg/key_point2_d_array.h
[1.657s] -- Up-to-date symlink: /home/maksmykha/Documents/RobotikProject/install/yolo_msgs/include/yolo_msgs/yolo_msgs/msg/key_point3_d.h
[1.661s] -- Up-to-date symlink: /home/maksmykha/Documents/RobotikProject/install/yolo_msgs/include/yolo_msgs/yolo_msgs/msg/key_point3_d_array.h
[1.661s] -- Up-to-date symlink: /home/maksmykha/Documents/RobotikProject/install/yolo_msgs/include/yolo_msgs/yolo_msgs/msg/mask.h
[1.662s] -- Up-to-date symlink: /home/maksmykha/Documents/RobotikProject/install/yolo_msgs/include/yolo_msgs/yolo_msgs/msg/point2_d.h
[1.662s] -- Up-to-date symlink: /home/maksmykha/Documents/RobotikProject/install/yolo_msgs/include/yolo_msgs/yolo_msgs/msg/pose2_d.h
[1.662s] -- Up-to-date symlink: /home/maksmykha/Documents/RobotikProject/install/yolo_msgs/include/yolo_msgs/yolo_msgs/msg/rosidl_generator_c__visibility_control.h
[1.662s] -- Up-to-date symlink: /home/maksmykha/Documents/RobotikProject/install/yolo_msgs/include/yolo_msgs/yolo_msgs/msg/vector2.h
[1.662s] -- Up-to-date symlink: /home/maksmykha/Documents/RobotikProject/install/yolo_msgs/include/yolo_msgs/yolo_msgs/srv/detail/set_classes__functions.h
[1.662s] -- Up-to-date symlink: /home/maksmykha/Documents/RobotikProject/install/yolo_msgs/include/yolo_msgs/yolo_msgs/srv/detail/set_classes__struct.h
[1.662s] -- Up-to-date symlink: /home/maksmykha/Documents/RobotikProject/install/yolo_msgs/include/yolo_msgs/yolo_msgs/srv/detail/set_classes__type_support.h
[1.662s] -- Up-to-date symlink: /home/maksmykha/Documents/RobotikProject/install/yolo_msgs/include/yolo_msgs/yolo_msgs/srv/set_classes.h
[1.662s] -- Up-to-date symlink: /home/maksmykha/Documents/RobotikProject/install/yolo_msgs/share/yolo_msgs/environment/library_path.sh
[1.662s] -- Up-to-date symlink: /home/maksmykha/Documents/RobotikProject/install/yolo_msgs/share/yolo_msgs/environment/library_path.dsv
[1.662s] -- Up-to-date symlink: /home/maksmykha/Documents/RobotikProject/install/yolo_msgs/include/yolo_msgs/yolo_msgs/msg/detail/bounding_box2_d__rosidl_typesupport_fastrtps_c.h
[1.662s] -- Up-to-date symlink: /home/maksmykha/Documents/RobotikProject/install/yolo_msgs/include/yolo_msgs/yolo_msgs/msg/detail/bounding_box3_d__rosidl_typesupport_fastrtps_c.h
[1.662s] -- Up-to-date symlink: /home/maksmykha/Documents/RobotikProject/install/yolo_msgs/include/yolo_msgs/yolo_msgs/msg/detail/detection__rosidl_typesupport_fastrtps_c.h
[1.662s] -- Up-to-date symlink: /home/maksmykha/Documents/RobotikProject/install/yolo_msgs/include/yolo_msgs/yolo_msgs/msg/detail/detection_array__rosidl_typesupport_fastrtps_c.h
[1.662s] -- Up-to-date symlink: /home/maksmykha/Documents/RobotikProject/install/yolo_msgs/include/yolo_msgs/yolo_msgs/msg/detail/key_point2_d__rosidl_typesupport_fastrtps_c.h
[1.662s] -- Up-to-date symlink: /home/maksmykha/Documents/RobotikProject/install/yolo_msgs/include/yolo_msgs/yolo_msgs/msg/detail/key_point2_d_array__rosidl_typesupport_fastrtps_c.h
[1.662s] -- Up-to-date symlink: /home/maksmykha/Documents/RobotikProject/install/yolo_msgs/include/yolo_msgs/yolo_msgs/msg/detail/key_point3_d__rosidl_typesupport_fastrtps_c.h
[1.662s] -- Up-to-date symlink: /home/maksmykha/Documents/RobotikProject/install/yolo_msgs/include/yolo_msgs/yolo_msgs/msg/detail/key_point3_d_array__rosidl_typesupport_fastrtps_c.h
[1.662s] -- Up-to-date symlink: /home/maksmykha/Documents/RobotikProject/install/yolo_msgs/include/yolo_msgs/yolo_msgs/msg/detail/mask__rosidl_typesupport_fastrtps_c.h
[1.663s] -- Up-to-date symlink: /home/maksmykha/Documents/RobotikProject/install/yolo_msgs/include/yolo_msgs/yolo_msgs/msg/detail/point2_d__rosidl_typesupport_fastrtps_c.h
[1.663s] -- Up-to-date symlink: /home/maksmykha/Documents/RobotikProject/install/yolo_msgs/include/yolo_msgs/yolo_msgs/msg/detail/pose2_d__rosidl_typesupport_fastrtps_c.h
[1.663s] -- Up-to-date symlink: /home/maksmykha/Documents/RobotikProject/install/yolo_msgs/include/yolo_msgs/yolo_msgs/msg/detail/vector2__rosidl_typesupport_fastrtps_c.h
[1.663s] -- Up-to-date symlink: /home/maksmykha/Documents/RobotikProject/install/yolo_msgs/include/yolo_msgs/yolo_msgs/msg/rosidl_typesupport_fastrtps_c__visibility_control.h
[1.663s] -- Up-to-date symlink: /home/maksmykha/Documents/RobotikProject/install/yolo_msgs/include/yolo_msgs/yolo_msgs/srv/detail/set_classes__rosidl_typesupport_fastrtps_c.h
[1.663s] -- Up-to-date symlink: /home/maksmykha/Documents/RobotikProject/install/yolo_msgs/include/yolo_msgs/yolo_msgs/msg/detail/bounding_box2_d__rosidl_typesupport_introspection_c.h
[1.663s] -- Up-to-date symlink: /home/maksmykha/Documents/RobotikProject/install/yolo_msgs/include/yolo_msgs/yolo_msgs/msg/detail/bounding_box3_d__rosidl_typesupport_introspection_c.h
[1.663s] -- Up-to-date symlink: /home/maksmykha/Documents/RobotikProject/install/yolo_msgs/include/yolo_msgs/yolo_msgs/msg/detail/detection__rosidl_typesupport_introspection_c.h
[1.663s] -- Up-to-date symlink: /home/maksmykha/Documents/RobotikProject/install/yolo_msgs/include/yolo_msgs/yolo_msgs/msg/detail/detection_array__rosidl_typesupport_introspection_c.h
[1.663s] -- Up-to-date symlink: /home/maksmykha/Documents/RobotikProject/install/yolo_msgs/include/yolo_msgs/yolo_msgs/msg/detail/key_point2_d__rosidl_typesupport_introspection_c.h
[1.663s] -- Up-to-date symlink: /home/maksmykha/Documents/RobotikProject/install/yolo_msgs/include/yolo_msgs/yolo_msgs/msg/detail/key_point2_d_array__rosidl_typesupport_introspection_c.h
[1.663s] -- Up-to-date symlink: /home/maksmykha/Documents/RobotikProject/install/yolo_msgs/include/yolo_msgs/yolo_msgs/msg/detail/key_point3_d__rosidl_typesupport_introspection_c.h
[1.663s] -- Up-to-date symlink: /home/maksmykha/Documents/RobotikProject/install/yolo_msgs/include/yolo_msgs/yolo_msgs/msg/detail/key_point3_d_array__rosidl_typesupport_introspection_c.h
[1.663s] -- Up-to-date symlink: /home/maksmykha/Documents/RobotikProject/install/yolo_msgs/include/yolo_msgs/yolo_msgs/msg/detail/mask__rosidl_typesupport_introspection_c.h
[1.663s] -- Up-to-date symlink: /home/maksmykha/Documents/RobotikProject/install/yolo_msgs/include/yolo_msgs/yolo_msgs/msg/detail/point2_d__rosidl_typesupport_introspection_c.h
[1.663s] -- Up-to-date symlink: /home/maksmykha/Documents/RobotikProject/install/yolo_msgs/include/yolo_msgs/yolo_msgs/msg/detail/pose2_d__rosidl_typesupport_introspection_c.h
[1.663s] -- Up-to-date symlink: /home/maksmykha/Documents/RobotikProject/install/yolo_msgs/include/yolo_msgs/yolo_msgs/msg/detail/vector2__rosidl_typesupport_introspection_c.h
[1.663s] -- Up-to-date symlink: /home/maksmykha/Documents/RobotikProject/install/yolo_msgs/include/yolo_msgs/yolo_msgs/msg/rosidl_typesupport_introspection_c__visibility_control.h
[1.663s] -- Up-to-date symlink: /home/maksmykha/Documents/RobotikProject/install/yolo_msgs/include/yolo_msgs/yolo_msgs/srv/detail/set_classes__rosidl_typesupport_introspection_c.h
[1.663s] -- Up-to-date symlink: /home/maksmykha/Documents/RobotikProject/install/yolo_msgs/include/yolo_msgs/yolo_msgs/msg/bounding_box2_d.hpp
[1.664s] -- Up-to-date symlink: /home/maksmykha/Documents/RobotikProject/install/yolo_msgs/include/yolo_msgs/yolo_msgs/msg/bounding_box3_d.hpp
[1.664s] -- Up-to-date symlink: /home/maksmykha/Documents/RobotikProject/install/yolo_msgs/include/yolo_msgs/yolo_msgs/msg/detail/bounding_box2_d__builder.hpp
[1.664s] -- Up-to-date symlink: /home/maksmykha/Documents/RobotikProject/install/yolo_msgs/include/yolo_msgs/yolo_msgs/msg/detail/bounding_box2_d__struct.hpp
[1.664s] -- Up-to-date symlink: /home/maksmykha/Documents/RobotikProject/install/yolo_msgs/include/yolo_msgs/yolo_msgs/msg/detail/bounding_box2_d__traits.hpp
[1.664s] -- Up-to-date symlink: /home/maksmykha/Documents/RobotikProject/install/yolo_msgs/include/yolo_msgs/yolo_msgs/msg/detail/bounding_box2_d__type_support.hpp
[1.664s] -- Up-to-date symlink: /home/maksmykha/Documents/RobotikProject/install/yolo_msgs/include/yolo_msgs/yolo_msgs/msg/detail/bounding_box3_d__builder.hpp
[1.664s] -- Up-to-date symlink: /home/maksmykha/Documents/RobotikProject/install/yolo_msgs/include/yolo_msgs/yolo_msgs/msg/detail/bounding_box3_d__struct.hpp
[1.664s] -- Up-to-date symlink: /home/maksmykha/Documents/RobotikProject/install/yolo_msgs/include/yolo_msgs/yolo_msgs/msg/detail/bounding_box3_d__traits.hpp
[1.664s] -- Up-to-date symlink: /home/maksmykha/Documents/RobotikProject/install/yolo_msgs/include/yolo_msgs/yolo_msgs/msg/detail/bounding_box3_d__type_support.hpp
[1.664s] -- Up-to-date symlink: /home/maksmykha/Documents/RobotikProject/install/yolo_msgs/include/yolo_msgs/yolo_msgs/msg/detail/detection__builder.hpp
[1.664s] -- Up-to-date symlink: /home/maksmykha/Documents/RobotikProject/install/yolo_msgs/include/yolo_msgs/yolo_msgs/msg/detail/detection__struct.hpp
[1.664s] -- Up-to-date symlink: /home/maksmykha/Documents/RobotikProject/install/yolo_msgs/include/yolo_msgs/yolo_msgs/msg/detail/detection__traits.hpp
[1.664s] -- Up-to-date symlink: /home/maksmykha/Documents/RobotikProject/install/yolo_msgs/include/yolo_msgs/yolo_msgs/msg/detail/detection__type_support.hpp
[1.664s] -- Up-to-date symlink: /home/maksmykha/Documents/RobotikProject/install/yolo_msgs/include/yolo_msgs/yolo_msgs/msg/detail/detection_array__builder.hpp
[1.664s] -- Up-to-date symlink: /home/maksmykha/Documents/RobotikProject/install/yolo_msgs/include/yolo_msgs/yolo_msgs/msg/detail/detection_array__struct.hpp
[1.664s] -- Up-to-date symlink: /home/maksmykha/Documents/RobotikProject/install/yolo_msgs/include/yolo_msgs/yolo_msgs/msg/detail/detection_array__traits.hpp
[1.664s] -- Up-to-date symlink: /home/maksmykha/Documents/RobotikProject/install/yolo_msgs/include/yolo_msgs/yolo_msgs/msg/detail/detection_array__type_support.hpp
[1.664s] -- Up-to-date symlink: /home/maksmykha/Documents/RobotikProject/install/yolo_msgs/include/yolo_msgs/yolo_msgs/msg/detail/key_point2_d__builder.hpp
[1.664s] -- Up-to-date symlink: /home/maksmykha/Documents/RobotikProject/install/yolo_msgs/include/yolo_msgs/yolo_msgs/msg/detail/key_point2_d__struct.hpp
[1.673s] -- Up-to-date symlink: /home/maksmykha/Documents/RobotikProject/install/yolo_msgs/include/yolo_msgs/yolo_msgs/msg/detail/key_point2_d__traits.hpp
[1.673s] -- Up-to-date symlink: /home/maksmykha/Documents/RobotikProject/install/yolo_msgs/include/yolo_msgs/yolo_msgs/msg/detail/key_point2_d__type_support.hpp
[1.673s] -- Up-to-date symlink: /home/maksmykha/Documents/RobotikProject/install/yolo_msgs/include/yolo_msgs/yolo_msgs/msg/detail/key_point2_d_array__builder.hpp
[1.673s] -- Up-to-date symlink: /home/maksmykha/Documents/RobotikProject/install/yolo_msgs/include/yolo_msgs/yolo_msgs/msg/detail/key_point2_d_array__struct.hpp
[1.673s] -- Up-to-date symlink: /home/maksmykha/Documents/RobotikProject/install/yolo_msgs/include/yolo_msgs/yolo_msgs/msg/detail/key_point2_d_array__traits.hpp
[1.673s] -- Up-to-date symlink: /home/maksmykha/Documents/RobotikProject/install/yolo_msgs/include/yolo_msgs/yolo_msgs/msg/detail/key_point2_d_array__type_support.hpp
[1.673s] -- Up-to-date symlink: /home/maksmykha/Documents/RobotikProject/install/yolo_msgs/include/yolo_msgs/yolo_msgs/msg/detail/key_point3_d__builder.hpp
[1.673s] -- Up-to-date symlink: /home/maksmykha/Documents/RobotikProject/install/yolo_msgs/include/yolo_msgs/yolo_msgs/msg/detail/key_point3_d__struct.hpp
[1.673s] -- Up-to-date symlink: /home/maksmykha/Documents/RobotikProject/install/yolo_msgs/include/yolo_msgs/yolo_msgs/msg/detail/key_point3_d__traits.hpp
[1.673s] -- Up-to-date symlink: /home/maksmykha/Documents/RobotikProject/install/yolo_msgs/include/yolo_msgs/yolo_msgs/msg/detail/key_point3_d__type_support.hpp
[1.673s] -- Up-to-date symlink: /home/maksmykha/Documents/RobotikProject/install/yolo_msgs/include/yolo_msgs/yolo_msgs/msg/detail/key_point3_d_array__builder.hpp
[1.673s] -- Up-to-date symlink: /home/maksmykha/Documents/RobotikProject/install/yolo_msgs/include/yolo_msgs/yolo_msgs/msg/detail/key_point3_d_array__struct.hpp
[1.673s] -- Up-to-date symlink: /home/maksmykha/Documents/RobotikProject/install/yolo_msgs/include/yolo_msgs/yolo_msgs/msg/detail/key_point3_d_array__traits.hpp
[1.673s] -- Up-to-date symlink: /home/maksmykha/Documents/RobotikProject/install/yolo_msgs/include/yolo_msgs/yolo_msgs/msg/detail/key_point3_d_array__type_support.hpp
[1.673s] -- Up-to-date symlink: /home/maksmykha/Documents/RobotikProject/install/yolo_msgs/include/yolo_msgs/yolo_msgs/msg/detail/mask__builder.hpp
[1.673s] -- Up-to-date symlink: /home/maksmykha/Documents/RobotikProject/install/yolo_msgs/include/yolo_msgs/yolo_msgs/msg/detail/mask__struct.hpp
[1.676s] -- Up-to-date symlink: /home/maksmykha/Documents/RobotikProject/install/yolo_msgs/include/yolo_msgs/yolo_msgs/msg/detail/mask__traits.hpp
[1.676s] -- Up-to-date symlink: /home/maksmykha/Documents/RobotikProject/install/yolo_msgs/include/yolo_msgs/yolo_msgs/msg/detail/mask__type_support.hpp
[1.676s] -- Up-to-date symlink: /home/maksmykha/Documents/RobotikProject/install/yolo_msgs/include/yolo_msgs/yolo_msgs/msg/detail/point2_d__builder.hpp
[1.676s] -- Up-to-date symlink: /home/maksmykha/Documents/RobotikProject/install/yolo_msgs/include/yolo_msgs/yolo_msgs/msg/detail/point2_d__struct.hpp
[1.676s] -- Up-to-date symlink: /home/maksmykha/Documents/RobotikProject/install/yolo_msgs/include/yolo_msgs/yolo_msgs/msg/detail/point2_d__traits.hpp
[1.676s] -- Up-to-date symlink: /home/maksmykha/Documents/RobotikProject/install/yolo_msgs/include/yolo_msgs/yolo_msgs/msg/detail/point2_d__type_support.hpp
[1.676s] -- Up-to-date symlink: /home/maksmykha/Documents/RobotikProject/install/yolo_msgs/include/yolo_msgs/yolo_msgs/msg/detail/pose2_d__builder.hpp
[1.676s] -- Up-to-date symlink: /home/maksmykha/Documents/RobotikProject/install/yolo_msgs/include/yolo_msgs/yolo_msgs/msg/detail/pose2_d__struct.hpp
[1.676s] -- Up-to-date symlink: /home/maksmykha/Documents/RobotikProject/install/yolo_msgs/include/yolo_msgs/yolo_msgs/msg/detail/pose2_d__traits.hpp
[1.676s] -- Up-to-date symlink: /home/maksmykha/Documents/RobotikProject/install/yolo_msgs/include/yolo_msgs/yolo_msgs/msg/detail/pose2_d__type_support.hpp
[1.676s] -- Up-to-date symlink: /home/maksmykha/Documents/RobotikProject/install/yolo_msgs/include/yolo_msgs/yolo_msgs/msg/detail/vector2__builder.hpp
[1.677s] -- Up-to-date symlink: /home/maksmykha/Documents/RobotikProject/install/yolo_msgs/include/yolo_msgs/yolo_msgs/msg/detail/vector2__struct.hpp
[1.680s] -- Up-to-date symlink: /home/maksmykha/Documents/RobotikProject/install/yolo_msgs/include/yolo_msgs/yolo_msgs/msg/detail/vector2__traits.hpp
[1.680s] -- Up-to-date symlink: /home/maksmykha/Documents/RobotikProject/install/yolo_msgs/include/yolo_msgs/yolo_msgs/msg/detail/vector2__type_support.hpp
[1.680s] -- Up-to-date symlink: /home/maksmykha/Documents/RobotikProject/install/yolo_msgs/include/yolo_msgs/yolo_msgs/msg/detection.hpp
[1.680s] -- Up-to-date symlink: /home/maksmykha/Documents/RobotikProject/install/yolo_msgs/include/yolo_msgs/yolo_msgs/msg/detection_array.hpp
[1.680s] -- Up-to-date symlink: /home/maksmykha/Documents/RobotikProject/install/yolo_msgs/include/yolo_msgs/yolo_msgs/msg/key_point2_d.hpp
[1.681s] -- Up-to-date symlink: /home/maksmykha/Documents/RobotikProject/install/yolo_msgs/include/yolo_msgs/yolo_msgs/msg/key_point2_d_array.hpp
[1.681s] -- Up-to-date symlink: /home/maksmykha/Documents/RobotikProject/install/yolo_msgs/include/yolo_msgs/yolo_msgs/msg/key_point3_d.hpp
[1.681s] -- Up-to-date symlink: /home/maksmykha/Documents/RobotikProject/install/yolo_msgs/include/yolo_msgs/yolo_msgs/msg/key_point3_d_array.hpp
[1.681s] -- Up-to-date symlink: /home/maksmykha/Documents/RobotikProject/install/yolo_msgs/include/yolo_msgs/yolo_msgs/msg/mask.hpp
[1.681s] -- Up-to-date symlink: /home/maksmykha/Documents/RobotikProject/install/yolo_msgs/include/yolo_msgs/yolo_msgs/msg/point2_d.hpp
[1.681s] -- Up-to-date symlink: /home/maksmykha/Documents/RobotikProject/install/yolo_msgs/include/yolo_msgs/yolo_msgs/msg/pose2_d.hpp
[1.681s] -- Up-to-date symlink: /home/maksmykha/Documents/RobotikProject/install/yolo_msgs/include/yolo_msgs/yolo_msgs/msg/rosidl_generator_cpp__visibility_control.hpp
[1.681s] -- Up-to-date symlink: /home/maksmykha/Documents/RobotikProject/install/yolo_msgs/include/yolo_msgs/yolo_msgs/msg/vector2.hpp
[1.681s] -- Up-to-date symlink: /home/maksmykha/Documents/RobotikProject/install/yolo_msgs/include/yolo_msgs/yolo_msgs/srv/detail/set_classes__builder.hpp
[1.681s] -- Up-to-date symlink: /home/maksmykha/Documents/RobotikProject/install/yolo_msgs/include/yolo_msgs/yolo_msgs/srv/detail/set_classes__struct.hpp
[1.681s] -- Up-to-date symlink: /home/maksmykha/Documents/RobotikProject/install/yolo_msgs/include/yolo_msgs/yolo_msgs/srv/detail/set_classes__traits.hpp
[1.681s] -- Up-to-date symlink: /home/maksmykha/Documents/RobotikProject/install/yolo_msgs/include/yolo_msgs/yolo_msgs/srv/detail/set_classes__type_support.hpp
[1.681s] -- Up-to-date symlink: /home/maksmykha/Documents/RobotikProject/install/yolo_msgs/include/yolo_msgs/yolo_msgs/srv/set_classes.hpp
[1.681s] -- Up-to-date symlink: /home/maksmykha/Documents/RobotikProject/install/yolo_msgs/include/yolo_msgs/yolo_msgs/msg/detail/bounding_box2_d__rosidl_typesupport_fastrtps_cpp.hpp
[1.681s] -- Up-to-date symlink: /home/maksmykha/Documents/RobotikProject/install/yolo_msgs/include/yolo_msgs/yolo_msgs/msg/detail/bounding_box3_d__rosidl_typesupport_fastrtps_cpp.hpp
[1.681s] -- Up-to-date symlink: /home/maksmykha/Documents/RobotikProject/install/yolo_msgs/include/yolo_msgs/yolo_msgs/msg/detail/detection__rosidl_typesupport_fastrtps_cpp.hpp
[1.681s] -- Up-to-date symlink: /home/maksmykha/Documents/RobotikProject/install/yolo_msgs/include/yolo_msgs/yolo_msgs/msg/detail/detection_array__rosidl_typesupport_fastrtps_cpp.hpp
[1.681s] -- Up-to-date symlink: /home/maksmykha/Documents/RobotikProject/install/yolo_msgs/include/yolo_msgs/yolo_msgs/msg/detail/key_point2_d__rosidl_typesupport_fastrtps_cpp.hpp
[1.681s] -- Up-to-date symlink: /home/maksmykha/Documents/RobotikProject/install/yolo_msgs/include/yolo_msgs/yolo_msgs/msg/detail/key_point2_d_array__rosidl_typesupport_fastrtps_cpp.hpp
[1.681s] -- Up-to-date symlink: /home/maksmykha/Documents/RobotikProject/install/yolo_msgs/include/yolo_msgs/yolo_msgs/msg/detail/key_point3_d__rosidl_typesupport_fastrtps_cpp.hpp
[1.681s] -- Up-to-date symlink: /home/maksmykha/Documents/RobotikProject/install/yolo_msgs/include/yolo_msgs/yolo_msgs/msg/detail/key_point3_d_array__rosidl_typesupport_fastrtps_cpp.hpp
[1.681s] -- Up-to-date symlink: /home/maksmykha/Documents/RobotikProject/install/yolo_msgs/include/yolo_msgs/yolo_msgs/msg/detail/mask__rosidl_typesupport_fastrtps_cpp.hpp
[1.682s] -- Up-to-date symlink: /home/maksmykha/Documents/RobotikProject/install/yolo_msgs/include/yolo_msgs/yolo_msgs/msg/detail/point2_d__rosidl_typesupport_fastrtps_cpp.hpp
[1.682s] -- Up-to-date symlink: /home/maksmykha/Documents/RobotikProject/install/yolo_msgs/include/yolo_msgs/yolo_msgs/msg/detail/pose2_d__rosidl_typesupport_fastrtps_cpp.hpp
[1.682s] -- Up-to-date symlink: /home/maksmykha/Documents/RobotikProject/install/yolo_msgs/include/yolo_msgs/yolo_msgs/msg/detail/vector2__rosidl_typesupport_fastrtps_cpp.hpp
[1.682s] -- Up-to-date symlink: /home/maksmykha/Documents/RobotikProject/install/yolo_msgs/include/yolo_msgs/yolo_msgs/msg/rosidl_typesupport_fastrtps_cpp__visibility_control.h
[1.682s] -- Up-to-date symlink: /home/maksmykha/Documents/RobotikProject/install/yolo_msgs/include/yolo_msgs/yolo_msgs/srv/detail/set_classes__rosidl_typesupport_fastrtps_cpp.hpp
[1.685s] -- Up-to-date symlink: /home/maksmykha/Documents/RobotikProject/install/yolo_msgs/include/yolo_msgs/yolo_msgs/msg/detail/bounding_box2_d__rosidl_typesupport_introspection_cpp.hpp
[1.685s] -- Up-to-date symlink: /home/maksmykha/Documents/RobotikProject/install/yolo_msgs/include/yolo_msgs/yolo_msgs/msg/detail/bounding_box3_d__rosidl_typesupport_introspection_cpp.hpp
[1.685s] -- Up-to-date symlink: /home/maksmykha/Documents/RobotikProject/install/yolo_msgs/include/yolo_msgs/yolo_msgs/msg/detail/detection__rosidl_typesupport_introspection_cpp.hpp
[1.685s] -- Up-to-date symlink: /home/maksmykha/Documents/RobotikProject/install/yolo_msgs/include/yolo_msgs/yolo_msgs/msg/detail/detection_array__rosidl_typesupport_introspection_cpp.hpp
[1.686s] -- Up-to-date symlink: /home/maksmykha/Documents/RobotikProject/install/yolo_msgs/include/yolo_msgs/yolo_msgs/msg/detail/key_point2_d__rosidl_typesupport_introspection_cpp.hpp
[1.686s] -- Up-to-date symlink: /home/maksmykha/Documents/RobotikProject/install/yolo_msgs/include/yolo_msgs/yolo_msgs/msg/detail/key_point2_d_array__rosidl_typesupport_introspection_cpp.hpp
[1.686s] -- Up-to-date symlink: /home/maksmykha/Documents/RobotikProject/install/yolo_msgs/include/yolo_msgs/yolo_msgs/msg/detail/key_point3_d__rosidl_typesupport_introspection_cpp.hpp
[1.686s] -- Up-to-date symlink: /home/maksmykha/Documents/RobotikProject/install/yolo_msgs/include/yolo_msgs/yolo_msgs/msg/detail/key_point3_d_array__rosidl_typesupport_introspection_cpp.hpp
[1.686s] -- Up-to-date symlink: /home/maksmykha/Documents/RobotikProject/install/yolo_msgs/include/yolo_msgs/yolo_msgs/msg/detail/mask__rosidl_typesupport_introspection_cpp.hpp
[1.686s] -- Up-to-date symlink: /home/maksmykha/Documents/RobotikProject/install/yolo_msgs/include/yolo_msgs/yolo_msgs/msg/detail/point2_d__rosidl_typesupport_introspection_cpp.hpp
[1.686s] -- Up-to-date symlink: /home/maksmykha/Documents/RobotikProject/install/yolo_msgs/include/yolo_msgs/yolo_msgs/msg/detail/pose2_d__rosidl_typesupport_introspection_cpp.hpp
[1.686s] -- Up-to-date symlink: /home/maksmykha/Documents/RobotikProject/install/yolo_msgs/include/yolo_msgs/yolo_msgs/msg/detail/vector2__rosidl_typesupport_introspection_cpp.hpp
[1.686s] -- Up-to-date symlink: /home/maksmykha/Documents/RobotikProject/install/yolo_msgs/include/yolo_msgs/yolo_msgs/srv/detail/set_classes__rosidl_typesupport_introspection_cpp.hpp
[1.686s] -- Up-to-date symlink: /home/maksmykha/Documents/RobotikProject/install/yolo_msgs/share/yolo_msgs/environment/pythonpath.sh
[1.686s] -- Up-to-date symlink: /home/maksmykha/Documents/RobotikProject/install/yolo_msgs/share/yolo_msgs/environment/pythonpath.dsv
[1.686s] -- Up-to-date symlink: /home/maksmykha/Documents/RobotikProject/install/yolo_msgs/lib/python3.12/site-packages/yolo_msgs-4.6.1-py3.12.egg-info/PKG-INFO
[1.686s] -- Up-to-date symlink: /home/maksmykha/Documents/RobotikProject/install/yolo_msgs/lib/python3.12/site-packages/yolo_msgs-4.6.1-py3.12.egg-info/SOURCES.txt
[1.686s] -- Up-to-date symlink: /home/maksmykha/Documents/RobotikProject/install/yolo_msgs/lib/python3.12/site-packages/yolo_msgs-4.6.1-py3.12.egg-info/dependency_links.txt
[1.686s] -- Up-to-date symlink: /home/maksmykha/Documents/RobotikProject/install/yolo_msgs/lib/python3.12/site-packages/yolo_msgs-4.6.1-py3.12.egg-info/top_level.txt
[1.686s] -- Up-to-date symlink: /home/maksmykha/Documents/RobotikProject/install/yolo_msgs/lib/python3.12/site-packages/yolo_msgs/__init__.py
[1.686s] -- Up-to-date symlink: /home/maksmykha/Documents/RobotikProject/install/yolo_msgs/lib/python3.12/site-packages/yolo_msgs/_yolo_msgs_s.ep.rosidl_typesupport_c.c
[1.686s] -- Up-to-date symlink: /home/maksmykha/Documents/RobotikProject/install/yolo_msgs/lib/python3.12/site-packages/yolo_msgs/_yolo_msgs_s.ep.rosidl_typesupport_fastrtps_c.c
[1.686s] -- Up-to-date symlink: /home/maksmykha/Documents/RobotikProject/install/yolo_msgs/lib/python3.12/site-packages/yolo_msgs/_yolo_msgs_s.ep.rosidl_typesupport_introspection_c.c
[1.686s] -- Up-to-date symlink: /home/maksmykha/Documents/RobotikProject/install/yolo_msgs/lib/python3.12/site-packages/yolo_msgs/msg/__init__.py
[1.686s] -- Up-to-date symlink: /home/maksmykha/Documents/RobotikProject/install/yolo_msgs/lib/python3.12/site-packages/yolo_msgs/msg/_bounding_box2_d.py
[1.686s] -- Up-to-date symlink: /home/maksmykha/Documents/RobotikProject/install/yolo_msgs/lib/python3.12/site-packages/yolo_msgs/msg/_bounding_box2_d_s.c
[1.686s] -- Up-to-date symlink: /home/maksmykha/Documents/RobotikProject/install/yolo_msgs/lib/python3.12/site-packages/yolo_msgs/msg/_bounding_box3_d.py
[1.686s] -- Up-to-date symlink: /home/maksmykha/Documents/RobotikProject/install/yolo_msgs/lib/python3.12/site-packages/yolo_msgs/msg/_bounding_box3_d_s.c
[1.686s] -- Up-to-date symlink: /home/maksmykha/Documents/RobotikProject/install/yolo_msgs/lib/python3.12/site-packages/yolo_msgs/msg/_detection.py
[1.686s] -- Up-to-date symlink: /home/maksmykha/Documents/RobotikProject/install/yolo_msgs/lib/python3.12/site-packages/yolo_msgs/msg/_detection_array.py
[1.686s] -- Up-to-date symlink: /home/maksmykha/Documents/RobotikProject/install/yolo_msgs/lib/python3.12/site-packages/yolo_msgs/msg/_detection_array_s.c
[1.686s] -- Up-to-date symlink: /home/maksmykha/Documents/RobotikProject/install/yolo_msgs/lib/python3.12/site-packages/yolo_msgs/msg/_detection_s.c
[1.686s] -- Up-to-date symlink: /home/maksmykha/Documents/RobotikProject/install/yolo_msgs/lib/python3.12/site-packages/yolo_msgs/msg/_key_point2_d.py
[1.687s] -- Up-to-date symlink: /home/maksmykha/Documents/RobotikProject/install/yolo_msgs/lib/python3.12/site-packages/yolo_msgs/msg/_key_point2_d_array.py
[1.687s] -- Up-to-date symlink: /home/maksmykha/Documents/RobotikProject/install/yolo_msgs/lib/python3.12/site-packages/yolo_msgs/msg/_key_point2_d_array_s.c
[1.687s] -- Up-to-date symlink: /home/maksmykha/Documents/RobotikProject/install/yolo_msgs/lib/python3.12/site-packages/yolo_msgs/msg/_key_point2_d_s.c
[1.687s] -- Up-to-date symlink: /home/maksmykha/Documents/RobotikProject/install/yolo_msgs/lib/python3.12/site-packages/yolo_msgs/msg/_key_point3_d.py
[1.687s] -- Up-to-date symlink: /home/maksmykha/Documents/RobotikProject/install/yolo_msgs/lib/python3.12/site-packages/yolo_msgs/msg/_key_point3_d_array.py
[1.687s] -- Up-to-date symlink: /home/maksmykha/Documents/RobotikProject/install/yolo_msgs/lib/python3.12/site-packages/yolo_msgs/msg/_key_point3_d_array_s.c
[1.687s] -- Up-to-date symlink: /home/maksmykha/Documents/RobotikProject/install/yolo_msgs/lib/python3.12/site-packages/yolo_msgs/msg/_key_point3_d_s.c
[1.687s] -- Up-to-date symlink: /home/maksmykha/Documents/RobotikProject/install/yolo_msgs/lib/python3.12/site-packages/yolo_msgs/msg/_mask.py
[1.687s] -- Up-to-date symlink: /home/maksmykha/Documents/RobotikProject/install/yolo_msgs/lib/python3.12/site-packages/yolo_msgs/msg/_mask_s.c
[1.687s] -- Up-to-date symlink: /home/maksmykha/Documents/RobotikProject/install/yolo_msgs/lib/python3.12/site-packages/yolo_msgs/msg/_point2_d.py
[1.687s] -- Up-to-date symlink: /home/maksmykha/Documents/RobotikProject/install/yolo_msgs/lib/python3.12/site-packages/yolo_msgs/msg/_point2_d_s.c
[1.687s] -- Up-to-date symlink: /home/maksmykha/Documents/RobotikProject/install/yolo_msgs/lib/python3.12/site-packages/yolo_msgs/msg/_pose2_d.py
[1.687s] -- Up-to-date symlink: /home/maksmykha/Documents/RobotikProject/install/yolo_msgs/lib/python3.12/site-packages/yolo_msgs/msg/_pose2_d_s.c
[1.688s] -- Up-to-date symlink: /home/maksmykha/Documents/RobotikProject/install/yolo_msgs/lib/python3.12/site-packages/yolo_msgs/msg/_vector2.py
[1.691s] -- Up-to-date symlink: /home/maksmykha/Documents/RobotikProject/install/yolo_msgs/lib/python3.12/site-packages/yolo_msgs/msg/_vector2_s.c
[1.691s] -- Up-to-date symlink: /home/maksmykha/Documents/RobotikProject/install/yolo_msgs/lib/python3.12/site-packages/yolo_msgs/srv/__init__.py
[1.692s] -- Up-to-date symlink: /home/maksmykha/Documents/RobotikProject/install/yolo_msgs/lib/python3.12/site-packages/yolo_msgs/srv/_set_classes.py
[1.692s] -- Up-to-date symlink: /home/maksmykha/Documents/RobotikProject/install/yolo_msgs/lib/python3.12/site-packages/yolo_msgs/srv/_set_classes_s.c
[1.692s] -- Up-to-date symlink: /home/maksmykha/Documents/RobotikProject/install/yolo_msgs/lib/python3.12/site-packages/yolo_msgs/yolo_msgs_s__rosidl_typesupport_c.so
[1.692s] -- Up-to-date symlink: /home/maksmykha/Documents/RobotikProject/install/yolo_msgs/lib/python3.12/site-packages/yolo_msgs/yolo_msgs_s__rosidl_typesupport_fastrtps_c.so
[1.692s] -- Up-to-date symlink: /home/maksmykha/Documents/RobotikProject/install/yolo_msgs/lib/python3.12/site-packages/yolo_msgs/yolo_msgs_s__rosidl_typesupport_introspection_c.so
[1.692s] -- Up-to-date symlink: /home/maksmykha/Documents/RobotikProject/install/yolo_msgs/lib/python3.12/site-packages/yolo_msgs/yolo_msgs_s__rosidl_typesupport_fastrtps_c.so
[1.692s] -- Up-to-date symlink: /home/maksmykha/Documents/RobotikProject/install/yolo_msgs/lib/python3.12/site-packages/yolo_msgs/yolo_msgs_s__rosidl_typesupport_introspection_c.so
[1.692s] -- Up-to-date symlink: /home/maksmykha/Documents/RobotikProject/install/yolo_msgs/lib/python3.12/site-packages/yolo_msgs/yolo_msgs_s__rosidl_typesupport_c.so
[1.692s] -- Up-to-date symlink: /home/maksmykha/Documents/RobotikProject/install/yolo_msgs/share/ament_index/resource_index/rust_packages/yolo_msgs
[1.692s] -- Up-to-date symlink: /home/maksmykha/Documents/RobotikProject/install/yolo_msgs/share/yolo_msgs/rust/Cargo.toml
[1.692s] -- Up-to-date symlink: /home/maksmykha/Documents/RobotikProject/install/yolo_msgs/share/yolo_msgs/rust/build.rs
[1.694s] -- Up-to-date symlink: /home/maksmykha/Documents/RobotikProject/install/yolo_msgs/share/yolo_msgs/rust/src/lib.rs
[1.694s] -- Up-to-date symlink: /home/maksmykha/Documents/RobotikProject/install/yolo_msgs/share/yolo_msgs/rust/src/msg.rs
[1.694s] -- Up-to-date symlink: /home/maksmykha/Documents/RobotikProject/install/yolo_msgs/share/yolo_msgs/rust/src/msg/rmw.rs
[1.694s] -- Up-to-date symlink: /home/maksmykha/Documents/RobotikProject/install/yolo_msgs/share/yolo_msgs/rust/src/srv.rs
[1.694s] -- Up-to-date symlink: /home/maksmykha/Documents/RobotikProject/install/yolo_msgs/share/yolo_msgs/rust/src/srv/rmw.rs
[1.694s] -- Up-to-date symlink: /home/maksmykha/Documents/RobotikProject/install/yolo_msgs/share/yolo_msgs/msg/Point2D.idl
[1.694s] -- Up-to-date symlink: /home/maksmykha/Documents/RobotikProject/install/yolo_msgs/share/yolo_msgs/msg/Vector2.idl
[1.695s] -- Up-to-date symlink: /home/maksmykha/Documents/RobotikProject/install/yolo_msgs/share/yolo_msgs/msg/Pose2D.idl
[1.695s] -- Up-to-date symlink: /home/maksmykha/Documents/RobotikProject/install/yolo_msgs/share/yolo_msgs/msg/BoundingBox2D.idl
[1.695s] -- Up-to-date symlink: /home/maksmykha/Documents/RobotikProject/install/yolo_msgs/share/yolo_msgs/msg/BoundingBox3D.idl
[1.695s] -- Up-to-date symlink: /home/maksmykha/Documents/RobotikProject/install/yolo_msgs/share/yolo_msgs/msg/Mask.idl
[1.695s] -- Up-to-date symlink: /home/maksmykha/Documents/RobotikProject/install/yolo_msgs/share/yolo_msgs/msg/KeyPoint2D.idl
[1.695s] -- Up-to-date symlink: /home/maksmykha/Documents/RobotikProject/install/yolo_msgs/share/yolo_msgs/msg/KeyPoint2DArray.idl
[1.695s] -- Up-to-date symlink: /home/maksmykha/Documents/RobotikProject/install/yolo_msgs/share/yolo_msgs/msg/KeyPoint3D.idl
[1.695s] -- Up-to-date symlink: /home/maksmykha/Documents/RobotikProject/install/yolo_msgs/share/yolo_msgs/msg/KeyPoint3DArray.idl
[1.695s] -- Up-to-date symlink: /home/maksmykha/Documents/RobotikProject/install/yolo_msgs/share/yolo_msgs/msg/Detection.idl
[1.695s] -- Up-to-date symlink: /home/maksmykha/Documents/RobotikProject/install/yolo_msgs/share/yolo_msgs/msg/DetectionArray.idl
[1.695s] -- Up-to-date symlink: /home/maksmykha/Documents/RobotikProject/install/yolo_msgs/share/yolo_msgs/srv/SetClasses.idl
[1.695s] -- Up-to-date symlink: /home/maksmykha/Documents/RobotikProject/install/yolo_msgs/share/yolo_msgs/msg/Point2D.msg
[1.695s] -- Up-to-date symlink: /home/maksmykha/Documents/RobotikProject/install/yolo_msgs/share/yolo_msgs/msg/Vector2.msg
[1.695s] -- Up-to-date symlink: /home/maksmykha/Documents/RobotikProject/install/yolo_msgs/share/yolo_msgs/msg/Pose2D.msg
[1.695s] -- Up-to-date symlink: /home/maksmykha/Documents/RobotikProject/install/yolo_msgs/share/yolo_msgs/msg/BoundingBox2D.msg
[1.695s] -- Up-to-date symlink: /home/maksmykha/Documents/RobotikProject/install/yolo_msgs/share/yolo_msgs/msg/BoundingBox3D.msg
[1.695s] -- Up-to-date symlink: /home/maksmykha/Documents/RobotikProject/install/yolo_msgs/share/yolo_msgs/msg/Mask.msg
[1.695s] -- Up-to-date symlink: /home/maksmykha/Documents/RobotikProject/install/yolo_msgs/share/yolo_msgs/msg/KeyPoint2D.msg
[1.695s] -- Up-to-date symlink: /home/maksmykha/Documents/RobotikProject/install/yolo_msgs/share/yolo_msgs/msg/KeyPoint2DArray.msg
[1.696s] -- Up-to-date symlink: /home/maksmykha/Documents/RobotikProject/install/yolo_msgs/share/yolo_msgs/msg/KeyPoint3D.msg
[1.696s] -- Up-to-date symlink: /home/maksmykha/Documents/RobotikProject/install/yolo_msgs/share/yolo_msgs/msg/KeyPoint3DArray.msg
[1.696s] -- Up-to-date symlink: /home/maksmykha/Documents/RobotikProject/install/yolo_msgs/share/yolo_msgs/msg/Detection.msg
[1.696s] -- Up-to-date symlink: /home/maksmykha/Documents/RobotikProject/install/yolo_msgs/share/yolo_msgs/msg/DetectionArray.msg
[1.696s] -- Up-to-date symlink: /home/maksmykha/Documents/RobotikProject/install/yolo_msgs/share/yolo_msgs/srv/SetClasses.srv
[1.696s] -- Up-to-date symlink: /home/maksmykha/Documents/RobotikProject/install/yolo_msgs/share/ament_index/resource_index/package_run_dependencies/yolo_msgs
[1.696s] -- Up-to-date symlink: /home/maksmykha/Documents/RobotikProject/install/yolo_msgs/share/ament_index/resource_index/parent_prefix_path/yolo_msgs
[1.696s] -- Up-to-date symlink: /home/maksmykha/Documents/RobotikProject/install/yolo_msgs/share/yolo_msgs/environment/ament_prefix_path.sh
[1.696s] -- Up-to-date symlink: /home/maksmykha/Documents/RobotikProject/install/yolo_msgs/share/yolo_msgs/environment/ament_prefix_path.dsv
[1.696s] -- Up-to-date symlink: /home/maksmykha/Documents/RobotikProject/install/yolo_msgs/share/yolo_msgs/environment/path.sh
[1.698s] -- Up-to-date symlink: /home/maksmykha/Documents/RobotikProject/install/yolo_msgs/share/yolo_msgs/environment/path.dsv
[1.698s] -- Up-to-date symlink: /home/maksmykha/Documents/RobotikProject/install/yolo_msgs/share/yolo_msgs/local_setup.bash
[1.698s] -- Up-to-date symlink: /home/maksmykha/Documents/RobotikProject/install/yolo_msgs/share/yolo_msgs/local_setup.sh
[1.698s] -- Up-to-date symlink: /home/maksmykha/Documents/RobotikProject/install/yolo_msgs/share/yolo_msgs/local_setup.zsh
[1.698s] -- Up-to-date symlink: /home/maksmykha/Documents/RobotikProject/install/yolo_msgs/share/yolo_msgs/local_setup.dsv
[1.698s] -- Symlinking: /home/maksmykha/Documents/RobotikProject/install/yolo_msgs/share/yolo_msgs/package.dsv
[1.717s] -- Up-to-date symlink: /home/maksmykha/Documents/RobotikProject/install/yolo_msgs/share/ament_index/resource_index/packages/yolo_msgs
[1.718s] -- Up-to-date symlink: /home/maksmykha/Documents/RobotikProject/install/yolo_msgs/share/yolo_msgs/cmake/rosidl_cmake-extras.cmake
[1.720s] -- Up-to-date symlink: /home/maksmykha/Documents/RobotikProject/install/yolo_msgs/share/yolo_msgs/cmake/ament_cmake_export_dependencies-extras.cmake
[1.720s] -- Up-to-date symlink: /home/maksmykha/Documents/RobotikProject/install/yolo_msgs/share/yolo_msgs/cmake/ament_cmake_export_include_directories-extras.cmake
[1.720s] -- Up-to-date symlink: /home/maksmykha/Documents/RobotikProject/install/yolo_msgs/share/yolo_msgs/cmake/ament_cmake_export_libraries-extras.cmake
[1.720s] -- Up-to-date symlink: /home/maksmykha/Documents/RobotikProject/install/yolo_msgs/share/yolo_msgs/cmake/ament_cmake_export_targets-extras.cmake
[1.720s] -- Up-to-date symlink: /home/maksmykha/Documents/RobotikProject/install/yolo_msgs/share/yolo_msgs/cmake/rosidl_cmake_export_typesupport_targets-extras.cmake
[1.725s] -- Up-to-date symlink: /home/maksmykha/Documents/RobotikProject/install/yolo_msgs/share/yolo_msgs/cmake/rosidl_cmake_export_typesupport_libraries-extras.cmake
[1.725s] -- Up-to-date symlink: /home/maksmykha/Documents/RobotikProject/install/yolo_msgs/share/yolo_msgs/cmake/yolo_msgsConfig.cmake
[1.725s] -- Up-to-date symlink: /home/maksmykha/Documents/RobotikProject/install/yolo_msgs/share/yolo_msgs/cmake/yolo_msgsConfig-version.cmake
[1.725s] -- Up-to-date symlink: /home/maksmykha/Documents/RobotikProject/install/yolo_msgs/share/yolo_msgs/package.xml
[1.725s] -- Up-to-date: /home/maksmykha/Documents/RobotikProject/install/yolo_msgs/lib/libyolo_msgs__rosidl_generator_c.so
[1.725s] -- Up-to-date: /home/maksmykha/Documents/RobotikProject/install/yolo_msgs/lib/libyolo_msgs__rosidl_typesupport_fastrtps_c.so
[1.725s] -- Up-to-date: /home/maksmykha/Documents/RobotikProject/install/yolo_msgs/lib/libyolo_msgs__rosidl_typesupport_introspection_c.so
[1.725s] -- Up-to-date: /home/maksmykha/Documents/RobotikProject/install/yolo_msgs/lib/libyolo_msgs__rosidl_typesupport_c.so
[1.725s] -- Up-to-date: /home/maksmykha/Documents/RobotikProject/install/yolo_msgs/lib/libyolo_msgs__rosidl_typesupport_fastrtps_cpp.so
[1.725s] -- Up-to-date: /home/maksmykha/Documents/RobotikProject/install/yolo_msgs/lib/libyolo_msgs__rosidl_typesupport_introspection_cpp.so
[1.725s] -- Up-to-date: /home/maksmykha/Documents/RobotikProject/install/yolo_msgs/lib/libyolo_msgs__rosidl_typesupport_cpp.so
[1.799s] Listing '/home/maksmykha/Documents/RobotikProject/install/yolo_msgs/lib/python3.12/site-packages/yolo_msgs'...
[1.799s] Listing '/home/maksmykha/Documents/RobotikProject/install/yolo_msgs/lib/python3.12/site-packages/yolo_msgs/msg'...
[1.799s] Listing '/home/maksmykha/Documents/RobotikProject/install/yolo_msgs/lib/python3.12/site-packages/yolo_msgs/srv'...
[1.799s] -- Up-to-date: /home/maksmykha/Documents/RobotikProject/install/yolo_msgs/lib/libyolo_msgs__rosidl_generator_py.so
[1.799s] -- Up-to-date: /home/maksmykha/Documents/RobotikProject/install/yolo_msgs/share/yolo_msgs/cmake/export_yolo_msgs__rosidl_generator_cExport.cmake
[1.799s] -- Up-to-date: /home/maksmykha/Documents/RobotikProject/install/yolo_msgs/share/yolo_msgs/cmake/export_yolo_msgs__rosidl_generator_cExport-noconfig.cmake
[1.799s] -- Up-to-date: /home/maksmykha/Documents/RobotikProject/install/yolo_msgs/share/yolo_msgs/cmake/export_yolo_msgs__rosidl_typesupport_fastrtps_cExport.cmake
[1.799s] -- Up-to-date: /home/maksmykha/Documents/RobotikProject/install/yolo_msgs/share/yolo_msgs/cmake/export_yolo_msgs__rosidl_typesupport_fastrtps_cExport-noconfig.cmake
[1.799s] -- Up-to-date: /home/maksmykha/Documents/RobotikProject/install/yolo_msgs/share/yolo_msgs/cmake/yolo_msgs__rosidl_typesupport_introspection_cExport.cmake
[1.799s] -- Up-to-date: /home/maksmykha/Documents/RobotikProject/install/yolo_msgs/share/yolo_msgs/cmake/yolo_msgs__rosidl_typesupport_introspection_cExport-noconfig.cmake
[1.799s] -- Up-to-date: /home/maksmykha/Documents/RobotikProject/install/yolo_msgs/share/yolo_msgs/cmake/yolo_msgs__rosidl_typesupport_cExport.cmake
[1.799s] -- Up-to-date: /home/maksmykha/Documents/RobotikProject/install/yolo_msgs/share/yolo_msgs/cmake/yolo_msgs__rosidl_typesupport_cExport-noconfig.cmake
[1.799s] -- Up-to-date: /home/maksmykha/Documents/RobotikProject/install/yolo_msgs/share/yolo_msgs/cmake/export_yolo_msgs__rosidl_generator_cppExport.cmake
[1.800s] -- Up-to-date: /home/maksmykha/Documents/RobotikProject/install/yolo_msgs/share/yolo_msgs/cmake/export_yolo_msgs__rosidl_typesupport_fastrtps_cppExport.cmake
[1.800s] -- Up-to-date: /home/maksmykha/Documents/RobotikProject/install/yolo_msgs/share/yolo_msgs/cmake/export_yolo_msgs__rosidl_typesupport_fastrtps_cppExport-noconfig.cmake
[1.800s] -- Up-to-date: /home/maksmykha/Documents/RobotikProject/install/yolo_msgs/share/yolo_msgs/cmake/yolo_msgs__rosidl_typesupport_introspection_cppExport.cmake
[1.800s] -- Up-to-date: /home/maksmykha/Documents/RobotikProject/install/yolo_msgs/share/yolo_msgs/cmake/yolo_msgs__rosidl_typesupport_introspection_cppExport-noconfig.cmake
[1.800s] -- Up-to-date: /home/maksmykha/Documents/RobotikProject/install/yolo_msgs/share/yolo_msgs/cmake/yolo_msgs__rosidl_typesupport_cppExport.cmake
[1.800s] -- Up-to-date: /home/maksmykha/Documents/RobotikProject/install/yolo_msgs/share/yolo_msgs/cmake/yolo_msgs__rosidl_typesupport_cppExport-noconfig.cmake
[1.800s] -- Up-to-date: /home/maksmykha/Documents/RobotikProject/install/yolo_msgs/share/yolo_msgs/cmake/export_yolo_msgs__rosidl_generator_pyExport.cmake
[1.800s] -- Up-to-date: /home/maksmykha/Documents/RobotikProject/install/yolo_msgs/share/yolo_msgs/cmake/export_yolo_msgs__rosidl_generator_pyExport-noconfig.cmake
[1.803s] Invoked command in '/home/maksmykha/Documents/RobotikProject/build/yolo_msgs' returned '0': CMAKE_PREFIX_PATH=${CMAKE_PREFIX_PATH}:/home/maksmykha/Documents/RobotikProject/install/yolo_ros:/home/maksmykha/Documents/RobotikProject/install/robotik_vision:/home/maksmykha/Documents/RobotikProject/install/robotik_sorting:/home/maksmykha/Documents/RobotikProject/install/robotik_gazebo:/home/maksmykha/Documents/RobotikProject/install/robotik_control:/home/maksmykha/Documents/RobotikProject/install/robotik_bringup:/opt/ros/jazzy DEBUGINFOD_URLS=https://debuginfod.ubuntu.com /usr/bin/cmake --install /home/maksmykha/Documents/RobotikProject/build/yolo_msgs
