[0.032s] Invoking command in '/home/maksmykha/Documents/RobotikProject/build/yolo_msgs': CMAKE_PREFIX_PATH=${CMAKE_PREFIX_PATH}:/home/maksmykha/Documents/RobotikProject/install/yolo_ros:/home/maksmykha/Documents/RobotikProject/install/robotik_vision:/home/maksmykha/Documents/RobotikProject/install/robotik_sorting:/home/maksmykha/Documents/RobotikProject/install/robotik_gazebo:/home/maksmykha/Documents/RobotikProject/install/robotik_control:/home/maksmykha/Documents/RobotikProject/install/robotik_bringup:/opt/ros/jazzy DEBUGINFOD_URLS=https://debuginfod.ubuntu.com /usr/bin/cmake --build /home/maksmykha/Documents/RobotikProject/build/yolo_msgs -- -j8 -l8
[0.559s] [  2%] Built target yolo_msgs__rosidl_generator_type_description
[0.559s] [  2%] Built target yolo_msgs__rs
[0.559s] [  2%] Built target ament_cmake_python_symlink_yolo_msgs
[0.559s] [  2%] Built target yolo_msgs__cpp
[0.559s] [ 28%] Built target yolo_msgs__rosidl_generator_c
[0.559s] [ 44%] Built target yolo_msgs__rosidl_typesupport_introspection_c
[0.559s] [ 46%] Built target yolo_msgs__rosidl_typesupport_cpp
[0.560s] [ 64%] Built target yolo_msgs__rosidl_typesupport_fastrtps_cpp
[0.561s] [ 66%] Built target yolo_msgs__rosidl_typesupport_fastrtps_c
[0.561s] [ 76%] Built target yolo_msgs__rosidl_typesupport_c
[0.561s] [ 86%] Built target yolo_msgs__rosidl_typesupport_introspection_cpp
[0.561s] [ 86%] Built target yolo_msgs
[0.562s] [ 87%] Built target yolo_msgs__py
[0.562s] [ 96%] Built target yolo_msgs__rosidl_generator_py
[0.562s] [100%] Built target yolo_msgs_s__rosidl_typesupport_fastrtps_c
[0.562s] [100%] Built target yolo_msgs_s__rosidl_typesupport_introspection_c
[0.562s] [ 98%] Built target yolo_msgs_s__rosidl_typesupport_c
[0.562s] running egg_info
[0.562s] writing yolo_msgs.egg-info/PKG-INFO
[0.562s] writing dependency_links to yolo_msgs.egg-info/dependency_links.txt
[0.563s] writing top-level names to yolo_msgs.egg-info/top_level.txt
[0.563s] reading manifest file 'yolo_msgs.egg-info/SOURCES.txt'
[0.563s] writing manifest file 'yolo_msgs.egg-info/SOURCES.txt'
[0.563s] [100%] Built target ament_cmake_python_build_yolo_msgs_egg
[0.563s] Invoked command in '/home/maksmykha/Documents/RobotikProject/build/yolo_msgs' returned '0': CMAKE_PREFIX_PATH=${CMAKE_PREFIX_PATH}:/home/maksmykha/Documents/RobotikProject/install/yolo_ros:/home/maksmykha/Documents/RobotikProject/install/robotik_vision:/home/maksmykha/Documents/RobotikProject/install/robotik_sorting:/home/maksmykha/Documents/RobotikProject/install/robotik_gazebo:/home/maksmykha/Documents/RobotikProject/install/robotik_control:/home/maksmykha/Documents/RobotikProject/install/robotik_bringup:/opt/ros/jazzy DEBUGINFOD_URLS=https://debuginfod.ubuntu.com /usr/bin/cmake --build /home/maksmykha/Documents/RobotikProject/build/yolo_msgs -- -j8 -l8
[0.569s] Invoking command in '/home/maksmykha/Documents/RobotikProject/build/yolo_msgs': CMAKE_PREFIX_PATH=${CMAKE_PREFIX_PATH}:/home/maksmykha/Documents/RobotikProject/install/yolo_ros:/home/maksmykha/Documents/RobotikProject/install/robotik_vision:/home/maksmykha/Documents/RobotikProject/install/robotik_sorting:/home/maksmykha/Documents/RobotikProject/install/robotik_gazebo:/home/maksmykha/Documents/RobotikProject/install/robotik_control:/home/maksmykha/Documents/RobotikProject/install/robotik_bringup:/opt/ros/jazzy DEBUGINFOD_URLS=https://debuginfod.ubuntu.com /usr/bin/cmake --install /home/maksmykha/Documents/RobotikProject/build/yolo_msgs
[0.708s] -- Install configuration: ""
[0.708s] -- Execute custom install script
[0.709s] -- Up-to-date symlink: /home/maksmykha/Documents/RobotikProject/install/yolo_msgs/share/ament_index/resource_index/rosidl_interfaces/yolo_msgs
[0.709s] -- Up-to-date symlink: /home/maksmykha/Documents/RobotikProject/install/yolo_msgs/share/yolo_msgs/msg/Point2D.json
[0.709s] -- Up-to-date symlink: /home/maksmykha/Documents/RobotikProject/install/yolo_msgs/share/yolo_msgs/msg/Vector2.json
[0.709s] -- Up-to-date symlink: /home/maksmykha/Documents/RobotikProject/install/yolo_msgs/share/yolo_msgs/msg/Pose2D.json
[0.709s] -- Up-to-date symlink: /home/maksmykha/Documents/RobotikProject/install/yolo_msgs/share/yolo_msgs/msg/BoundingBox2D.json
[0.709s] -- Up-to-date symlink: /home/maksmykha/Documents/RobotikProject/install/yolo_msgs/share/yolo_msgs/msg/BoundingBox3D.json
[0.709s] -- Up-to-date symlink: /home/maksmykha/Documents/RobotikProject/install/yolo_msgs/share/yolo_msgs/msg/Mask.json
[0.709s] -- Up-to-date symlink: /home/maksmykha/Documents/RobotikProject/install/yolo_msgs/share/yolo_msgs/msg/KeyPoint2D.json
[0.709s] -- Up-to-date symlink: /home/maksmykha/Documents/RobotikProject/install/yolo_msgs/share/yolo_msgs/msg/KeyPoint2DArray.json
[0.709s] -- Up-to-date symlink: /home/maksmykha/Documents/RobotikProject/install/yolo_msgs/share/yolo_msgs/msg/KeyPoint3D.json
[0.710s] -- Up-to-date symlink: /home/maksmykha/Documents/RobotikProject/install/yolo_msgs/share/yolo_msgs/msg/KeyPoint3DArray.json
[0.710s] -- Up-to-date symlink: /home/maksmykha/Documents/RobotikProject/install/yolo_msgs/share/yolo_msgs/msg/Detection.json
[0.710s] -- Up-to-date symlink: /home/maksmykha/Documents/RobotikProject/install/yolo_msgs/share/yolo_msgs/msg/DetectionArray.json
[0.710s] -- Up-to-date symlink: /home/maksmykha/Documents/RobotikProject/install/yolo_msgs/share/yolo_msgs/srv/SetClasses.json
[0.710s] -- Up-to-date symlink: /home/maksmykha/Documents/RobotikProject/install/yolo_msgs/include/yolo_msgs/yolo_msgs/msg/bounding_box2_d.h
[0.711s] -- Up-to-date symlink: /home/maksmykha/Documents/RobotikProject/install/yolo_msgs/include/yolo_msgs/yolo_msgs/msg/bounding_box3_d.h
[0.711s] -- Up-to-date symlink: /home/maksmykha/Documents/RobotikProject/install/yolo_msgs/include/yolo_msgs/yolo_msgs/msg/detail/bounding_box2_d__functions.h
[0.711s] -- Up-to-date symlink: /home/maksmykha/Documents/RobotikProject/install/yolo_msgs/include/yolo_msgs/yolo_msgs/msg/detail/bounding_box2_d__struct.h
[0.711s] -- Up-to-date symlink: /home/maksmykha/Documents/RobotikProject/install/yolo_msgs/include/yolo_msgs/yolo_msgs/msg/detail/bounding_box2_d__type_support.h
[0.711s] -- Up-to-date symlink: /home/maksmykha/Documents/RobotikProject/install/yolo_msgs/include/yolo_msgs/yolo_msgs/msg/detail/bounding_box3_d__functions.h
[0.711s] -- Up-to-date symlink: /home/maksmykha/Documents/RobotikProject/install/yolo_msgs/include/yolo_msgs/yolo_msgs/msg/detail/bounding_box3_d__struct.h
[0.711s] -- Up-to-date symlink: /home/maksmykha/Documents/RobotikProject/install/yolo_msgs/include/yolo_msgs/yolo_msgs/msg/detail/bounding_box3_d__type_support.h
[0.712s] -- Up-to-date symlink: /home/maksmykha/Documents/RobotikProject/install/yolo_msgs/include/yolo_msgs/yolo_msgs/msg/detail/detection__functions.h
[0.712s] -- Up-to-date symlink: /home/maksmykha/Documents/RobotikProject/install/yolo_msgs/include/yolo_msgs/yolo_msgs/msg/detail/detection__struct.h
[0.712s] -- Up-to-date symlink: /home/maksmykha/Documents/RobotikProject/install/yolo_msgs/include/yolo_msgs/yolo_msgs/msg/detail/detection__type_support.h
[0.713s] -- Up-to-date symlink: /home/maksmykha/Documents/RobotikProject/install/yolo_msgs/include/yolo_msgs/yolo_msgs/msg/detail/detection_array__functions.h
[0.713s] -- Up-to-date symlink: /home/maksmykha/Documents/RobotikProject/install/yolo_msgs/include/yolo_msgs/yolo_msgs/msg/detail/detection_array__struct.h
[0.713s] -- Up-to-date symlink: /home/maksmykha/Documents/RobotikProject/install/yolo_msgs/include/yolo_msgs/yolo_msgs/msg/detail/detection_array__type_support.h
[0.713s] -- Up-to-date symlink: /home/maksmykha/Documents/RobotikProject/install/yolo_msgs/include/yolo_msgs/yolo_msgs/msg/detail/key_point2_d__functions.h
[0.714s] -- Up-to-date symlink: /home/maksmykha/Documents/RobotikProject/install/yolo_msgs/include/yolo_msgs/yolo_msgs/msg/detail/key_point2_d__struct.h
[0.714s] -- Up-to-date symlink: /home/maksmykha/Documents/RobotikProject/install/yolo_msgs/include/yolo_msgs/yolo_msgs/msg/detail/key_point2_d__type_support.h
[0.714s] -- Up-to-date symlink: /home/maksmykha/Documents/RobotikProject/install/yolo_msgs/include/yolo_msgs/yolo_msgs/msg/detail/key_point2_d_array__functions.h
[0.714s] -- Up-to-date symlink: /home/maksmykha/Documents/RobotikProject/install/yolo_msgs/include/yolo_msgs/yolo_msgs/msg/detail/key_point2_d_array__struct.h
[0.714s] -- Up-to-date symlink: /home/maksmykha/Documents/RobotikProject/install/yolo_msgs/include/yolo_msgs/yolo_msgs/msg/detail/key_point2_d_array__type_support.h
[0.715s] -- Up-to-date symlink: /home/maksmykha/Documents/RobotikProject/install/yolo_msgs/include/yolo_msgs/yolo_msgs/msg/detail/key_point3_d__functions.h
[0.715s] -- Up-to-date symlink: /home/maksmykha/Documents/RobotikProject/install/yolo_msgs/include/yolo_msgs/yolo_msgs/msg/detail/key_point3_d__struct.h
[0.715s] -- Up-to-date symlink: /home/maksmykha/Documents/RobotikProject/install/yolo_msgs/include/yolo_msgs/yolo_msgs/msg/detail/key_point3_d__type_support.h
[0.715s] -- Up-to-date symlink: /home/maksmykha/Documents/RobotikProject/install/yolo_msgs/include/yolo_msgs/yolo_msgs/msg/detail/key_point3_d_array__functions.h
[0.715s] -- Up-to-date symlink: /home/maksmykha/Documents/RobotikProject/install/yolo_msgs/include/yolo_msgs/yolo_msgs/msg/detail/key_point3_d_array__struct.h
[0.716s] -- Up-to-date symlink: /home/maksmykha/Documents/RobotikProject/install/yolo_msgs/include/yolo_msgs/yolo_msgs/msg/detail/key_point3_d_array__type_support.h
[0.716s] -- Up-to-date symlink: /home/maksmykha/Documents/RobotikProject/install/yolo_msgs/include/yolo_msgs/yolo_msgs/msg/detail/mask__functions.h
[0.716s] -- Up-to-date symlink: /home/maksmykha/Documents/RobotikProject/install/yolo_msgs/include/yolo_msgs/yolo_msgs/msg/detail/mask__struct.h
[0.716s] -- Up-to-date symlink: /home/maksmykha/Documents/RobotikProject/install/yolo_msgs/include/yolo_msgs/yolo_msgs/msg/detail/mask__type_support.h
[0.716s] -- Up-to-date symlink: /home/maksmykha/Documents/RobotikProject/install/yolo_msgs/include/yolo_msgs/yolo_msgs/msg/detail/point2_d__functions.h
[0.716s] -- Up-to-date symlink: /home/maksmykha/Documents/RobotikProject/install/yolo_msgs/include/yolo_msgs/yolo_msgs/msg/detail/point2_d__struct.h
[0.716s] -- Up-to-date symlink: /home/maksmykha/Documents/RobotikProject/install/yolo_msgs/include/yolo_msgs/yolo_msgs/msg/detail/point2_d__type_support.h
[0.716s] -- Up-to-date symlink: /home/maksmykha/Documents/RobotikProject/install/yolo_msgs/include/yolo_msgs/yolo_msgs/msg/detail/pose2_d__functions.h
[0.716s] -- Up-to-date symlink: /home/maksmykha/Documents/RobotikProject/install/yolo_msgs/include/yolo_msgs/yolo_msgs/msg/detail/pose2_d__struct.h
[0.717s] -- Up-to-date symlink: /home/maksmykha/Documents/RobotikProject/install/yolo_msgs/include/yolo_msgs/yolo_msgs/msg/detail/pose2_d__type_support.h
[0.717s] -- Up-to-date symlink: /home/maksmykha/Documents/RobotikProject/install/yolo_msgs/include/yolo_msgs/yolo_msgs/msg/detail/vector2__functions.h
[0.717s] -- Up-to-date symlink: /home/maksmykha/Documents/RobotikProject/install/yolo_msgs/include/yolo_msgs/yolo_msgs/msg/detail/vector2__struct.h
[0.717s] -- Up-to-date symlink: /home/maksmykha/Documents/RobotikProject/install/yolo_msgs/include/yolo_msgs/yolo_msgs/msg/detail/vector2__type_support.h
[0.717s] -- Up-to-date symlink: /home/maksmykha/Documents/RobotikProject/install/yolo_msgs/include/yolo_msgs/yolo_msgs/msg/detection.h
[0.717s] -- Up-to-date symlink: /home/maksmykha/Documents/RobotikProject/install/yolo_msgs/include/yolo_msgs/yolo_msgs/msg/detection_array.h
[0.718s] -- Up-to-date symlink: /home/maksmykha/Documents/RobotikProject/install/yolo_msgs/include/yolo_msgs/yolo_msgs/msg/key_point2_d.h
[0.718s] -- Up-to-date symlink: /home/maksmykha/Documents/RobotikProject/install/yolo_msgs/include/yolo_msgs/yolo_msgs/msg/key_point2_d_array.h
[0.719s] -- Up-to-date symlink: /home/maksmykha/Documents/RobotikProject/install/yolo_msgs/include/yolo_msgs/yolo_msgs/msg/key_point3_d.h
[0.719s] -- Up-to-date symlink: /home/maksmykha/Documents/RobotikProject/install/yolo_msgs/include/yolo_msgs/yolo_msgs/msg/key_point3_d_array.h
[0.719s] -- Up-to-date symlink: /home/maksmykha/Documents/RobotikProject/install/yolo_msgs/include/yolo_msgs/yolo_msgs/msg/mask.h
[0.719s] -- Up-to-date symlink: /home/maksmykha/Documents/RobotikProject/install/yolo_msgs/include/yolo_msgs/yolo_msgs/msg/point2_d.h
[0.719s] -- Up-to-date symlink: /home/maksmykha/Documents/RobotikProject/install/yolo_msgs/include/yolo_msgs/yolo_msgs/msg/pose2_d.h
[0.719s] -- Up-to-date symlink: /home/maksmykha/Documents/RobotikProject/install/yolo_msgs/include/yolo_msgs/yolo_msgs/msg/rosidl_generator_c__visibility_control.h
[0.719s] -- Up-to-date symlink: /home/maksmykha/Documents/RobotikProject/install/yolo_msgs/include/yolo_msgs/yolo_msgs/msg/vector2.h
[0.720s] -- Up-to-date symlink: /home/maksmykha/Documents/RobotikProject/install/yolo_msgs/include/yolo_msgs/yolo_msgs/srv/detail/set_classes__functions.h
[0.720s] -- Up-to-date symlink: /home/maksmykha/Documents/RobotikProject/install/yolo_msgs/include/yolo_msgs/yolo_msgs/srv/detail/set_classes__struct.h
[0.720s] -- Up-to-date symlink: /home/maksmykha/Documents/RobotikProject/install/yolo_msgs/include/yolo_msgs/yolo_msgs/srv/detail/set_classes__type_support.h
[0.720s] -- Up-to-date symlink: /home/maksmykha/Documents/RobotikProject/install/yolo_msgs/include/yolo_msgs/yolo_msgs/srv/set_classes.h
[0.721s] -- Up-to-date symlink: /home/maksmykha/Documents/RobotikProject/install/yolo_msgs/share/yolo_msgs/environment/library_path.sh
[0.721s] -- Up-to-date symlink: /home/maksmykha/Documents/RobotikProject/install/yolo_msgs/share/yolo_msgs/environment/library_path.dsv
[0.721s] -- Up-to-date symlink: /home/maksmykha/Documents/RobotikProject/install/yolo_msgs/include/yolo_msgs/yolo_msgs/msg/detail/bounding_box2_d__rosidl_typesupport_fastrtps_c.h
[0.721s] -- Up-to-date symlink: /home/maksmykha/Documents/RobotikProject/install/yolo_msgs/include/yolo_msgs/yolo_msgs/msg/detail/bounding_box3_d__rosidl_typesupport_fastrtps_c.h
[0.721s] -- Up-to-date symlink: /home/maksmykha/Documents/RobotikProject/install/yolo_msgs/include/yolo_msgs/yolo_msgs/msg/detail/detection__rosidl_typesupport_fastrtps_c.h
[0.721s] -- Up-to-date symlink: /home/maksmykha/Documents/RobotikProject/install/yolo_msgs/include/yolo_msgs/yolo_msgs/msg/detail/detection_array__rosidl_typesupport_fastrtps_c.h
[0.721s] -- Up-to-date symlink: /home/maksmykha/Documents/RobotikProject/install/yolo_msgs/include/yolo_msgs/yolo_msgs/msg/detail/key_point2_d__rosidl_typesupport_fastrtps_c.h
[0.721s] -- Up-to-date symlink: /home/maksmykha/Documents/RobotikProject/install/yolo_msgs/include/yolo_msgs/yolo_msgs/msg/detail/key_point2_d_array__rosidl_typesupport_fastrtps_c.h
[0.721s] -- Up-to-date symlink: /home/maksmykha/Documents/RobotikProject/install/yolo_msgs/include/yolo_msgs/yolo_msgs/msg/detail/key_point3_d__rosidl_typesupport_fastrtps_c.h
[0.721s] -- Up-to-date symlink: /home/maksmykha/Documents/RobotikProject/install/yolo_msgs/include/yolo_msgs/yolo_msgs/msg/detail/key_point3_d_array__rosidl_typesupport_fastrtps_c.h
[0.721s] -- Up-to-date symlink: /home/maksmykha/Documents/RobotikProject/install/yolo_msgs/include/yolo_msgs/yolo_msgs/msg/detail/mask__rosidl_typesupport_fastrtps_c.h
[0.721s] -- Up-to-date symlink: /home/maksmykha/Documents/RobotikProject/install/yolo_msgs/include/yolo_msgs/yolo_msgs/msg/detail/point2_d__rosidl_typesupport_fastrtps_c.h
[0.722s] -- Up-to-date symlink: /home/maksmykha/Documents/RobotikProject/install/yolo_msgs/include/yolo_msgs/yolo_msgs/msg/detail/pose2_d__rosidl_typesupport_fastrtps_c.h
[0.722s] -- Up-to-date symlink: /home/maksmykha/Documents/RobotikProject/install/yolo_msgs/include/yolo_msgs/yolo_msgs/msg/detail/vector2__rosidl_typesupport_fastrtps_c.h
[0.722s] -- Up-to-date symlink: /home/maksmykha/Documents/RobotikProject/install/yolo_msgs/include/yolo_msgs/yolo_msgs/msg/rosidl_typesupport_fastrtps_c__visibility_control.h
[0.722s] -- Up-to-date symlink: /home/maksmykha/Documents/RobotikProject/install/yolo_msgs/include/yolo_msgs/yolo_msgs/srv/detail/set_classes__rosidl_typesupport_fastrtps_c.h
[0.722s] -- Up-to-date symlink: /home/maksmykha/Documents/RobotikProject/install/yolo_msgs/include/yolo_msgs/yolo_msgs/msg/detail/bounding_box2_d__rosidl_typesupport_introspection_c.h
[0.722s] -- Up-to-date symlink: /home/maksmykha/Documents/RobotikProject/install/yolo_msgs/include/yolo_msgs/yolo_msgs/msg/detail/bounding_box3_d__rosidl_typesupport_introspection_c.h
[0.722s] -- Up-to-date symlink: /home/maksmykha/Documents/RobotikProject/install/yolo_msgs/include/yolo_msgs/yolo_msgs/msg/detail/detection__rosidl_typesupport_introspection_c.h
[0.722s] -- Up-to-date symlink: /home/maksmykha/Documents/RobotikProject/install/yolo_msgs/include/yolo_msgs/yolo_msgs/msg/detail/detection_array__rosidl_typesupport_introspection_c.h
[0.722s] -- Up-to-date symlink: /home/maksmykha/Documents/RobotikProject/install/yolo_msgs/include/yolo_msgs/yolo_msgs/msg/detail/key_point2_d__rosidl_typesupport_introspection_c.h
[0.722s] -- Up-to-date symlink: /home/maksmykha/Documents/RobotikProject/install/yolo_msgs/include/yolo_msgs/yolo_msgs/msg/detail/key_point2_d_array__rosidl_typesupport_introspection_c.h
[0.722s] -- Up-to-date symlink: /home/maksmykha/Documents/RobotikProject/install/yolo_msgs/include/yolo_msgs/yolo_msgs/msg/detail/key_point3_d__rosidl_typesupport_introspection_c.h
[0.722s] -- Up-to-date symlink: /home/maksmykha/Documents/RobotikProject/install/yolo_msgs/include/yolo_msgs/yolo_msgs/msg/detail/key_point3_d_array__rosidl_typesupport_introspection_c.h
[0.722s] -- Up-to-date symlink: /home/maksmykha/Documents/RobotikProject/install/yolo_msgs/include/yolo_msgs/yolo_msgs/msg/detail/mask__rosidl_typesupport_introspection_c.h
[0.722s] -- Up-to-date symlink: /home/maksmykha/Documents/RobotikProject/install/yolo_msgs/include/yolo_msgs/yolo_msgs/msg/detail/point2_d__rosidl_typesupport_introspection_c.h
[0.723s] -- Up-to-date symlink: /home/maksmykha/Documents/RobotikProject/install/yolo_msgs/include/yolo_msgs/yolo_msgs/msg/detail/pose2_d__rosidl_typesupport_introspection_c.h
[0.723s] -- Up-to-date symlink: /home/maksmykha/Documents/RobotikProject/install/yolo_msgs/include/yolo_msgs/yolo_msgs/msg/detail/vector2__rosidl_typesupport_introspection_c.h
[0.723s] -- Up-to-date symlink: /home/maksmykha/Documents/RobotikProject/install/yolo_msgs/include/yolo_msgs/yolo_msgs/msg/rosidl_typesupport_introspection_c__visibility_control.h
[0.723s] -- Up-to-date symlink: /home/maksmykha/Documents/RobotikProject/install/yolo_msgs/include/yolo_msgs/yolo_msgs/srv/detail/set_classes__rosidl_typesupport_introspection_c.h
[0.723s] -- Up-to-date symlink: /home/maksmykha/Documents/RobotikProject/install/yolo_msgs/include/yolo_msgs/yolo_msgs/msg/bounding_box2_d.hpp
[0.723s] -- Up-to-date symlink: /home/maksmykha/Documents/RobotikProject/install/yolo_msgs/include/yolo_msgs/yolo_msgs/msg/bounding_box3_d.hpp
[0.723s] -- Up-to-date symlink: /home/maksmykha/Documents/RobotikProject/install/yolo_msgs/include/yolo_msgs/yolo_msgs/msg/detail/bounding_box2_d__builder.hpp
[0.723s] -- Up-to-date symlink: /home/maksmykha/Documents/RobotikProject/install/yolo_msgs/include/yolo_msgs/yolo_msgs/msg/detail/bounding_box2_d__struct.hpp
[0.723s] -- Up-to-date symlink: /home/maksmykha/Documents/RobotikProject/install/yolo_msgs/include/yolo_msgs/yolo_msgs/msg/detail/bounding_box2_d__traits.hpp
[0.723s] -- Up-to-date symlink: /home/maksmykha/Documents/RobotikProject/install/yolo_msgs/include/yolo_msgs/yolo_msgs/msg/detail/bounding_box2_d__type_support.hpp
[0.723s] -- Up-to-date symlink: /home/maksmykha/Documents/RobotikProject/install/yolo_msgs/include/yolo_msgs/yolo_msgs/msg/detail/bounding_box3_d__builder.hpp
[0.723s] -- Up-to-date symlink: /home/maksmykha/Documents/RobotikProject/install/yolo_msgs/include/yolo_msgs/yolo_msgs/msg/detail/bounding_box3_d__struct.hpp
[0.723s] -- Up-to-date symlink: /home/maksmykha/Documents/RobotikProject/install/yolo_msgs/include/yolo_msgs/yolo_msgs/msg/detail/bounding_box3_d__traits.hpp
[0.723s] -- Up-to-date symlink: /home/maksmykha/Documents/RobotikProject/install/yolo_msgs/include/yolo_msgs/yolo_msgs/msg/detail/bounding_box3_d__type_support.hpp
[0.723s] -- Up-to-date symlink: /home/maksmykha/Documents/RobotikProject/install/yolo_msgs/include/yolo_msgs/yolo_msgs/msg/detail/detection__builder.hpp
[0.723s] -- Up-to-date symlink: /home/maksmykha/Documents/RobotikProject/install/yolo_msgs/include/yolo_msgs/yolo_msgs/msg/detail/detection__struct.hpp
[0.724s] -- Up-to-date symlink: /home/maksmykha/Documents/RobotikProject/install/yolo_msgs/include/yolo_msgs/yolo_msgs/msg/detail/detection__traits.hpp
[0.724s] -- Up-to-date symlink: /home/maksmykha/Documents/RobotikProject/install/yolo_msgs/include/yolo_msgs/yolo_msgs/msg/detail/detection__type_support.hpp
[0.724s] -- Up-to-date symlink: /home/maksmykha/Documents/RobotikProject/install/yolo_msgs/include/yolo_msgs/yolo_msgs/msg/detail/detection_array__builder.hpp
[0.724s] -- Up-to-date symlink: /home/maksmykha/Documents/RobotikProject/install/yolo_msgs/include/yolo_msgs/yolo_msgs/msg/detail/detection_array__struct.hpp
[0.724s] -- Up-to-date symlink: /home/maksmykha/Documents/RobotikProject/install/yolo_msgs/include/yolo_msgs/yolo_msgs/msg/detail/detection_array__traits.hpp
[0.724s] -- Up-to-date symlink: /home/maksmykha/Documents/RobotikProject/install/yolo_msgs/include/yolo_msgs/yolo_msgs/msg/detail/detection_array__type_support.hpp
[0.724s] -- Up-to-date symlink: /home/maksmykha/Documents/RobotikProject/install/yolo_msgs/include/yolo_msgs/yolo_msgs/msg/detail/key_point2_d__builder.hpp
[0.724s] -- Up-to-date symlink: /home/maksmykha/Documents/RobotikProject/install/yolo_msgs/include/yolo_msgs/yolo_msgs/msg/detail/key_point2_d__struct.hpp
[0.725s] -- Up-to-date symlink: /home/maksmykha/Documents/RobotikProject/install/yolo_msgs/include/yolo_msgs/yolo_msgs/msg/detail/key_point2_d__traits.hpp
[0.725s] -- Up-to-date symlink: /home/maksmykha/Documents/RobotikProject/install/yolo_msgs/include/yolo_msgs/yolo_msgs/msg/detail/key_point2_d__type_support.hpp
[0.725s] -- Up-to-date symlink: /home/maksmykha/Documents/RobotikProject/install/yolo_msgs/include/yolo_msgs/yolo_msgs/msg/detail/key_point2_d_array__builder.hpp
[0.725s] -- Up-to-date symlink: /home/maksmykha/Documents/RobotikProject/install/yolo_msgs/include/yolo_msgs/yolo_msgs/msg/detail/key_point2_d_array__struct.hpp
[0.725s] -- Up-to-date symlink: /home/maksmykha/Documents/RobotikProject/install/yolo_msgs/include/yolo_msgs/yolo_msgs/msg/detail/key_point2_d_array__traits.hpp
[0.725s] -- Up-to-date symlink: /home/maksmykha/Documents/RobotikProject/install/yolo_msgs/include/yolo_msgs/yolo_msgs/msg/detail/key_point2_d_array__type_support.hpp
[0.725s] -- Up-to-date symlink: /home/maksmykha/Documents/RobotikProject/install/yolo_msgs/include/yolo_msgs/yolo_msgs/msg/detail/key_point3_d__builder.hpp
[0.725s] -- Up-to-date symlink: /home/maksmykha/Documents/RobotikProject/install/yolo_msgs/include/yolo_msgs/yolo_msgs/msg/detail/key_point3_d__struct.hpp
[0.725s] -- Up-to-date symlink: /home/maksmykha/Documents/RobotikProject/install/yolo_msgs/include/yolo_msgs/yolo_msgs/msg/detail/key_point3_d__traits.hpp
[0.725s] -- Up-to-date symlink: /home/maksmykha/Documents/RobotikProject/install/yolo_msgs/include/yolo_msgs/yolo_msgs/msg/detail/key_point3_d__type_support.hpp
[0.725s] -- Up-to-date symlink: /home/maksmykha/Documents/RobotikProject/install/yolo_msgs/include/yolo_msgs/yolo_msgs/msg/detail/key_point3_d_array__builder.hpp
[0.725s] -- Up-to-date symlink: /home/maksmykha/Documents/RobotikProject/install/yolo_msgs/include/yolo_msgs/yolo_msgs/msg/detail/key_point3_d_array__struct.hpp
[0.725s] -- Up-to-date symlink: /home/maksmykha/Documents/RobotikProject/install/yolo_msgs/include/yolo_msgs/yolo_msgs/msg/detail/key_point3_d_array__traits.hpp
[0.726s] -- Up-to-date symlink: /home/maksmykha/Documents/RobotikProject/install/yolo_msgs/include/yolo_msgs/yolo_msgs/msg/detail/key_point3_d_array__type_support.hpp
[0.727s] -- Up-to-date symlink: /home/maksmykha/Documents/RobotikProject/install/yolo_msgs/include/yolo_msgs/yolo_msgs/msg/detail/mask__builder.hpp
[0.727s] -- Up-to-date symlink: /home/maksmykha/Documents/RobotikProject/install/yolo_msgs/include/yolo_msgs/yolo_msgs/msg/detail/mask__struct.hpp
[0.727s] -- Up-to-date symlink: /home/maksmykha/Documents/RobotikProject/install/yolo_msgs/include/yolo_msgs/yolo_msgs/msg/detail/mask__traits.hpp
[0.727s] -- Up-to-date symlink: /home/maksmykha/Documents/RobotikProject/install/yolo_msgs/include/yolo_msgs/yolo_msgs/msg/detail/mask__type_support.hpp
[0.728s] -- Up-to-date symlink: /home/maksmykha/Documents/RobotikProject/install/yolo_msgs/include/yolo_msgs/yolo_msgs/msg/detail/point2_d__builder.hpp
[0.728s] -- Up-to-date symlink: /home/maksmykha/Documents/RobotikProject/install/yolo_msgs/include/yolo_msgs/yolo_msgs/msg/detail/point2_d__struct.hpp
[0.728s] -- Up-to-date symlink: /home/maksmykha/Documents/RobotikProject/install/yolo_msgs/include/yolo_msgs/yolo_msgs/msg/detail/point2_d__traits.hpp
[0.729s] -- Up-to-date symlink: /home/maksmykha/Documents/RobotikProject/install/yolo_msgs/include/yolo_msgs/yolo_msgs/msg/detail/point2_d__type_support.hpp
[0.733s] -- Up-to-date symlink: /home/maksmykha/Documents/RobotikProject/install/yolo_msgs/include/yolo_msgs/yolo_msgs/msg/detail/pose2_d__builder.hpp
[0.733s] -- Up-to-date symlink: /home/maksmykha/Documents/RobotikProject/install/yolo_msgs/include/yolo_msgs/yolo_msgs/msg/detail/pose2_d__struct.hpp
[0.733s] -- Up-to-date symlink: /home/maksmykha/Documents/RobotikProject/install/yolo_msgs/include/yolo_msgs/yolo_msgs/msg/detail/pose2_d__traits.hpp
[0.733s] -- Up-to-date symlink: /home/maksmykha/Documents/RobotikProject/install/yolo_msgs/include/yolo_msgs/yolo_msgs/msg/detail/pose2_d__type_support.hpp
[0.733s] -- Up-to-date symlink: /home/maksmykha/Documents/RobotikProject/install/yolo_msgs/include/yolo_msgs/yolo_msgs/msg/detail/vector2__builder.hpp
[0.733s] -- Up-to-date symlink: /home/maksmykha/Documents/RobotikProject/install/yolo_msgs/include/yolo_msgs/yolo_msgs/msg/detail/vector2__struct.hpp
[0.733s] -- Up-to-date symlink: /home/maksmykha/Documents/RobotikProject/install/yolo_msgs/include/yolo_msgs/yolo_msgs/msg/detail/vector2__traits.hpp
[0.733s] -- Up-to-date symlink: /home/maksmykha/Documents/RobotikProject/install/yolo_msgs/include/yolo_msgs/yolo_msgs/msg/detail/vector2__type_support.hpp
[0.733s] -- Up-to-date symlink: /home/maksmykha/Documents/RobotikProject/install/yolo_msgs/include/yolo_msgs/yolo_msgs/msg/detection.hpp
[0.733s] -- Up-to-date symlink: /home/maksmykha/Documents/RobotikProject/install/yolo_msgs/include/yolo_msgs/yolo_msgs/msg/detection_array.hpp
[0.733s] -- Up-to-date symlink: /home/maksmykha/Documents/RobotikProject/install/yolo_msgs/include/yolo_msgs/yolo_msgs/msg/key_point2_d.hpp
[0.733s] -- Up-to-date symlink: /home/maksmykha/Documents/RobotikProject/install/yolo_msgs/include/yolo_msgs/yolo_msgs/msg/key_point2_d_array.hpp
[0.733s] -- Up-to-date symlink: /home/maksmykha/Documents/RobotikProject/install/yolo_msgs/include/yolo_msgs/yolo_msgs/msg/key_point3_d.hpp
[0.733s] -- Up-to-date symlink: /home/maksmykha/Documents/RobotikProject/install/yolo_msgs/include/yolo_msgs/yolo_msgs/msg/key_point3_d_array.hpp
[0.733s] -- Up-to-date symlink: /home/maksmykha/Documents/RobotikProject/install/yolo_msgs/include/yolo_msgs/yolo_msgs/msg/mask.hpp
[0.733s] -- Up-to-date symlink: /home/maksmykha/Documents/RobotikProject/install/yolo_msgs/include/yolo_msgs/yolo_msgs/msg/point2_d.hpp
[0.733s] -- Up-to-date symlink: /home/maksmykha/Documents/RobotikProject/install/yolo_msgs/include/yolo_msgs/yolo_msgs/msg/pose2_d.hpp
[0.734s] -- Up-to-date symlink: /home/maksmykha/Documents/RobotikProject/install/yolo_msgs/include/yolo_msgs/yolo_msgs/msg/rosidl_generator_cpp__visibility_control.hpp
[0.734s] -- Up-to-date symlink: /home/maksmykha/Documents/RobotikProject/install/yolo_msgs/include/yolo_msgs/yolo_msgs/msg/vector2.hpp
[0.734s] -- Up-to-date symlink: /home/maksmykha/Documents/RobotikProject/install/yolo_msgs/include/yolo_msgs/yolo_msgs/srv/detail/set_classes__builder.hpp
[0.734s] -- Up-to-date symlink: /home/maksmykha/Documents/RobotikProject/install/yolo_msgs/include/yolo_msgs/yolo_msgs/srv/detail/set_classes__struct.hpp
[0.734s] -- Up-to-date symlink: /home/maksmykha/Documents/RobotikProject/install/yolo_msgs/include/yolo_msgs/yolo_msgs/srv/detail/set_classes__traits.hpp
[0.734s] -- Up-to-date symlink: /home/maksmykha/Documents/RobotikProject/install/yolo_msgs/include/yolo_msgs/yolo_msgs/srv/detail/set_classes__type_support.hpp
[0.734s] -- Up-to-date symlink: /home/maksmykha/Documents/RobotikProject/install/yolo_msgs/include/yolo_msgs/yolo_msgs/srv/set_classes.hpp
[0.734s] -- Up-to-date symlink: /home/maksmykha/Documents/RobotikProject/install/yolo_msgs/include/yolo_msgs/yolo_msgs/msg/detail/bounding_box2_d__rosidl_typesupport_fastrtps_cpp.hpp
[0.734s] -- Up-to-date symlink: /home/maksmykha/Documents/RobotikProject/install/yolo_msgs/include/yolo_msgs/yolo_msgs/msg/detail/bounding_box3_d__rosidl_typesupport_fastrtps_cpp.hpp
[0.734s] -- Up-to-date symlink: /home/maksmykha/Documents/RobotikProject/install/yolo_msgs/include/yolo_msgs/yolo_msgs/msg/detail/detection__rosidl_typesupport_fastrtps_cpp.hpp
[0.734s] -- Up-to-date symlink: /home/maksmykha/Documents/RobotikProject/install/yolo_msgs/include/yolo_msgs/yolo_msgs/msg/detail/detection_array__rosidl_typesupport_fastrtps_cpp.hpp
[0.735s] -- Up-to-date symlink: /home/maksmykha/Documents/RobotikProject/install/yolo_msgs/include/yolo_msgs/yolo_msgs/msg/detail/key_point2_d__rosidl_typesupport_fastrtps_cpp.hpp
[0.735s] -- Up-to-date symlink: /home/maksmykha/Documents/RobotikProject/install/yolo_msgs/include/yolo_msgs/yolo_msgs/msg/detail/key_point2_d_array__rosidl_typesupport_fastrtps_cpp.hpp
[0.735s] -- Up-to-date symlink: /home/maksmykha/Documents/RobotikProject/install/yolo_msgs/include/yolo_msgs/yolo_msgs/msg/detail/key_point3_d__rosidl_typesupport_fastrtps_cpp.hpp
[0.735s] -- Up-to-date symlink: /home/maksmykha/Documents/RobotikProject/install/yolo_msgs/include/yolo_msgs/yolo_msgs/msg/detail/key_point3_d_array__rosidl_typesupport_fastrtps_cpp.hpp
[0.735s] -- Up-to-date symlink: /home/maksmykha/Documents/RobotikProject/install/yolo_msgs/include/yolo_msgs/yolo_msgs/msg/detail/mask__rosidl_typesupport_fastrtps_cpp.hpp
[0.735s] -- Up-to-date symlink: /home/maksmykha/Documents/RobotikProject/install/yolo_msgs/include/yolo_msgs/yolo_msgs/msg/detail/point2_d__rosidl_typesupport_fastrtps_cpp.hpp
[0.735s] -- Up-to-date symlink: /home/maksmykha/Documents/RobotikProject/install/yolo_msgs/include/yolo_msgs/yolo_msgs/msg/detail/pose2_d__rosidl_typesupport_fastrtps_cpp.hpp
[0.735s] -- Up-to-date symlink: /home/maksmykha/Documents/RobotikProject/install/yolo_msgs/include/yolo_msgs/yolo_msgs/msg/detail/vector2__rosidl_typesupport_fastrtps_cpp.hpp
[0.736s] -- Up-to-date symlink: /home/maksmykha/Documents/RobotikProject/install/yolo_msgs/include/yolo_msgs/yolo_msgs/msg/rosidl_typesupport_fastrtps_cpp__visibility_control.h
[0.736s] -- Up-to-date symlink: /home/maksmykha/Documents/RobotikProject/install/yolo_msgs/include/yolo_msgs/yolo_msgs/srv/detail/set_classes__rosidl_typesupport_fastrtps_cpp.hpp
[0.736s] -- Up-to-date symlink: /home/maksmykha/Documents/RobotikProject/install/yolo_msgs/include/yolo_msgs/yolo_msgs/msg/detail/bounding_box2_d__rosidl_typesupport_introspection_cpp.hpp
[0.736s] -- Up-to-date symlink: /home/maksmykha/Documents/RobotikProject/install/yolo_msgs/include/yolo_msgs/yolo_msgs/msg/detail/bounding_box3_d__rosidl_typesupport_introspection_cpp.hpp
[0.737s] -- Up-to-date symlink: /home/maksmykha/Documents/RobotikProject/install/yolo_msgs/include/yolo_msgs/yolo_msgs/msg/detail/detection__rosidl_typesupport_introspection_cpp.hpp
[0.737s] -- Up-to-date symlink: /home/maksmykha/Documents/RobotikProject/install/yolo_msgs/include/yolo_msgs/yolo_msgs/msg/detail/detection_array__rosidl_typesupport_introspection_cpp.hpp
[0.737s] -- Up-to-date symlink: /home/maksmykha/Documents/RobotikProject/install/yolo_msgs/include/yolo_msgs/yolo_msgs/msg/detail/key_point2_d__rosidl_typesupport_introspection_cpp.hpp
[0.737s] -- Up-to-date symlink: /home/maksmykha/Documents/RobotikProject/install/yolo_msgs/include/yolo_msgs/yolo_msgs/msg/detail/key_point2_d_array__rosidl_typesupport_introspection_cpp.hpp
[0.737s] -- Up-to-date symlink: /home/maksmykha/Documents/RobotikProject/install/yolo_msgs/include/yolo_msgs/yolo_msgs/msg/detail/key_point3_d__rosidl_typesupport_introspection_cpp.hpp
[0.738s] -- Up-to-date symlink: /home/maksmykha/Documents/RobotikProject/install/yolo_msgs/include/yolo_msgs/yolo_msgs/msg/detail/key_point3_d_array__rosidl_typesupport_introspection_cpp.hpp
[0.738s] -- Up-to-date symlink: /home/maksmykha/Documents/RobotikProject/install/yolo_msgs/include/yolo_msgs/yolo_msgs/msg/detail/mask__rosidl_typesupport_introspection_cpp.hpp
[0.738s] -- Up-to-date symlink: /home/maksmykha/Documents/RobotikProject/install/yolo_msgs/include/yolo_msgs/yolo_msgs/msg/detail/point2_d__rosidl_typesupport_introspection_cpp.hpp
[0.739s] -- Up-to-date symlink: /home/maksmykha/Documents/RobotikProject/install/yolo_msgs/include/yolo_msgs/yolo_msgs/msg/detail/pose2_d__rosidl_typesupport_introspection_cpp.hpp
[0.739s] -- Up-to-date symlink: /home/maksmykha/Documents/RobotikProject/install/yolo_msgs/include/yolo_msgs/yolo_msgs/msg/detail/vector2__rosidl_typesupport_introspection_cpp.hpp
[0.739s] -- Up-to-date symlink: /home/maksmykha/Documents/RobotikProject/install/yolo_msgs/include/yolo_msgs/yolo_msgs/srv/detail/set_classes__rosidl_typesupport_introspection_cpp.hpp
[0.739s] -- Up-to-date symlink: /home/maksmykha/Documents/RobotikProject/install/yolo_msgs/share/yolo_msgs/environment/pythonpath.sh
[0.739s] -- Up-to-date symlink: /home/maksmykha/Documents/RobotikProject/install/yolo_msgs/share/yolo_msgs/environment/pythonpath.dsv
[0.739s] -- Up-to-date symlink: /home/maksmykha/Documents/RobotikProject/install/yolo_msgs/lib/python3.12/site-packages/yolo_msgs-4.6.1-py3.12.egg-info/PKG-INFO
[0.739s] -- Up-to-date symlink: /home/maksmykha/Documents/RobotikProject/install/yolo_msgs/lib/python3.12/site-packages/yolo_msgs-4.6.1-py3.12.egg-info/SOURCES.txt
[0.739s] -- Up-to-date symlink: /home/maksmykha/Documents/RobotikProject/install/yolo_msgs/lib/python3.12/site-packages/yolo_msgs-4.6.1-py3.12.egg-info/dependency_links.txt
[0.739s] -- Up-to-date symlink: /home/maksmykha/Documents/RobotikProject/install/yolo_msgs/lib/python3.12/site-packages/yolo_msgs-4.6.1-py3.12.egg-info/top_level.txt
[0.739s] -- Up-to-date symlink: /home/maksmykha/Documents/RobotikProject/install/yolo_msgs/lib/python3.12/site-packages/yolo_msgs/__init__.py
[0.739s] -- Up-to-date symlink: /home/maksmykha/Documents/RobotikProject/install/yolo_msgs/lib/python3.12/site-packages/yolo_msgs/_yolo_msgs_s.ep.rosidl_typesupport_c.c
[0.739s] -- Up-to-date symlink: /home/maksmykha/Documents/RobotikProject/install/yolo_msgs/lib/python3.12/site-packages/yolo_msgs/_yolo_msgs_s.ep.rosidl_typesupport_fastrtps_c.c
[0.739s] -- Up-to-date symlink: /home/maksmykha/Documents/RobotikProject/install/yolo_msgs/lib/python3.12/site-packages/yolo_msgs/_yolo_msgs_s.ep.rosidl_typesupport_introspection_c.c
[0.739s] -- Up-to-date symlink: /home/maksmykha/Documents/RobotikProject/install/yolo_msgs/lib/python3.12/site-packages/yolo_msgs/msg/__init__.py
[0.740s] -- Up-to-date symlink: /home/maksmykha/Documents/RobotikProject/install/yolo_msgs/lib/python3.12/site-packages/yolo_msgs/msg/_bounding_box2_d.py
[0.740s] -- Up-to-date symlink: /home/maksmykha/Documents/RobotikProject/install/yolo_msgs/lib/python3.12/site-packages/yolo_msgs/msg/_bounding_box2_d_s.c
[0.740s] -- Up-to-date symlink: /home/maksmykha/Documents/RobotikProject/install/yolo_msgs/lib/python3.12/site-packages/yolo_msgs/msg/_bounding_box3_d.py
[0.741s] -- Up-to-date symlink: /home/maksmykha/Documents/RobotikProject/install/yolo_msgs/lib/python3.12/site-packages/yolo_msgs/msg/_bounding_box3_d_s.c
[0.741s] -- Up-to-date symlink: /home/maksmykha/Documents/RobotikProject/install/yolo_msgs/lib/python3.12/site-packages/yolo_msgs/msg/_detection.py
[0.741s] -- Up-to-date symlink: /home/maksmykha/Documents/RobotikProject/install/yolo_msgs/lib/python3.12/site-packages/yolo_msgs/msg/_detection_array.py
[0.741s] -- Up-to-date symlink: /home/maksmykha/Documents/RobotikProject/install/yolo_msgs/lib/python3.12/site-packages/yolo_msgs/msg/_detection_array_s.c
[0.743s] -- Up-to-date symlink: /home/maksmykha/Documents/RobotikProject/install/yolo_msgs/lib/python3.12/site-packages/yolo_msgs/msg/_detection_s.c
[0.743s] -- Up-to-date symlink: /home/maksmykha/Documents/RobotikProject/install/yolo_msgs/lib/python3.12/site-packages/yolo_msgs/msg/_key_point2_d.py
[0.743s] -- Up-to-date symlink: /home/maksmykha/Documents/RobotikProject/install/yolo_msgs/lib/python3.12/site-packages/yolo_msgs/msg/_key_point2_d_array.py
[0.743s] -- Up-to-date symlink: /home/maksmykha/Documents/RobotikProject/install/yolo_msgs/lib/python3.12/site-packages/yolo_msgs/msg/_key_point2_d_array_s.c
[0.744s] -- Up-to-date symlink: /home/maksmykha/Documents/RobotikProject/install/yolo_msgs/lib/python3.12/site-packages/yolo_msgs/msg/_key_point2_d_s.c
[0.744s] -- Up-to-date symlink: /home/maksmykha/Documents/RobotikProject/install/yolo_msgs/lib/python3.12/site-packages/yolo_msgs/msg/_key_point3_d.py
[0.744s] -- Up-to-date symlink: /home/maksmykha/Documents/RobotikProject/install/yolo_msgs/lib/python3.12/site-packages/yolo_msgs/msg/_key_point3_d_array.py
[0.744s] -- Up-to-date symlink: /home/maksmykha/Documents/RobotikProject/install/yolo_msgs/lib/python3.12/site-packages/yolo_msgs/msg/_key_point3_d_array_s.c
[0.744s] -- Up-to-date symlink: /home/maksmykha/Documents/RobotikProject/install/yolo_msgs/lib/python3.12/site-packages/yolo_msgs/msg/_key_point3_d_s.c
[0.744s] -- Up-to-date symlink: /home/maksmykha/Documents/RobotikProject/install/yolo_msgs/lib/python3.12/site-packages/yolo_msgs/msg/_mask.py
[0.744s] -- Up-to-date symlink: /home/maksmykha/Documents/RobotikProject/install/yolo_msgs/lib/python3.12/site-packages/yolo_msgs/msg/_mask_s.c
[0.745s] -- Up-to-date symlink: /home/maksmykha/Documents/RobotikProject/install/yolo_msgs/lib/python3.12/site-packages/yolo_msgs/msg/_point2_d.py
[0.745s] -- Up-to-date symlink: /home/maksmykha/Documents/RobotikProject/install/yolo_msgs/lib/python3.12/site-packages/yolo_msgs/msg/_point2_d_s.c
[0.745s] -- Up-to-date symlink: /home/maksmykha/Documents/RobotikProject/install/yolo_msgs/lib/python3.12/site-packages/yolo_msgs/msg/_pose2_d.py
[0.745s] -- Up-to-date symlink: /home/maksmykha/Documents/RobotikProject/install/yolo_msgs/lib/python3.12/site-packages/yolo_msgs/msg/_pose2_d_s.c
[0.745s] -- Up-to-date symlink: /home/maksmykha/Documents/RobotikProject/install/yolo_msgs/lib/python3.12/site-packages/yolo_msgs/msg/_vector2.py
[0.745s] -- Up-to-date symlink: /home/maksmykha/Documents/RobotikProject/install/yolo_msgs/lib/python3.12/site-packages/yolo_msgs/msg/_vector2_s.c
[0.745s] -- Up-to-date symlink: /home/maksmykha/Documents/RobotikProject/install/yolo_msgs/lib/python3.12/site-packages/yolo_msgs/srv/__init__.py
[0.745s] -- Up-to-date symlink: /home/maksmykha/Documents/RobotikProject/install/yolo_msgs/lib/python3.12/site-packages/yolo_msgs/srv/_set_classes.py
[0.745s] -- Up-to-date symlink: /home/maksmykha/Documents/RobotikProject/install/yolo_msgs/lib/python3.12/site-packages/yolo_msgs/srv/_set_classes_s.c
[0.745s] -- Up-to-date symlink: /home/maksmykha/Documents/RobotikProject/install/yolo_msgs/lib/python3.12/site-packages/yolo_msgs/yolo_msgs_s__rosidl_typesupport_c.so
[0.745s] -- Up-to-date symlink: /home/maksmykha/Documents/RobotikProject/install/yolo_msgs/lib/python3.12/site-packages/yolo_msgs/yolo_msgs_s__rosidl_typesupport_fastrtps_c.so
[0.745s] -- Up-to-date symlink: /home/maksmykha/Documents/RobotikProject/install/yolo_msgs/lib/python3.12/site-packages/yolo_msgs/yolo_msgs_s__rosidl_typesupport_introspection_c.so
[0.745s] -- Up-to-date symlink: /home/maksmykha/Documents/RobotikProject/install/yolo_msgs/lib/python3.12/site-packages/yolo_msgs/yolo_msgs_s__rosidl_typesupport_fastrtps_c.so
[0.745s] -- Up-to-date symlink: /home/maksmykha/Documents/RobotikProject/install/yolo_msgs/lib/python3.12/site-packages/yolo_msgs/yolo_msgs_s__rosidl_typesupport_introspection_c.so
[0.745s] -- Up-to-date symlink: /home/maksmykha/Documents/RobotikProject/install/yolo_msgs/lib/python3.12/site-packages/yolo_msgs/yolo_msgs_s__rosidl_typesupport_c.so
[0.745s] -- Up-to-date symlink: /home/maksmykha/Documents/RobotikProject/install/yolo_msgs/share/ament_index/resource_index/rust_packages/yolo_msgs
[0.745s] -- Up-to-date symlink: /home/maksmykha/Documents/RobotikProject/install/yolo_msgs/share/yolo_msgs/rust/Cargo.toml
[0.745s] -- Up-to-date symlink: /home/maksmykha/Documents/RobotikProject/install/yolo_msgs/share/yolo_msgs/rust/build.rs
[0.746s] -- Up-to-date symlink: /home/maksmykha/Documents/RobotikProject/install/yolo_msgs/share/yolo_msgs/rust/src/lib.rs
[0.746s] -- Up-to-date symlink: /home/maksmykha/Documents/RobotikProject/install/yolo_msgs/share/yolo_msgs/rust/src/msg.rs
[0.746s] -- Up-to-date symlink: /home/maksmykha/Documents/RobotikProject/install/yolo_msgs/share/yolo_msgs/rust/src/msg/rmw.rs
[0.746s] -- Up-to-date symlink: /home/maksmykha/Documents/RobotikProject/install/yolo_msgs/share/yolo_msgs/rust/src/srv.rs
[0.746s] -- Up-to-date symlink: /home/maksmykha/Documents/RobotikProject/install/yolo_msgs/share/yolo_msgs/rust/src/srv/rmw.rs
[0.746s] -- Up-to-date symlink: /home/maksmykha/Documents/RobotikProject/install/yolo_msgs/share/yolo_msgs/msg/Point2D.idl
[0.746s] -- Up-to-date symlink: /home/maksmykha/Documents/RobotikProject/install/yolo_msgs/share/yolo_msgs/msg/Vector2.idl
[0.746s] -- Up-to-date symlink: /home/maksmykha/Documents/RobotikProject/install/yolo_msgs/share/yolo_msgs/msg/Pose2D.idl
[0.746s] -- Up-to-date symlink: /home/maksmykha/Documents/RobotikProject/install/yolo_msgs/share/yolo_msgs/msg/BoundingBox2D.idl
[0.746s] -- Up-to-date symlink: /home/maksmykha/Documents/RobotikProject/install/yolo_msgs/share/yolo_msgs/msg/BoundingBox3D.idl
[0.746s] -- Up-to-date symlink: /home/maksmykha/Documents/RobotikProject/install/yolo_msgs/share/yolo_msgs/msg/Mask.idl
[0.746s] -- Up-to-date symlink: /home/maksmykha/Documents/RobotikProject/install/yolo_msgs/share/yolo_msgs/msg/KeyPoint2D.idl
[0.746s] -- Up-to-date symlink: /home/maksmykha/Documents/RobotikProject/install/yolo_msgs/share/yolo_msgs/msg/KeyPoint2DArray.idl
[0.746s] -- Up-to-date symlink: /home/maksmykha/Documents/RobotikProject/install/yolo_msgs/share/yolo_msgs/msg/KeyPoint3D.idl
[0.746s] -- Up-to-date symlink: /home/maksmykha/Documents/RobotikProject/install/yolo_msgs/share/yolo_msgs/msg/KeyPoint3DArray.idl
[0.746s] -- Up-to-date symlink: /home/maksmykha/Documents/RobotikProject/install/yolo_msgs/share/yolo_msgs/msg/Detection.idl
[0.746s] -- Up-to-date symlink: /home/maksmykha/Documents/RobotikProject/install/yolo_msgs/share/yolo_msgs/msg/DetectionArray.idl
[0.746s] -- Up-to-date symlink: /home/maksmykha/Documents/RobotikProject/install/yolo_msgs/share/yolo_msgs/srv/SetClasses.idl
[0.746s] -- Up-to-date symlink: /home/maksmykha/Documents/RobotikProject/install/yolo_msgs/share/yolo_msgs/msg/Point2D.msg
[0.746s] -- Up-to-date symlink: /home/maksmykha/Documents/RobotikProject/install/yolo_msgs/share/yolo_msgs/msg/Vector2.msg
[0.746s] -- Up-to-date symlink: /home/maksmykha/Documents/RobotikProject/install/yolo_msgs/share/yolo_msgs/msg/Pose2D.msg
[0.746s] -- Up-to-date symlink: /home/maksmykha/Documents/RobotikProject/install/yolo_msgs/share/yolo_msgs/msg/BoundingBox2D.msg
[0.746s] -- Up-to-date symlink: /home/maksmykha/Documents/RobotikProject/install/yolo_msgs/share/yolo_msgs/msg/BoundingBox3D.msg
[0.746s] -- Up-to-date symlink: /home/maksmykha/Documents/RobotikProject/install/yolo_msgs/share/yolo_msgs/msg/Mask.msg
[0.746s] -- Up-to-date symlink: /home/maksmykha/Documents/RobotikProject/install/yolo_msgs/share/yolo_msgs/msg/KeyPoint2D.msg
[0.746s] -- Up-to-date symlink: /home/maksmykha/Documents/RobotikProject/install/yolo_msgs/share/yolo_msgs/msg/KeyPoint2DArray.msg
[0.746s] -- Up-to-date symlink: /home/maksmykha/Documents/RobotikProject/install/yolo_msgs/share/yolo_msgs/msg/KeyPoint3D.msg
[0.746s] -- Up-to-date symlink: /home/maksmykha/Documents/RobotikProject/install/yolo_msgs/share/yolo_msgs/msg/KeyPoint3DArray.msg
[0.746s] -- Up-to-date symlink: /home/maksmykha/Documents/RobotikProject/install/yolo_msgs/share/yolo_msgs/msg/Detection.msg
[0.746s] -- Up-to-date symlink: /home/maksmykha/Documents/RobotikProject/install/yolo_msgs/share/yolo_msgs/msg/DetectionArray.msg
[0.747s] -- Up-to-date symlink: /home/maksmykha/Documents/RobotikProject/install/yolo_msgs/share/yolo_msgs/srv/SetClasses.srv
[0.747s] -- Up-to-date symlink: /home/maksmykha/Documents/RobotikProject/install/yolo_msgs/share/ament_index/resource_index/package_run_dependencies/yolo_msgs
[0.747s] -- Up-to-date symlink: /home/maksmykha/Documents/RobotikProject/install/yolo_msgs/share/ament_index/resource_index/parent_prefix_path/yolo_msgs
[0.747s] -- Up-to-date symlink: /home/maksmykha/Documents/RobotikProject/install/yolo_msgs/share/yolo_msgs/environment/ament_prefix_path.sh
[0.747s] -- Up-to-date symlink: /home/maksmykha/Documents/RobotikProject/install/yolo_msgs/share/yolo_msgs/environment/ament_prefix_path.dsv
[0.747s] -- Up-to-date symlink: /home/maksmykha/Documents/RobotikProject/install/yolo_msgs/share/yolo_msgs/environment/path.sh
[0.747s] -- Up-to-date symlink: /home/maksmykha/Documents/RobotikProject/install/yolo_msgs/share/yolo_msgs/environment/path.dsv
[0.747s] -- Up-to-date symlink: /home/maksmykha/Documents/RobotikProject/install/yolo_msgs/share/yolo_msgs/local_setup.bash
[0.747s] -- Up-to-date symlink: /home/maksmykha/Documents/RobotikProject/install/yolo_msgs/share/yolo_msgs/local_setup.sh
[0.747s] -- Up-to-date symlink: /home/maksmykha/Documents/RobotikProject/install/yolo_msgs/share/yolo_msgs/local_setup.zsh
[0.747s] -- Up-to-date symlink: /home/maksmykha/Documents/RobotikProject/install/yolo_msgs/share/yolo_msgs/local_setup.dsv
[0.747s] -- Symlinking: /home/maksmykha/Documents/RobotikProject/install/yolo_msgs/share/yolo_msgs/package.dsv
[0.747s] -- Up-to-date symlink: /home/maksmykha/Documents/RobotikProject/install/yolo_msgs/share/ament_index/resource_index/packages/yolo_msgs
[0.747s] -- Up-to-date symlink: /home/maksmykha/Documents/RobotikProject/install/yolo_msgs/share/yolo_msgs/cmake/rosidl_cmake-extras.cmake
[0.747s] -- Up-to-date symlink: /home/maksmykha/Documents/RobotikProject/install/yolo_msgs/share/yolo_msgs/cmake/ament_cmake_export_dependencies-extras.cmake
[0.747s] -- Up-to-date symlink: /home/maksmykha/Documents/RobotikProject/install/yolo_msgs/share/yolo_msgs/cmake/ament_cmake_export_include_directories-extras.cmake
[0.748s] -- Up-to-date symlink: /home/maksmykha/Documents/RobotikProject/install/yolo_msgs/share/yolo_msgs/cmake/ament_cmake_export_libraries-extras.cmake
[0.748s] -- Up-to-date symlink: /home/maksmykha/Documents/RobotikProject/install/yolo_msgs/share/yolo_msgs/cmake/ament_cmake_export_targets-extras.cmake
[0.748s] -- Up-to-date symlink: /home/maksmykha/Documents/RobotikProject/install/yolo_msgs/share/yolo_msgs/cmake/rosidl_cmake_export_typesupport_targets-extras.cmake
[0.748s] -- Up-to-date symlink: /home/maksmykha/Documents/RobotikProject/install/yolo_msgs/share/yolo_msgs/cmake/rosidl_cmake_export_typesupport_libraries-extras.cmake
[0.748s] -- Up-to-date symlink: /home/maksmykha/Documents/RobotikProject/install/yolo_msgs/share/yolo_msgs/cmake/yolo_msgsConfig.cmake
[0.748s] -- Up-to-date symlink: /home/maksmykha/Documents/RobotikProject/install/yolo_msgs/share/yolo_msgs/cmake/yolo_msgsConfig-version.cmake
[0.748s] -- Up-to-date symlink: /home/maksmykha/Documents/RobotikProject/install/yolo_msgs/share/yolo_msgs/package.xml
[0.748s] -- Up-to-date: /home/maksmykha/Documents/RobotikProject/install/yolo_msgs/lib/libyolo_msgs__rosidl_generator_c.so
[0.749s] -- Up-to-date: /home/maksmykha/Documents/RobotikProject/install/yolo_msgs/lib/libyolo_msgs__rosidl_typesupport_fastrtps_c.so
[0.749s] -- Up-to-date: /home/maksmykha/Documents/RobotikProject/install/yolo_msgs/lib/libyolo_msgs__rosidl_typesupport_introspection_c.so
[0.749s] -- Up-to-date: /home/maksmykha/Documents/RobotikProject/install/yolo_msgs/lib/libyolo_msgs__rosidl_typesupport_c.so
[0.749s] -- Up-to-date: /home/maksmykha/Documents/RobotikProject/install/yolo_msgs/lib/libyolo_msgs__rosidl_typesupport_fastrtps_cpp.so
[0.749s] -- Up-to-date: /home/maksmykha/Documents/RobotikProject/install/yolo_msgs/lib/libyolo_msgs__rosidl_typesupport_introspection_cpp.so
[0.749s] -- Up-to-date: /home/maksmykha/Documents/RobotikProject/install/yolo_msgs/lib/libyolo_msgs__rosidl_typesupport_cpp.so
[0.762s] Listing '/home/maksmykha/Documents/RobotikProject/install/yolo_msgs/lib/python3.12/site-packages/yolo_msgs'...
[0.762s] Listing '/home/maksmykha/Documents/RobotikProject/install/yolo_msgs/lib/python3.12/site-packages/yolo_msgs/msg'...
[0.762s] Listing '/home/maksmykha/Documents/RobotikProject/install/yolo_msgs/lib/python3.12/site-packages/yolo_msgs/srv'...
[0.770s] -- Up-to-date: /home/maksmykha/Documents/RobotikProject/install/yolo_msgs/lib/libyolo_msgs__rosidl_generator_py.so
[0.770s] -- Up-to-date: /home/maksmykha/Documents/RobotikProject/install/yolo_msgs/share/yolo_msgs/cmake/export_yolo_msgs__rosidl_generator_cExport.cmake
[0.770s] -- Up-to-date: /home/maksmykha/Documents/RobotikProject/install/yolo_msgs/share/yolo_msgs/cmake/export_yolo_msgs__rosidl_generator_cExport-noconfig.cmake
[0.770s] -- Up-to-date: /home/maksmykha/Documents/RobotikProject/install/yolo_msgs/share/yolo_msgs/cmake/export_yolo_msgs__rosidl_typesupport_fastrtps_cExport.cmake
[0.770s] -- Up-to-date: /home/maksmykha/Documents/RobotikProject/install/yolo_msgs/share/yolo_msgs/cmake/export_yolo_msgs__rosidl_typesupport_fastrtps_cExport-noconfig.cmake
[0.770s] -- Up-to-date: /home/maksmykha/Documents/RobotikProject/install/yolo_msgs/share/yolo_msgs/cmake/yolo_msgs__rosidl_typesupport_introspection_cExport.cmake
[0.770s] -- Up-to-date: /home/maksmykha/Documents/RobotikProject/install/yolo_msgs/share/yolo_msgs/cmake/yolo_msgs__rosidl_typesupport_introspection_cExport-noconfig.cmake
[0.770s] -- Up-to-date: /home/maksmykha/Documents/RobotikProject/install/yolo_msgs/share/yolo_msgs/cmake/yolo_msgs__rosidl_typesupport_cExport.cmake
[0.770s] -- Up-to-date: /home/maksmykha/Documents/RobotikProject/install/yolo_msgs/share/yolo_msgs/cmake/yolo_msgs__rosidl_typesupport_cExport-noconfig.cmake
[0.770s] -- Up-to-date: /home/maksmykha/Documents/RobotikProject/install/yolo_msgs/share/yolo_msgs/cmake/export_yolo_msgs__rosidl_generator_cppExport.cmake
[0.770s] -- Up-to-date: /home/maksmykha/Documents/RobotikProject/install/yolo_msgs/share/yolo_msgs/cmake/export_yolo_msgs__rosidl_typesupport_fastrtps_cppExport.cmake
[0.771s] -- Up-to-date: /home/maksmykha/Documents/RobotikProject/install/yolo_msgs/share/yolo_msgs/cmake/export_yolo_msgs__rosidl_typesupport_fastrtps_cppExport-noconfig.cmake
[0.771s] -- Up-to-date: /home/maksmykha/Documents/RobotikProject/install/yolo_msgs/share/yolo_msgs/cmake/yolo_msgs__rosidl_typesupport_introspection_cppExport.cmake
[0.771s] -- Up-to-date: /home/maksmykha/Documents/RobotikProject/install/yolo_msgs/share/yolo_msgs/cmake/yolo_msgs__rosidl_typesupport_introspection_cppExport-noconfig.cmake
[0.771s] -- Up-to-date: /home/maksmykha/Documents/RobotikProject/install/yolo_msgs/share/yolo_msgs/cmake/yolo_msgs__rosidl_typesupport_cppExport.cmake
[0.771s] -- Up-to-date: /home/maksmykha/Documents/RobotikProject/install/yolo_msgs/share/yolo_msgs/cmake/yolo_msgs__rosidl_typesupport_cppExport-noconfig.cmake
[0.771s] -- Up-to-date: /home/maksmykha/Documents/RobotikProject/install/yolo_msgs/share/yolo_msgs/cmake/export_yolo_msgs__rosidl_generator_pyExport.cmake
[0.771s] -- Up-to-date: /home/maksmykha/Documents/RobotikProject/install/yolo_msgs/share/yolo_msgs/cmake/export_yolo_msgs__rosidl_generator_pyExport-noconfig.cmake
[0.775s] Invoked command in '/home/maksmykha/Documents/RobotikProject/build/yolo_msgs' returned '0': CMAKE_PREFIX_PATH=${CMAKE_PREFIX_PATH}:/home/maksmykha/Documents/RobotikProject/install/yolo_ros:/home/maksmykha/Documents/RobotikProject/install/robotik_vision:/home/maksmykha/Documents/RobotikProject/install/robotik_sorting:/home/maksmykha/Documents/RobotikProject/install/robotik_gazebo:/home/maksmykha/Documents/RobotikProject/install/robotik_control:/home/maksmykha/Documents/RobotikProject/install/robotik_bringup:/opt/ros/jazzy DEBUGINFOD_URLS=https://debuginfod.ubuntu.com /usr/bin/cmake --install /home/maksmykha/Documents/RobotikProject/build/yolo_msgs
