[1.370s] Invoking command in '/home/maksmykha/Documents/RobotikProject/build/robotik_control': DEBUGINFOD_URLS=https://debuginfod.ubuntu.com PYTHONPATH=/home/maksmykha/Documents/RobotikProject/build/robotik_control/prefix_override:/usr/lib/python3/dist-packages/colcon_core/task/python/colcon_distutils_commands:/home/maksmykha/Documents/RobotikProject/install/robotik_control/lib/python3.12/site-packages:${PYTHONPATH} /usr/bin/python3 -W ignore:setup.py install is deprecated -W ignore:easy_install command is deprecated setup.py develop --editable --build-directory /home/maksmykha/Documents/RobotikProject/build/robotik_control/build --no-deps symlink_data
[1.676s] running develop
[1.830s] running egg_info
[1.830s] creating robotik_control.egg-info
[1.843s] writing robotik_control.egg-info/PKG-INFO
[1.843s] writing dependency_links to robotik_control.egg-info/dependency_links.txt
[1.843s] writing requirements to robotik_control.egg-info/requires.txt
[1.844s] writing top-level names to robotik_control.egg-info/top_level.txt
[1.844s] writing manifest file 'robotik_control.egg-info/SOURCES.txt'
[1.869s] reading manifest file 'robotik_control.egg-info/SOURCES.txt'
[1.869s] writing manifest file 'robotik_control.egg-info/SOURCES.txt'
[1.881s] running build_ext
[1.882s] Creating /home/maksmykha/Documents/RobotikProject/install/robotik_control/lib/python3.12/site-packages/robotik-control.egg-link (link to .)
[1.883s] 
[1.883s] Installed /home/maksmykha/Documents/RobotikProject/build/robotik_control
[1.883s] running symlink_data
[1.883s] creating /home/maksmykha/Documents/RobotikProject/install/robotik_control/share/ament_index
[1.883s] creating /home/maksmykha/Documents/RobotikProject/install/robotik_control/share/ament_index/resource_index
[1.883s] creating /home/maksmykha/Documents/RobotikProject/install/robotik_control/share/ament_index/resource_index/packages
[1.883s] symbolically linking /home/maksmykha/Documents/RobotikProject/build/robotik_control/resource/robotik_control -> /home/maksmykha/Documents/RobotikProject/install/robotik_control/share/ament_index/resource_index/packages
[1.883s] symbolically linking /home/maksmykha/Documents/RobotikProject/build/robotik_control/package.xml -> /home/maksmykha/Documents/RobotikProject/install/robotik_control/share/robotik_control
[1.924s] Invoked command in '/home/maksmykha/Documents/RobotikProject/build/robotik_control' returned '0': DEBUGINFOD_URLS=https://debuginfod.ubuntu.com PYTHONPATH=/home/maksmykha/Documents/RobotikProject/build/robotik_control/prefix_override:/usr/lib/python3/dist-packages/colcon_core/task/python/colcon_distutils_commands:/home/maksmykha/Documents/RobotikProject/install/robotik_control/lib/python3.12/site-packages:${PYTHONPATH} /usr/bin/python3 -W ignore:setup.py install is deprecated -W ignore:easy_install command is deprecated setup.py develop --editable --build-directory /home/maksmykha/Documents/RobotikProject/build/robotik_control/build --no-deps symlink_data
