[1.666s] Invoking command in '/home/maksmykha/Documents/RobotikProject/build/robotik_control': DEBUGINFOD_URLS=https://debuginfod.ubuntu.com PYTHONPATH=/home/maksmykha/Documents/RobotikProject/build/robotik_control/prefix_override:/usr/lib/python3/dist-packages/colcon_core/task/python/colcon_distutils_commands:/home/maksmykha/Documents/RobotikProject/install/robotik_control/lib/python3.12/site-packages:${PYTHONPATH} /usr/bin/python3 -W ignore:setup.py install is deprecated -W ignore:easy_install command is deprecated setup.py develop --editable --build-directory /home/maksmykha/Documents/RobotikProject/build/robotik_control/build --no-deps symlink_data
[2.042s] running develop
[2.237s] running egg_info
[2.239s] creating robotik_control.egg-info
[2.253s] writing robotik_control.egg-info/PKG-INFO
[2.253s] writing dependency_links to robotik_control.egg-info/dependency_links.txt
[2.254s] writing requirements to robotik_control.egg-info/requires.txt
[2.254s] writing top-level names to robotik_control.egg-info/top_level.txt
[2.256s] writing manifest file 'robotik_control.egg-info/SOURCES.txt'
[2.300s] reading manifest file 'robotik_control.egg-info/SOURCES.txt'
[2.300s] writing manifest file 'robotik_control.egg-info/SOURCES.txt'
[2.321s] running build_ext
[2.321s] Creating /home/maksmykha/Documents/RobotikProject/install/robotik_control/lib/python3.12/site-packages/robotik-control.egg-link (link to .)
[2.321s] 
[2.321s] Installed /home/maksmykha/Documents/RobotikProject/build/robotik_control
[2.321s] running symlink_data
[2.321s] creating /home/maksmykha/Documents/RobotikProject/install/robotik_control/share/ament_index
[2.321s] creating /home/maksmykha/Documents/RobotikProject/install/robotik_control/share/ament_index/resource_index
[2.321s] creating /home/maksmykha/Documents/RobotikProject/install/robotik_control/share/ament_index/resource_index/packages
[2.321s] symbolically linking /home/maksmykha/Documents/RobotikProject/build/robotik_control/resource/robotik_control -> /home/maksmykha/Documents/RobotikProject/install/robotik_control/share/ament_index/resource_index/packages
[2.321s] symbolically linking /home/maksmykha/Documents/RobotikProject/build/robotik_control/package.xml -> /home/maksmykha/Documents/RobotikProject/install/robotik_control/share/robotik_control
[2.376s] Invoked command in '/home/maksmykha/Documents/RobotikProject/build/robotik_control' returned '0': DEBUGINFOD_URLS=https://debuginfod.ubuntu.com PYTHONPATH=/home/maksmykha/Documents/RobotikProject/build/robotik_control/prefix_override:/usr/lib/python3/dist-packages/colcon_core/task/python/colcon_distutils_commands:/home/maksmykha/Documents/RobotikProject/install/robotik_control/lib/python3.12/site-packages:${PYTHONPATH} /usr/bin/python3 -W ignore:setup.py install is deprecated -W ignore:easy_install command is deprecated setup.py develop --editable --build-directory /home/maksmykha/Documents/RobotikProject/build/robotik_control/build --no-deps symlink_data
