[  1%] Built target yolo_msgs__rosidl_generator_type_description
[  2%] Built target yolo_msgs__rs
[  2%] Built target ament_cmake_python_symlink_yolo_msgs
[  2%] Built target yolo_msgs__cpp
[ 28%] Built target yolo_msgs__rosidl_generator_c
[ 37%] Built target yolo_msgs__rosidl_typesupport_introspection_c
[ 47%] Built target yolo_msgs__rosidl_typesupport_introspection_cpp
[ 57%] Built target yolo_msgs__rosidl_typesupport_c
[ 75%] Built target yolo_msgs__rosidl_typesupport_cpp
[ 85%] Built target yolo_msgs__rosidl_typesupport_fastrtps_cpp
[ 86%] Built target yolo_msgs__rosidl_typesupport_fastrtps_c
[ 86%] Built target yolo_msgs
[ 87%] Built target yolo_msgs__py
[ 96%] Built target yolo_msgs__rosidl_generator_py
[ 99%] Built target yolo_msgs_s__rosidl_typesupport_fastrtps_c
[ 99%] Built target yolo_msgs_s__rosidl_typesupport_introspection_c
[100%] Built target yolo_msgs_s__rosidl_typesupport_c
running egg_info
writing yolo_msgs.egg-info/PKG-INFO
writing dependency_links to yolo_msgs.egg-info/dependency_links.txt
writing top-level names to yolo_msgs.egg-info/top_level.txt
reading manifest file 'yolo_msgs.egg-info/SOURCES.txt'
writing manifest file 'yolo_msgs.egg-info/SOURCES.txt'
[100%] Built target ament_cmake_python_build_yolo_msgs_egg
