[0.061s] Invoking command in '/home/maksmykha/Documents/RobotikProject/build/yolo_msgs': CMAKE_PREFIX_PATH=${CMAKE_PREFIX_PATH}:/home/maksmykha/Documents/RobotikProject/install/robotik_vision:/home/maksmykha/Documents/RobotikProject/install/robotik_sorting:/home/maksmykha/Documents/RobotikProject/install/robotik_gazebo:/home/maksmykha/Documents/RobotikProject/install/robotik_control:/home/maksmykha/Documents/RobotikProject/install/robotik_bringup:/home/maksmykha/Documents/RobotikProject/install/yolo_ros:/opt/ros/jazzy DEBUGINFOD_URLS=https://debuginfod.ubuntu.com /usr/bin/cmake --build /home/maksmykha/Documents/RobotikProject/build/yolo_msgs -- -j8 -l8
[0.725s] [  1%] Built target yolo_msgs__rosidl_generator_type_description
[0.725s] [  2%] Built target yolo_msgs__rs
[0.725s] [  2%] Built target ament_cmake_python_symlink_yolo_msgs
[0.726s] [  2%] Built target yolo_msgs__cpp
[0.727s] [ 28%] Built target yolo_msgs__rosidl_generator_c
[0.727s] [ 37%] Built target yolo_msgs__rosidl_typesupport_introspection_c
[0.727s] [ 47%] Built target yolo_msgs__rosidl_typesupport_introspection_cpp
[0.727s] [ 57%] Built target yolo_msgs__rosidl_typesupport_c
[0.727s] [ 75%] Built target yolo_msgs__rosidl_typesupport_cpp
[0.727s] [ 85%] Built target yolo_msgs__rosidl_typesupport_fastrtps_cpp
[0.727s] [ 86%] Built target yolo_msgs__rosidl_typesupport_fastrtps_c
[0.727s] [ 86%] Built target yolo_msgs
[0.727s] [ 87%] Built target yolo_msgs__py
[0.727s] [ 96%] Built target yolo_msgs__rosidl_generator_py
[0.728s] [ 99%] Built target yolo_msgs_s__rosidl_typesupport_fastrtps_c
[0.728s] [ 99%] Built target yolo_msgs_s__rosidl_typesupport_introspection_c
[0.728s] [100%] Built target yolo_msgs_s__rosidl_typesupport_c
[0.728s] running egg_info
[0.728s] writing yolo_msgs.egg-info/PKG-INFO
[0.728s] writing dependency_links to yolo_msgs.egg-info/dependency_links.txt
[0.728s] writing top-level names to yolo_msgs.egg-info/top_level.txt
[0.729s] reading manifest file 'yolo_msgs.egg-info/SOURCES.txt'
[0.729s] writing manifest file 'yolo_msgs.egg-info/SOURCES.txt'
[0.730s] [100%] Built target ament_cmake_python_build_yolo_msgs_egg
