[1.762s] Invoking command in '/home/maksmykha/Documents/RobotikProject/build/robotik_gazebo': DEBUGINFOD_URLS=https://debuginfod.ubuntu.com PYTHONPATH=/home/maksmykha/Documents/RobotikProject/build/robotik_gazebo/prefix_override:/usr/lib/python3/dist-packages/colcon_core/task/python/colcon_distutils_commands:/home/maksmykha/Documents/RobotikProject/install/robotik_gazebo/lib/python3.12/site-packages:${PYTHONPATH} /usr/bin/python3 -W ignore:setup.py install is deprecated -W ignore:easy_install command is deprecated setup.py develop --editable --build-directory /home/maksmykha/Documents/RobotikProject/build/robotik_gazebo/build --no-deps symlink_data
[2.139s] running develop
[2.333s] running egg_info
[2.334s] creating robotik_gazebo.egg-info
[2.360s] writing robotik_gazebo.egg-info/PKG-INFO
[2.361s] writing dependency_links to robotik_gazebo.egg-info/dependency_links.txt
[2.361s] writing requirements to robotik_gazebo.egg-info/requires.txt
[2.361s] writing top-level names to robotik_gazebo.egg-info/top_level.txt
[2.361s] writing manifest file 'robotik_gazebo.egg-info/SOURCES.txt'
[2.393s] reading manifest file 'robotik_gazebo.egg-info/SOURCES.txt'
[2.393s] writing manifest file 'robotik_gazebo.egg-info/SOURCES.txt'
[2.419s] running build_ext
[2.419s] Creating /home/maksmykha/Documents/RobotikProject/install/robotik_gazebo/lib/python3.12/site-packages/robotik-gazebo.egg-link (link to .)
[2.419s] 
[2.419s] Installed /home/maksmykha/Documents/RobotikProject/build/robotik_gazebo
[2.419s] running symlink_data
[2.419s] creating /home/maksmykha/Documents/RobotikProject/install/robotik_gazebo/share/ament_index
[2.419s] creating /home/maksmykha/Documents/RobotikProject/install/robotik_gazebo/share/ament_index/resource_index
[2.419s] creating /home/maksmykha/Documents/RobotikProject/install/robotik_gazebo/share/ament_index/resource_index/packages
[2.419s] symbolically linking /home/maksmykha/Documents/RobotikProject/build/robotik_gazebo/resource/robotik_gazebo -> /home/maksmykha/Documents/RobotikProject/install/robotik_gazebo/share/ament_index/resource_index/packages
[2.419s] symbolically linking /home/maksmykha/Documents/RobotikProject/build/robotik_gazebo/package.xml -> /home/maksmykha/Documents/RobotikProject/install/robotik_gazebo/share/robotik_gazebo
[2.419s] creating /home/maksmykha/Documents/RobotikProject/install/robotik_gazebo/share/robotik_gazebo/launch
[2.419s] symbolically linking /home/maksmykha/Documents/RobotikProject/build/robotik_gazebo/launch/gazebo_world.launch.py -> /home/maksmykha/Documents/RobotikProject/install/robotik_gazebo/share/robotik_gazebo/launch
[2.419s] creating /home/maksmykha/Documents/RobotikProject/install/robotik_gazebo/share/robotik_gazebo/worlds
[2.420s] creating /home/maksmykha/Documents/RobotikProject/install/robotik_gazebo/share/robotik_gazebo/models
[2.420s] creating /home/maksmykha/Documents/RobotikProject/install/robotik_gazebo/share/robotik_gazebo/models/gripper_depth_camera
[2.420s] symbolically linking /home/maksmykha/Documents/RobotikProject/build/robotik_gazebo/models/gripper_depth_camera/model.sdf -> /home/maksmykha/Documents/RobotikProject/install/robotik_gazebo/share/robotik_gazebo/models/gripper_depth_camera
[2.475s] Invoked command in '/home/maksmykha/Documents/RobotikProject/build/robotik_gazebo' returned '0': DEBUGINFOD_URLS=https://debuginfod.ubuntu.com PYTHONPATH=/home/maksmykha/Documents/RobotikProject/build/robotik_gazebo/prefix_override:/usr/lib/python3/dist-packages/colcon_core/task/python/colcon_distutils_commands:/home/maksmykha/Documents/RobotikProject/install/robotik_gazebo/lib/python3.12/site-packages:${PYTHONPATH} /usr/bin/python3 -W ignore:setup.py install is deprecated -W ignore:easy_install command is deprecated setup.py develop --editable --build-directory /home/maksmykha/Documents/RobotikProject/build/robotik_gazebo/build --no-deps symlink_data
