[0.554s] Invoking command in '/home/maksmykha/Documents/RobotikProject/build/yolo_ros': AMENT_PREFIX_PATH=/home/maksmykha/Documents/RobotikProject/install/yolo_msgs:${AMENT_PREFIX_PATH} CMAKE_PREFIX_PATH=/home/maksmykha/Documents/RobotikProject/install/yolo_msgs:${CMAKE_PREFIX_PATH} DEBUGINFOD_URLS=https://debuginfod.ubuntu.com LD_LIBRARY_PATH=/home/maksmykha/Documents/RobotikProject/install/yolo_msgs/lib:${LD_LIBRARY_PATH} PYTHONPATH=/home/maksmykha/Documents/RobotikProject/build/yolo_ros/prefix_override:/usr/lib/python3/dist-packages/colcon_core/task/python/colcon_distutils_commands:/home/maksmykha/Documents/RobotikProject/install/yolo_ros/lib/python3.12/site-packages:/home/maksmykha/Documents/RobotikProject/install/yolo_msgs/lib/python3.12/site-packages:${PYTHONPATH} /usr/bin/python3 -W ignore:setup.py install is deprecated -W ignore:easy_install command is deprecated setup.py develop --editable --build-directory /home/maksmykha/Documents/RobotikProject/build/yolo_ros/build --no-deps symlink_data
[0.725s] running develop
[0.819s] running egg_info
[0.820s] creating yolo_ros.egg-info
[0.829s] writing yolo_ros.egg-info/PKG-INFO
[0.829s] writing dependency_links to yolo_ros.egg-info/dependency_links.txt
[0.829s] writing entry points to yolo_ros.egg-info/entry_points.txt
[0.829s] writing requirements to yolo_ros.egg-info/requires.txt
[0.830s] writing top-level names to yolo_ros.egg-info/top_level.txt
[0.830s] writing manifest file 'yolo_ros.egg-info/SOURCES.txt'
[0.849s] reading manifest file 'yolo_ros.egg-info/SOURCES.txt'
[0.850s] writing manifest file 'yolo_ros.egg-info/SOURCES.txt'
[0.860s] running build_ext
[0.860s] Creating /home/maksmykha/Documents/RobotikProject/install/yolo_ros/lib/python3.12/site-packages/yolo-ros.egg-link (link to .)
[0.860s] Installing debug_node script to /home/maksmykha/Documents/RobotikProject/install/yolo_ros/lib/yolo_ros
[0.861s] Installing detect_3d_node script to /home/maksmykha/Documents/RobotikProject/install/yolo_ros/lib/yolo_ros
[0.861s] Installing tracking_node script to /home/maksmykha/Documents/RobotikProject/install/yolo_ros/lib/yolo_ros
[0.861s] Installing yolo_node script to /home/maksmykha/Documents/RobotikProject/install/yolo_ros/lib/yolo_ros
[0.861s] 
[0.861s] Installed /home/maksmykha/Documents/RobotikProject/build/yolo_ros
[0.861s] running symlink_data
[0.861s] creating /home/maksmykha/Documents/RobotikProject/install/yolo_ros/share/ament_index
[0.861s] creating /home/maksmykha/Documents/RobotikProject/install/yolo_ros/share/ament_index/resource_index
[0.861s] creating /home/maksmykha/Documents/RobotikProject/install/yolo_ros/share/ament_index/resource_index/packages
[0.861s] symbolically linking /home/maksmykha/Documents/RobotikProject/build/yolo_ros/resource/yolo_ros -> /home/maksmykha/Documents/RobotikProject/install/yolo_ros/share/ament_index/resource_index/packages
[0.861s] symbolically linking /home/maksmykha/Documents/RobotikProject/build/yolo_ros/package.xml -> /home/maksmykha/Documents/RobotikProject/install/yolo_ros/share/yolo_ros
[0.882s] Invoked command in '/home/maksmykha/Documents/RobotikProject/build/yolo_ros' returned '0': AMENT_PREFIX_PATH=/home/maksmykha/Documents/RobotikProject/install/yolo_msgs:${AMENT_PREFIX_PATH} CMAKE_PREFIX_PATH=/home/maksmykha/Documents/RobotikProject/install/yolo_msgs:${CMAKE_PREFIX_PATH} DEBUGINFOD_URLS=https://debuginfod.ubuntu.com LD_LIBRARY_PATH=/home/maksmykha/Documents/RobotikProject/install/yolo_msgs/lib:${LD_LIBRARY_PATH} PYTHONPATH=/home/maksmykha/Documents/RobotikProject/build/yolo_ros/prefix_override:/usr/lib/python3/dist-packages/colcon_core/task/python/colcon_distutils_commands:/home/maksmykha/Documents/RobotikProject/install/yolo_ros/lib/python3.12/site-packages:/home/maksmykha/Documents/RobotikProject/install/yolo_msgs/lib/python3.12/site-packages:${PYTHONPATH} /usr/bin/python3 -W ignore:setup.py install is deprecated -W ignore:easy_install command is deprecated setup.py develop --editable --build-directory /home/maksmykha/Documents/RobotikProject/build/yolo_ros/build --no-deps symlink_data
