[0.476s] Invoking command in '/home/maksmykha/Documents/RobotikProject/build/robotik_description': CMAKE_PREFIX_PATH=${CMAKE_PREFIX_PATH}:/home/maksmykha/Documents/RobotikProject/install/yolo_ros:/home/maksmykha/Documents/RobotikProject/install/robotik_vision:/home/maksmykha/Documents/RobotikProject/install/robotik_sorting:/home/maksmykha/Documents/RobotikProject/install/robotik_gazebo:/home/maksmykha/Documents/RobotikProject/install/robotik_control:/home/maksmykha/Documents/RobotikProject/install/robotik_bringup:/opt/ros/jazzy DEBUGINFOD_URLS=https://debuginfod.ubuntu.com /usr/bin/cmake --build /home/maksmykha/Documents/RobotikProject/build/robotik_description -- -j8 -l8
[0.754s] Invoked command in '/home/maksmykha/Documents/RobotikProject/build/robotik_description' returned '0': CMAKE_PREFIX_PATH=${CMAKE_PREFIX_PATH}:/home/maksmykha/Documents/RobotikProject/install/yolo_ros:/home/maksmykha/Documents/RobotikProject/install/robotik_vision:/home/maksmykha/Documents/RobotikProject/install/robotik_sorting:/home/maksmykha/Documents/RobotikProject/install/robotik_gazebo:/home/maksmykha/Documents/RobotikProject/install/robotik_control:/home/maksmykha/Documents/RobotikProject/install/robotik_bringup:/opt/ros/jazzy DEBUGINFOD_URLS=https://debuginfod.ubuntu.com /usr/bin/cmake --build /home/maksmykha/Documents/RobotikProject/build/robotik_description -- -j8 -l8
[0.755s] Invoking command in '/home/maksmykha/Documents/RobotikProject/build/robotik_description': CMAKE_PREFIX_PATH=${CMAKE_PREFIX_PATH}:/home/maksmykha/Documents/RobotikProject/install/yolo_ros:/home/maksmykha/Documents/RobotikProject/install/robotik_vision:/home/maksmykha/Documents/RobotikProject/install/robotik_sorting:/home/maksmykha/Documents/RobotikProject/install/robotik_gazebo:/home/maksmykha/Documents/RobotikProject/install/robotik_control:/home/maksmykha/Documents/RobotikProject/install/robotik_bringup:/opt/ros/jazzy DEBUGINFOD_URLS=https://debuginfod.ubuntu.com /usr/bin/cmake --install /home/maksmykha/Documents/RobotikProject/build/robotik_description
[0.915s] -- Install configuration: ""
[0.915s] -- Execute custom install script
[0.916s] -- Up-to-date symlink: /home/maksmykha/Documents/RobotikProject/install/robotik_description/share/robotik_description/urdf/ur5e.urdf.xacro
[0.916s] -- Up-to-date symlink: /home/maksmykha/Documents/RobotikProject/install/robotik_description/share/robotik_description/launch/view_ur5e.launch.py
[0.916s] -- Up-to-date symlink: /home/maksmykha/Documents/RobotikProject/install/robotik_description/share/ament_index/resource_index/package_run_dependencies/robotik_description
[0.916s] -- Up-to-date symlink: /home/maksmykha/Documents/RobotikProject/install/robotik_description/share/ament_index/resource_index/parent_prefix_path/robotik_description
[0.916s] -- Up-to-date symlink: /home/maksmykha/Documents/RobotikProject/install/robotik_description/share/robotik_description/environment/ament_prefix_path.sh
[0.916s] -- Up-to-date symlink: /home/maksmykha/Documents/RobotikProject/install/robotik_description/share/robotik_description/environment/ament_prefix_path.dsv
[0.916s] -- Up-to-date symlink: /home/maksmykha/Documents/RobotikProject/install/robotik_description/share/robotik_description/environment/path.sh
[0.916s] -- Up-to-date symlink: /home/maksmykha/Documents/RobotikProject/install/robotik_description/share/robotik_description/environment/path.dsv
[0.916s] -- Up-to-date symlink: /home/maksmykha/Documents/RobotikProject/install/robotik_description/share/robotik_description/local_setup.bash
[0.917s] -- Up-to-date symlink: /home/maksmykha/Documents/RobotikProject/install/robotik_description/share/robotik_description/local_setup.sh
[0.917s] -- Up-to-date symlink: /home/maksmykha/Documents/RobotikProject/install/robotik_description/share/robotik_description/local_setup.zsh
[0.917s] -- Up-to-date symlink: /home/maksmykha/Documents/RobotikProject/install/robotik_description/share/robotik_description/local_setup.dsv
[0.918s] -- Symlinking: /home/maksmykha/Documents/RobotikProject/install/robotik_description/share/robotik_description/package.dsv
[0.918s] -- Up-to-date symlink: /home/maksmykha/Documents/RobotikProject/install/robotik_description/share/ament_index/resource_index/packages/robotik_description
[0.918s] -- Up-to-date symlink: /home/maksmykha/Documents/RobotikProject/install/robotik_description/share/robotik_description/cmake/robotik_descriptionConfig.cmake
[0.918s] -- Up-to-date symlink: /home/maksmykha/Documents/RobotikProject/install/robotik_description/share/robotik_description/cmake/robotik_descriptionConfig-version.cmake
[0.919s] -- Up-to-date symlink: /home/maksmykha/Documents/RobotikProject/install/robotik_description/share/robotik_description/package.xml
[0.957s] Invoked command in '/home/maksmykha/Documents/RobotikProject/build/robotik_description' returned '0': CMAKE_PREFIX_PATH=${CMAKE_PREFIX_PATH}:/home/maksmykha/Documents/RobotikProject/install/yolo_ros:/home/maksmykha/Documents/RobotikProject/install/robotik_vision:/home/maksmykha/Documents/RobotikProject/install/robotik_sorting:/home/maksmykha/Documents/RobotikProject/install/robotik_gazebo:/home/maksmykha/Documents/RobotikProject/install/robotik_control:/home/maksmykha/Documents/RobotikProject/install/robotik_bringup:/opt/ros/jazzy DEBUGINFOD_URLS=https://debuginfod.ubuntu.com /usr/bin/cmake --install /home/maksmykha/Documents/RobotikProject/build/robotik_description
