running develop
Removing /home/maksmykha/Documents/RobotikProject/install/robotik_gazebo/lib/python3.12/site-packages/robotik-gazebo.egg-link (link to .)
running egg_info
writing ../../build/robotik_gazebo/robotik_gazebo.egg-info/PKG-INFO
writing dependency_links to ../../build/robotik_gazebo/robotik_gazebo.egg-info/dependency_links.txt
writing requirements to ../../build/robotik_gazebo/robotik_gazebo.egg-info/requires.txt
writing top-level names to ../../build/robotik_gazebo/robotik_gazebo.egg-info/top_level.txt
reading manifest file '../../build/robotik_gazebo/robotik_gazebo.egg-info/SOURCES.txt'
writing manifest file '../../build/robotik_gazebo/robotik_gazebo.egg-info/SOURCES.txt'
running build
running build_py
creating /home/maksmykha/Documents/RobotikProject/build/robotik_gazebo/build
creating /home/maksmykha/Documents/RobotikProject/build/robotik_gazebo/build/lib
creating /home/maksmykha/Documents/RobotikProject/build/robotik_gazebo/build/lib/robotik_gazebo
copying robotik_gazebo/__init__.py -> /home/maksmykha/Documents/RobotikProject/build/robotik_gazebo/build/lib/robotik_gazebo
running install
running install_lib
creating /home/maksmykha/Documents/RobotikProject/install/robotik_gazebo/lib/python3.12/site-packages/robotik_gazebo
copying /home/maksmykha/Documents/RobotikProject/build/robotik_gazebo/build/lib/robotik_gazebo/__init__.py -> /home/maksmykha/Documents/RobotikProject/install/robotik_gazebo/lib/python3.12/site-packages/robotik_gazebo
byte-compiling /home/maksmykha/Documents/RobotikProject/install/robotik_gazebo/lib/python3.12/site-packages/robotik_gazebo/__init__.py to __init__.cpython-312.pyc
running install_data
copying resource/robotik_gazebo -> /home/maksmykha/Documents/RobotikProject/install/robotik_gazebo/share/ament_index/resource_index/packages
copying package.xml -> /home/maksmykha/Documents/RobotikProject/install/robotik_gazebo/share/robotik_gazebo
copying launch/gazebo_world.launch.py -> /home/maksmykha/Documents/RobotikProject/install/robotik_gazebo/share/robotik_gazebo/launch
copying works/pick_place_world.sdf -> /home/maksmykha/Documents/RobotikProject/install/robotik_gazebo/share/robotik_gazebo/works
running install_egg_info
Copying ../../build/robotik_gazebo/robotik_gazebo.egg-info to /home/maksmykha/Documents/RobotikProject/install/robotik_gazebo/lib/python3.12/site-packages/robotik_gazebo-0.0.0-py3.12.egg-info
running install_scripts
writing list of installed files to '/home/maksmykha/Documents/RobotikProject/build/robotik_gazebo/install.log'
