[1.297s] Invoking command in '/home/maksmykha/Documents/RobotikProject/build/robotik_gazebo': DEBUGINFOD_URLS=https://debuginfod.ubuntu.com PYTHONPATH=/home/maksmykha/Documents/RobotikProject/build/robotik_gazebo/prefix_override:/usr/lib/python3/dist-packages/colcon_core/task/python/colcon_distutils_commands:/home/maksmykha/Documents/RobotikProject/install/robotik_gazebo/lib/python3.12/site-packages:${PYTHONPATH} /usr/bin/python3 -W ignore:setup.py install is deprecated -W ignore:easy_install command is deprecated setup.py develop --uninstall --editable --build-directory /home/maksmykha/Documents/RobotikProject/build/robotik_gazebo/build
[1.649s] running develop
[1.835s] Removing /home/maksmykha/Documents/RobotikProject/install/robotik_gazebo/lib/python3.12/site-packages/robotik-gazebo.egg-link (link to .)
[1.867s] Invoked command in '/home/maksmykha/Documents/RobotikProject/build/robotik_gazebo' returned '0': DEBUGINFOD_URLS=https://debuginfod.ubuntu.com PYTHONPATH=/home/maksmykha/Documents/RobotikProject/build/robotik_gazebo/prefix_override:/usr/lib/python3/dist-packages/colcon_core/task/python/colcon_distutils_commands:/home/maksmykha/Documents/RobotikProject/install/robotik_gazebo/lib/python3.12/site-packages:${PYTHONPATH} /usr/bin/python3 -W ignore:setup.py install is deprecated -W ignore:easy_install command is deprecated setup.py develop --uninstall --editable --build-directory /home/maksmykha/Documents/RobotikProject/build/robotik_gazebo/build
[1.869s] Invoking command in '/home/maksmykha/Documents/RobotikProject/src/robotik_gazebo': DEBUGINFOD_URLS=https://debuginfod.ubuntu.com PYTHONPATH=/home/maksmykha/Documents/RobotikProject/build/robotik_gazebo/prefix_override:/usr/lib/python3/dist-packages/colcon_core/task/python/colcon_distutils_commands:/home/maksmykha/Documents/RobotikProject/install/robotik_gazebo/lib/python3.12/site-packages:${PYTHONPATH} /usr/bin/python3 -W ignore:setup.py install is deprecated -W ignore:easy_install command is deprecated setup.py egg_info --egg-base ../../build/robotik_gazebo build --build-base /home/maksmykha/Documents/RobotikProject/build/robotik_gazebo/build install --record /home/maksmykha/Documents/RobotikProject/build/robotik_gazebo/install.log --single-version-externally-managed install_data --force
[2.108s] running egg_info
[2.125s] writing ../../build/robotik_gazebo/robotik_gazebo.egg-info/PKG-INFO
[2.125s] writing dependency_links to ../../build/robotik_gazebo/robotik_gazebo.egg-info/dependency_links.txt
[2.126s] writing requirements to ../../build/robotik_gazebo/robotik_gazebo.egg-info/requires.txt
[2.126s] writing top-level names to ../../build/robotik_gazebo/robotik_gazebo.egg-info/top_level.txt
[2.150s] reading manifest file '../../build/robotik_gazebo/robotik_gazebo.egg-info/SOURCES.txt'
[2.151s] writing manifest file '../../build/robotik_gazebo/robotik_gazebo.egg-info/SOURCES.txt'
[2.151s] running build
[2.152s] running build_py
[2.152s] creating /home/maksmykha/Documents/RobotikProject/build/robotik_gazebo/build
[2.152s] creating /home/maksmykha/Documents/RobotikProject/build/robotik_gazebo/build/lib
[2.152s] creating /home/maksmykha/Documents/RobotikProject/build/robotik_gazebo/build/lib/robotik_gazebo
[2.152s] copying robotik_gazebo/__init__.py -> /home/maksmykha/Documents/RobotikProject/build/robotik_gazebo/build/lib/robotik_gazebo
[2.152s] running install
[2.156s] running install_lib
[2.175s] creating /home/maksmykha/Documents/RobotikProject/install/robotik_gazebo/lib/python3.12/site-packages/robotik_gazebo
[2.175s] copying /home/maksmykha/Documents/RobotikProject/build/robotik_gazebo/build/lib/robotik_gazebo/__init__.py -> /home/maksmykha/Documents/RobotikProject/install/robotik_gazebo/lib/python3.12/site-packages/robotik_gazebo
[2.175s] byte-compiling /home/maksmykha/Documents/RobotikProject/install/robotik_gazebo/lib/python3.12/site-packages/robotik_gazebo/__init__.py to __init__.cpython-312.pyc
[2.175s] running install_data
[2.175s] copying resource/robotik_gazebo -> /home/maksmykha/Documents/RobotikProject/install/robotik_gazebo/share/ament_index/resource_index/packages
[2.176s] copying package.xml -> /home/maksmykha/Documents/RobotikProject/install/robotik_gazebo/share/robotik_gazebo
[2.176s] copying launch/gazebo_world.launch.py -> /home/maksmykha/Documents/RobotikProject/install/robotik_gazebo/share/robotik_gazebo/launch
[2.176s] copying works/pick_place_world.sdf -> /home/maksmykha/Documents/RobotikProject/install/robotik_gazebo/share/robotik_gazebo/works
[2.176s] running install_egg_info
[2.200s] Copying ../../build/robotik_gazebo/robotik_gazebo.egg-info to /home/maksmykha/Documents/RobotikProject/install/robotik_gazebo/lib/python3.12/site-packages/robotik_gazebo-0.0.0-py3.12.egg-info
[2.202s] running install_scripts
[2.314s] writing list of installed files to '/home/maksmykha/Documents/RobotikProject/build/robotik_gazebo/install.log'
[2.343s] Invoked command in '/home/maksmykha/Documents/RobotikProject/src/robotik_gazebo' returned '0': DEBUGINFOD_URLS=https://debuginfod.ubuntu.com PYTHONPATH=/home/maksmykha/Documents/RobotikProject/build/robotik_gazebo/prefix_override:/usr/lib/python3/dist-packages/colcon_core/task/python/colcon_distutils_commands:/home/maksmykha/Documents/RobotikProject/install/robotik_gazebo/lib/python3.12/site-packages:${PYTHONPATH} /usr/bin/python3 -W ignore:setup.py install is deprecated -W ignore:easy_install command is deprecated setup.py egg_info --egg-base ../../build/robotik_gazebo build --build-base /home/maksmykha/Documents/RobotikProject/build/robotik_gazebo/build install --record /home/maksmykha/Documents/RobotikProject/build/robotik_gazebo/install.log --single-version-externally-managed install_data --force
