running develop
Removing /home/maksmykha/Documents/RobotikProject/install/robotik_vision/lib/python3.12/site-packages/robotik-vision.egg-link (link to .)
running egg_info
writing ../../build/robotik_vision/robotik_vision.egg-info/PKG-INFO
writing dependency_links to ../../build/robotik_vision/robotik_vision.egg-info/dependency_links.txt
writing entry points to ../../build/robotik_vision/robotik_vision.egg-info/entry_points.txt
writing requirements to ../../build/robotik_vision/robotik_vision.egg-info/requires.txt
writing top-level names to ../../build/robotik_vision/robotik_vision.egg-info/top_level.txt
reading manifest file '../../build/robotik_vision/robotik_vision.egg-info/SOURCES.txt'
writing manifest file '../../build/robotik_vision/robotik_vision.egg-info/SOURCES.txt'
running build
running build_py
copying robotik_vision/test_node.py -> /home/maksmykha/Documents/RobotikProject/build/robotik_vision/build/lib/robotik_vision
running install
running install_lib
creating /home/maksmykha/Documents/RobotikProject/install/robotik_vision/lib/python3.12/site-packages/robotik_vision
copying /home/maksmykha/Documents/RobotikProject/build/robotik_vision/build/lib/robotik_vision/__init__.py -> /home/maksmykha/Documents/RobotikProject/install/robotik_vision/lib/python3.12/site-packages/robotik_vision
copying /home/maksmykha/Documents/RobotikProject/build/robotik_vision/build/lib/robotik_vision/test_node.py -> /home/maksmykha/Documents/RobotikProject/install/robotik_vision/lib/python3.12/site-packages/robotik_vision
byte-compiling /home/maksmykha/Documents/RobotikProject/install/robotik_vision/lib/python3.12/site-packages/robotik_vision/__init__.py to __init__.cpython-312.pyc
byte-compiling /home/maksmykha/Documents/RobotikProject/install/robotik_vision/lib/python3.12/site-packages/robotik_vision/test_node.py to test_node.cpython-312.pyc
running install_data
copying resource/robotik_vision -> /home/maksmykha/Documents/RobotikProject/install/robotik_vision/share/ament_index/resource_index/packages
copying package.xml -> /home/maksmykha/Documents/RobotikProject/install/robotik_vision/share/robotik_vision
running install_egg_info
Copying ../../build/robotik_vision/robotik_vision.egg-info to /home/maksmykha/Documents/RobotikProject/install/robotik_vision/lib/python3.12/site-packages/robotik_vision-0.0.0-py3.12.egg-info
running install_scripts
Installing test_node script to /home/maksmykha/Documents/RobotikProject/install/robotik_vision/lib/robotik_vision
writing list of installed files to '/home/maksmykha/Documents/RobotikProject/build/robotik_vision/install.log'
