[1.482s] Invoking command in '/home/maksmykha/Documents/RobotikProject/build/robotik_vision': DEBUGINFOD_URLS=https://debuginfod.ubuntu.com PYTHONPATH=/home/maksmykha/Documents/RobotikProject/build/robotik_vision/prefix_override:/usr/lib/python3/dist-packages/colcon_core/task/python/colcon_distutils_commands:/home/maksmykha/Documents/RobotikProject/install/robotik_vision/lib/python3.12/site-packages:${PYTHONPATH} /usr/bin/python3 -W ignore:setup.py install is deprecated -W ignore:easy_install command is deprecated setup.py develop --uninstall --editable --build-directory /home/maksmykha/Documents/RobotikProject/build/robotik_vision/build
[1.690s] running develop
[1.837s] Removing /home/maksmykha/Documents/RobotikProject/install/robotik_vision/lib/python3.12/site-packages/robotik-vision.egg-link (link to .)
[1.880s] Invoked command in '/home/maksmykha/Documents/RobotikProject/build/robotik_vision' returned '0': DEBUGINFOD_URLS=https://debuginfod.ubuntu.com PYTHONPATH=/home/maksmykha/Documents/RobotikProject/build/robotik_vision/prefix_override:/usr/lib/python3/dist-packages/colcon_core/task/python/colcon_distutils_commands:/home/maksmykha/Documents/RobotikProject/install/robotik_vision/lib/python3.12/site-packages:${PYTHONPATH} /usr/bin/python3 -W ignore:setup.py install is deprecated -W ignore:easy_install command is deprecated setup.py develop --uninstall --editable --build-directory /home/maksmykha/Documents/RobotikProject/build/robotik_vision/build
[1.881s] Invoking command in '/home/maksmykha/Documents/RobotikProject/src/robotik_vision': DEBUGINFOD_URLS=https://debuginfod.ubuntu.com PYTHONPATH=/home/maksmykha/Documents/RobotikProject/build/robotik_vision/prefix_override:/usr/lib/python3/dist-packages/colcon_core/task/python/colcon_distutils_commands:/home/maksmykha/Documents/RobotikProject/install/robotik_vision/lib/python3.12/site-packages:${PYTHONPATH} /usr/bin/python3 -W ignore:setup.py install is deprecated -W ignore:easy_install command is deprecated setup.py egg_info --egg-base ../../build/robotik_vision build --build-base /home/maksmykha/Documents/RobotikProject/build/robotik_vision/build install --record /home/maksmykha/Documents/RobotikProject/build/robotik_vision/install.log --single-version-externally-managed install_data --force
[2.135s] running egg_info
[2.148s] writing ../../build/robotik_vision/robotik_vision.egg-info/PKG-INFO
[2.148s] writing dependency_links to ../../build/robotik_vision/robotik_vision.egg-info/dependency_links.txt
[2.148s] writing entry points to ../../build/robotik_vision/robotik_vision.egg-info/entry_points.txt
[2.149s] writing requirements to ../../build/robotik_vision/robotik_vision.egg-info/requires.txt
[2.149s] writing top-level names to ../../build/robotik_vision/robotik_vision.egg-info/top_level.txt
[2.183s] reading manifest file '../../build/robotik_vision/robotik_vision.egg-info/SOURCES.txt'
[2.185s] writing manifest file '../../build/robotik_vision/robotik_vision.egg-info/SOURCES.txt'
[2.185s] running build
[2.185s] running build_py
[2.186s] copying robotik_vision/test_node.py -> /home/maksmykha/Documents/RobotikProject/build/robotik_vision/build/lib/robotik_vision
[2.189s] running install
[2.193s] running install_lib
[2.205s] creating /home/maksmykha/Documents/RobotikProject/install/robotik_vision/lib/python3.12/site-packages/robotik_vision
[2.205s] copying /home/maksmykha/Documents/RobotikProject/build/robotik_vision/build/lib/robotik_vision/__init__.py -> /home/maksmykha/Documents/RobotikProject/install/robotik_vision/lib/python3.12/site-packages/robotik_vision
[2.205s] copying /home/maksmykha/Documents/RobotikProject/build/robotik_vision/build/lib/robotik_vision/test_node.py -> /home/maksmykha/Documents/RobotikProject/install/robotik_vision/lib/python3.12/site-packages/robotik_vision
[2.205s] byte-compiling /home/maksmykha/Documents/RobotikProject/install/robotik_vision/lib/python3.12/site-packages/robotik_vision/__init__.py to __init__.cpython-312.pyc
[2.206s] byte-compiling /home/maksmykha/Documents/RobotikProject/install/robotik_vision/lib/python3.12/site-packages/robotik_vision/test_node.py to test_node.cpython-312.pyc
[2.206s] running install_data
[2.206s] copying resource/robotik_vision -> /home/maksmykha/Documents/RobotikProject/install/robotik_vision/share/ament_index/resource_index/packages
[2.206s] copying package.xml -> /home/maksmykha/Documents/RobotikProject/install/robotik_vision/share/robotik_vision
[2.207s] running install_egg_info
[2.221s] Copying ../../build/robotik_vision/robotik_vision.egg-info to /home/maksmykha/Documents/RobotikProject/install/robotik_vision/lib/python3.12/site-packages/robotik_vision-0.0.0-py3.12.egg-info
[2.222s] running install_scripts
[2.312s] Installing test_node script to /home/maksmykha/Documents/RobotikProject/install/robotik_vision/lib/robotik_vision
[2.312s] writing list of installed files to '/home/maksmykha/Documents/RobotikProject/build/robotik_vision/install.log'
[2.362s] Invoked command in '/home/maksmykha/Documents/RobotikProject/src/robotik_vision' returned '0': DEBUGINFOD_URLS=https://debuginfod.ubuntu.com PYTHONPATH=/home/maksmykha/Documents/RobotikProject/build/robotik_vision/prefix_override:/usr/lib/python3/dist-packages/colcon_core/task/python/colcon_distutils_commands:/home/maksmykha/Documents/RobotikProject/install/robotik_vision/lib/python3.12/site-packages:${PYTHONPATH} /usr/bin/python3 -W ignore:setup.py install is deprecated -W ignore:easy_install command is deprecated setup.py egg_info --egg-base ../../build/robotik_vision build --build-base /home/maksmykha/Documents/RobotikProject/build/robotik_vision/build install --record /home/maksmykha/Documents/RobotikProject/build/robotik_vision/install.log --single-version-externally-managed install_data --force
