[0.045s] Invoking command in '/home/maksmykha/Documents/RobotikProject/build/robot_description': CMAKE_PREFIX_PATH=${CMAKE_PREFIX_PATH}:/home/maksmykha/Documents/RobotikProject/install/yolo_ros:/home/maksmykha/Documents/RobotikProject/install/robotik_vision:/home/maksmykha/Documents/RobotikProject/install/robotik_sorting:/home/maksmykha/Documents/RobotikProject/install/robotik_gazebo:/home/maksmykha/Documents/RobotikProject/install/robotik_control:/home/maksmykha/Documents/RobotikProject/install/robotik_bringup:/opt/ros/jazzy DEBUGINFOD_URLS=https://debuginfod.ubuntu.com /usr/bin/cmake /home/maksmykha/Documents/RobotikProject/src/robot_description -DAMENT_CMAKE_SYMLINK_INSTALL=1 -DCMAKE_INSTALL_PREFIX=/home/maksmykha/Documents/RobotikProject/install/robot_description
[0.879s] -- The C compiler identification is GNU 13.3.0
[0.879s] -- The CXX compiler identification is GNU 13.3.0
[0.879s] -- Detecting C compiler ABI info
[0.879s] -- Detecting C compiler ABI info - done
[0.879s] -- Check for working C compiler: /usr/bin/cc - skipped
[0.889s] -- Detecting C compile features
[0.890s] -- Detecting C compile features - done
[0.890s] -- Detecting CXX compiler ABI info
[0.890s] -- Detecting CXX compiler ABI info - done
[0.890s] -- Check for working CXX compiler: /usr/bin/c++ - skipped
[0.890s] -- Detecting CXX compile features
[0.890s] -- Detecting CXX compile features - done
[0.890s] -- Found ament_cmake: 2.5.6 (/opt/ros/jazzy/share/ament_cmake/cmake)
[0.891s] -- Found Python3: /usr/bin/python3 (found version "3.12.3") found components: Interpreter 
[0.893s] -- Override CMake install command with custom implementation using symlinks instead of copying resources
[0.923s] -- Found ament_lint_auto: 0.17.5 (/opt/ros/jazzy/share/ament_lint_auto/cmake)
[1.080s] -- Added test 'lint_cmake' to check CMake code style
[1.087s] -- Added test 'xmllint' to check XML markup files
[1.088s] -- Configuring done (1.0s)
[1.091s] -- Generating done (0.0s)
[1.097s] -- Build files have been written to: /home/maksmykha/Documents/RobotikProject/build/robot_description
[1.115s] Invoked command in '/home/maksmykha/Documents/RobotikProject/build/robot_description' returned '0': CMAKE_PREFIX_PATH=${CMAKE_PREFIX_PATH}:/home/maksmykha/Documents/RobotikProject/install/yolo_ros:/home/maksmykha/Documents/RobotikProject/install/robotik_vision:/home/maksmykha/Documents/RobotikProject/install/robotik_sorting:/home/maksmykha/Documents/RobotikProject/install/robotik_gazebo:/home/maksmykha/Documents/RobotikProject/install/robotik_control:/home/maksmykha/Documents/RobotikProject/install/robotik_bringup:/opt/ros/jazzy DEBUGINFOD_URLS=https://debuginfod.ubuntu.com /usr/bin/cmake /home/maksmykha/Documents/RobotikProject/src/robot_description -DAMENT_CMAKE_SYMLINK_INSTALL=1 -DCMAKE_INSTALL_PREFIX=/home/maksmykha/Documents/RobotikProject/install/robot_description
[1.115s] Invoking command in '/home/maksmykha/Documents/RobotikProject/build/robot_description': CMAKE_PREFIX_PATH=${CMAKE_PREFIX_PATH}:/home/maksmykha/Documents/RobotikProject/install/yolo_ros:/home/maksmykha/Documents/RobotikProject/install/robotik_vision:/home/maksmykha/Documents/RobotikProject/install/robotik_sorting:/home/maksmykha/Documents/RobotikProject/install/robotik_gazebo:/home/maksmykha/Documents/RobotikProject/install/robotik_control:/home/maksmykha/Documents/RobotikProject/install/robotik_bringup:/opt/ros/jazzy DEBUGINFOD_URLS=https://debuginfod.ubuntu.com /usr/bin/cmake --build /home/maksmykha/Documents/RobotikProject/build/robot_description -- -j8 -l8
[1.174s] Invoked command in '/home/maksmykha/Documents/RobotikProject/build/robot_description' returned '0': CMAKE_PREFIX_PATH=${CMAKE_PREFIX_PATH}:/home/maksmykha/Documents/RobotikProject/install/yolo_ros:/home/maksmykha/Documents/RobotikProject/install/robotik_vision:/home/maksmykha/Documents/RobotikProject/install/robotik_sorting:/home/maksmykha/Documents/RobotikProject/install/robotik_gazebo:/home/maksmykha/Documents/RobotikProject/install/robotik_control:/home/maksmykha/Documents/RobotikProject/install/robotik_bringup:/opt/ros/jazzy DEBUGINFOD_URLS=https://debuginfod.ubuntu.com /usr/bin/cmake --build /home/maksmykha/Documents/RobotikProject/build/robot_description -- -j8 -l8
[1.174s] Invoking command in '/home/maksmykha/Documents/RobotikProject/build/robot_description': CMAKE_PREFIX_PATH=${CMAKE_PREFIX_PATH}:/home/maksmykha/Documents/RobotikProject/install/yolo_ros:/home/maksmykha/Documents/RobotikProject/install/robotik_vision:/home/maksmykha/Documents/RobotikProject/install/robotik_sorting:/home/maksmykha/Documents/RobotikProject/install/robotik_gazebo:/home/maksmykha/Documents/RobotikProject/install/robotik_control:/home/maksmykha/Documents/RobotikProject/install/robotik_bringup:/opt/ros/jazzy DEBUGINFOD_URLS=https://debuginfod.ubuntu.com /usr/bin/cmake --install /home/maksmykha/Documents/RobotikProject/build/robot_description
[1.183s] -- Install configuration: ""
[1.183s] -- Execute custom install script
[1.184s] -- Symlinking: /home/maksmykha/Documents/RobotikProject/install/robot_description/share/ament_index/resource_index/package_run_dependencies/robot_description
[1.195s] -- Symlinking: /home/maksmykha/Documents/RobotikProject/install/robot_description/share/ament_index/resource_index/parent_prefix_path/robot_description
[1.226s] -- Symlinking: /home/maksmykha/Documents/RobotikProject/install/robot_description/share/robot_description/environment/ament_prefix_path.sh
[1.242s] -- Symlinking: /home/maksmykha/Documents/RobotikProject/install/robot_description/share/robot_description/environment/ament_prefix_path.dsv
[1.254s] -- Symlinking: /home/maksmykha/Documents/RobotikProject/install/robot_description/share/robot_description/environment/path.sh
[1.263s] -- Symlinking: /home/maksmykha/Documents/RobotikProject/install/robot_description/share/robot_description/environment/path.dsv
[1.271s] -- Symlinking: /home/maksmykha/Documents/RobotikProject/install/robot_description/share/robot_description/local_setup.bash
[1.279s] -- Symlinking: /home/maksmykha/Documents/RobotikProject/install/robot_description/share/robot_description/local_setup.sh
[1.288s] -- Symlinking: /home/maksmykha/Documents/RobotikProject/install/robot_description/share/robot_description/local_setup.zsh
[1.298s] -- Symlinking: /home/maksmykha/Documents/RobotikProject/install/robot_description/share/robot_description/local_setup.dsv
[1.334s] -- Symlinking: /home/maksmykha/Documents/RobotikProject/install/robot_description/share/robot_description/package.dsv
[1.360s] -- Symlinking: /home/maksmykha/Documents/RobotikProject/install/robot_description/share/ament_index/resource_index/packages/robot_description
[1.371s] -- Symlinking: /home/maksmykha/Documents/RobotikProject/install/robot_description/share/robot_description/cmake/robot_descriptionConfig.cmake
[1.394s] -- Symlinking: /home/maksmykha/Documents/RobotikProject/install/robot_description/share/robot_description/cmake/robot_descriptionConfig-version.cmake
[1.402s] -- Symlinking: /home/maksmykha/Documents/RobotikProject/install/robot_description/share/robot_description/package.xml
[1.439s] Invoked command in '/home/maksmykha/Documents/RobotikProject/build/robot_description' returned '0': CMAKE_PREFIX_PATH=${CMAKE_PREFIX_PATH}:/home/maksmykha/Documents/RobotikProject/install/yolo_ros:/home/maksmykha/Documents/RobotikProject/install/robotik_vision:/home/maksmykha/Documents/RobotikProject/install/robotik_sorting:/home/maksmykha/Documents/RobotikProject/install/robotik_gazebo:/home/maksmykha/Documents/RobotikProject/install/robotik_control:/home/maksmykha/Documents/RobotikProject/install/robotik_bringup:/opt/ros/jazzy DEBUGINFOD_URLS=https://debuginfod.ubuntu.com /usr/bin/cmake --install /home/maksmykha/Documents/RobotikProject/build/robot_description
