[1.342s] Invoking command in '/home/maksmykha/Documents/RobotikProject/build/robotik_sorting': DEBUGINFOD_URLS=https://debuginfod.ubuntu.com PYTHONPATH=/home/maksmykha/Documents/RobotikProject/build/robotik_sorting/prefix_override:/usr/lib/python3/dist-packages/colcon_core/task/python/colcon_distutils_commands:/home/maksmykha/Documents/RobotikProject/install/robotik_sorting/lib/python3.12/site-packages:${PYTHONPATH} /usr/bin/python3 -W ignore:setup.py install is deprecated -W ignore:easy_install command is deprecated setup.py develop --editable --build-directory /home/maksmykha/Documents/RobotikProject/build/robotik_sorting/build --no-deps symlink_data
[1.698s] running develop
[1.839s] running egg_info
[1.839s] creating robotik_sorting.egg-info
[1.851s] writing robotik_sorting.egg-info/PKG-INFO
[1.851s] writing dependency_links to robotik_sorting.egg-info/dependency_links.txt
[1.852s] writing requirements to robotik_sorting.egg-info/requires.txt
[1.852s] writing top-level names to robotik_sorting.egg-info/top_level.txt
[1.852s] writing manifest file 'robotik_sorting.egg-info/SOURCES.txt'
[1.882s] reading manifest file 'robotik_sorting.egg-info/SOURCES.txt'
[1.882s] writing manifest file 'robotik_sorting.egg-info/SOURCES.txt'
[1.897s] running build_ext
[1.897s] Creating /home/maksmykha/Documents/RobotikProject/install/robotik_sorting/lib/python3.12/site-packages/robotik-sorting.egg-link (link to .)
[1.898s] 
[1.898s] Installed /home/maksmykha/Documents/RobotikProject/build/robotik_sorting
[1.898s] running symlink_data
[1.898s] creating /home/maksmykha/Documents/RobotikProject/install/robotik_sorting/share/ament_index
[1.898s] creating /home/maksmykha/Documents/RobotikProject/install/robotik_sorting/share/ament_index/resource_index
[1.898s] creating /home/maksmykha/Documents/RobotikProject/install/robotik_sorting/share/ament_index/resource_index/packages
[1.898s] symbolically linking /home/maksmykha/Documents/RobotikProject/build/robotik_sorting/resource/robotik_sorting -> /home/maksmykha/Documents/RobotikProject/install/robotik_sorting/share/ament_index/resource_index/packages
[1.898s] symbolically linking /home/maksmykha/Documents/RobotikProject/build/robotik_sorting/package.xml -> /home/maksmykha/Documents/RobotikProject/install/robotik_sorting/share/robotik_sorting
[1.956s] Invoked command in '/home/maksmykha/Documents/RobotikProject/build/robotik_sorting' returned '0': DEBUGINFOD_URLS=https://debuginfod.ubuntu.com PYTHONPATH=/home/maksmykha/Documents/RobotikProject/build/robotik_sorting/prefix_override:/usr/lib/python3/dist-packages/colcon_core/task/python/colcon_distutils_commands:/home/maksmykha/Documents/RobotikProject/install/robotik_sorting/lib/python3.12/site-packages:${PYTHONPATH} /usr/bin/python3 -W ignore:setup.py install is deprecated -W ignore:easy_install command is deprecated setup.py develop --editable --build-directory /home/maksmykha/Documents/RobotikProject/build/robotik_sorting/build --no-deps symlink_data
