running develop
Removing /home/maksmykha/Documents/RobotikProject/install/robotik_control/lib/python3.12/site-packages/robotik-control.egg-link (link to .)
running egg_info
writing ../../build/robotik_control/robotik_control.egg-info/PKG-INFO
writing dependency_links to ../../build/robotik_control/robotik_control.egg-info/dependency_links.txt
writing requirements to ../../build/robotik_control/robotik_control.egg-info/requires.txt
writing top-level names to ../../build/robotik_control/robotik_control.egg-info/top_level.txt
reading manifest file '../../build/robotik_control/robotik_control.egg-info/SOURCES.txt'
writing manifest file '../../build/robotik_control/robotik_control.egg-info/SOURCES.txt'
running build
running build_py
creating /home/maksmykha/Documents/RobotikProject/build/robotik_control/build
creating /home/maksmykha/Documents/RobotikProject/build/robotik_control/build/lib
creating /home/maksmykha/Documents/RobotikProject/build/robotik_control/build/lib/robotik_control
copying robotik_control/__init__.py -> /home/maksmykha/Documents/RobotikProject/build/robotik_control/build/lib/robotik_control
running install
running install_lib
creating /home/maksmykha/Documents/RobotikProject/install/robotik_control/lib/python3.12/site-packages/robotik_control
copying /home/maksmykha/Documents/RobotikProject/build/robotik_control/build/lib/robotik_control/__init__.py -> /home/maksmykha/Documents/RobotikProject/install/robotik_control/lib/python3.12/site-packages/robotik_control
byte-compiling /home/maksmykha/Documents/RobotikProject/install/robotik_control/lib/python3.12/site-packages/robotik_control/__init__.py to __init__.cpython-312.pyc
running install_data
copying resource/robotik_control -> /home/maksmykha/Documents/RobotikProject/install/robotik_control/share/ament_index/resource_index/packages
copying package.xml -> /home/maksmykha/Documents/RobotikProject/install/robotik_control/share/robotik_control
running install_egg_info
Copying ../../build/robotik_control/robotik_control.egg-info to /home/maksmykha/Documents/RobotikProject/install/robotik_control/lib/python3.12/site-packages/robotik_control-0.0.0-py3.12.egg-info
running install_scripts
writing list of installed files to '/home/maksmykha/Documents/RobotikProject/build/robotik_control/install.log'
