[1.303s] Invoking command in '/home/maksmykha/Documents/RobotikProject/build/robotik_control': DEBUGINFOD_URLS=https://debuginfod.ubuntu.com PYTHONPATH=/home/maksmykha/Documents/RobotikProject/build/robotik_control/prefix_override:/usr/lib/python3/dist-packages/colcon_core/task/python/colcon_distutils_commands:/home/maksmykha/Documents/RobotikProject/install/robotik_control/lib/python3.12/site-packages:${PYTHONPATH} /usr/bin/python3 -W ignore:setup.py install is deprecated -W ignore:easy_install command is deprecated setup.py develop --uninstall --editable --build-directory /home/maksmykha/Documents/RobotikProject/build/robotik_control/build
[1.617s] running develop
[1.790s] Removing /home/maksmykha/Documents/RobotikProject/install/robotik_control/lib/python3.12/site-packages/robotik-control.egg-link (link to .)
[1.830s] Invoked command in '/home/maksmykha/Documents/RobotikProject/build/robotik_control' returned '0': DEBUGINFOD_URLS=https://debuginfod.ubuntu.com PYTHONPATH=/home/maksmykha/Documents/RobotikProject/build/robotik_control/prefix_override:/usr/lib/python3/dist-packages/colcon_core/task/python/colcon_distutils_commands:/home/maksmykha/Documents/RobotikProject/install/robotik_control/lib/python3.12/site-packages:${PYTHONPATH} /usr/bin/python3 -W ignore:setup.py install is deprecated -W ignore:easy_install command is deprecated setup.py develop --uninstall --editable --build-directory /home/maksmykha/Documents/RobotikProject/build/robotik_control/build
[1.832s] Invoking command in '/home/maksmykha/Documents/RobotikProject/src/robotik_control': DEBUGINFOD_URLS=https://debuginfod.ubuntu.com PYTHONPATH=/home/maksmykha/Documents/RobotikProject/build/robotik_control/prefix_override:/usr/lib/python3/dist-packages/colcon_core/task/python/colcon_distutils_commands:/home/maksmykha/Documents/RobotikProject/install/robotik_control/lib/python3.12/site-packages:${PYTHONPATH} /usr/bin/python3 -W ignore:setup.py install is deprecated -W ignore:easy_install command is deprecated setup.py egg_info --egg-base ../../build/robotik_control build --build-base /home/maksmykha/Documents/RobotikProject/build/robotik_control/build install --record /home/maksmykha/Documents/RobotikProject/build/robotik_control/install.log --single-version-externally-managed install_data --force
[2.057s] running egg_info
[2.070s] writing ../../build/robotik_control/robotik_control.egg-info/PKG-INFO
[2.070s] writing dependency_links to ../../build/robotik_control/robotik_control.egg-info/dependency_links.txt
[2.070s] writing requirements to ../../build/robotik_control/robotik_control.egg-info/requires.txt
[2.070s] writing top-level names to ../../build/robotik_control/robotik_control.egg-info/top_level.txt
[2.108s] reading manifest file '../../build/robotik_control/robotik_control.egg-info/SOURCES.txt'
[2.111s] writing manifest file '../../build/robotik_control/robotik_control.egg-info/SOURCES.txt'
[2.111s] running build
[2.111s] running build_py
[2.111s] creating /home/maksmykha/Documents/RobotikProject/build/robotik_control/build
[2.111s] creating /home/maksmykha/Documents/RobotikProject/build/robotik_control/build/lib
[2.111s] creating /home/maksmykha/Documents/RobotikProject/build/robotik_control/build/lib/robotik_control
[2.111s] copying robotik_control/__init__.py -> /home/maksmykha/Documents/RobotikProject/build/robotik_control/build/lib/robotik_control
[2.111s] running install
[2.117s] running install_lib
[2.135s] creating /home/maksmykha/Documents/RobotikProject/install/robotik_control/lib/python3.12/site-packages/robotik_control
[2.135s] copying /home/maksmykha/Documents/RobotikProject/build/robotik_control/build/lib/robotik_control/__init__.py -> /home/maksmykha/Documents/RobotikProject/install/robotik_control/lib/python3.12/site-packages/robotik_control
[2.135s] byte-compiling /home/maksmykha/Documents/RobotikProject/install/robotik_control/lib/python3.12/site-packages/robotik_control/__init__.py to __init__.cpython-312.pyc
[2.135s] running install_data
[2.135s] copying resource/robotik_control -> /home/maksmykha/Documents/RobotikProject/install/robotik_control/share/ament_index/resource_index/packages
[2.135s] copying package.xml -> /home/maksmykha/Documents/RobotikProject/install/robotik_control/share/robotik_control
[2.135s] running install_egg_info
[2.149s] Copying ../../build/robotik_control/robotik_control.egg-info to /home/maksmykha/Documents/RobotikProject/install/robotik_control/lib/python3.12/site-packages/robotik_control-0.0.0-py3.12.egg-info
[2.149s] running install_scripts
[2.258s] writing list of installed files to '/home/maksmykha/Documents/RobotikProject/build/robotik_control/install.log'
[2.305s] Invoked command in '/home/maksmykha/Documents/RobotikProject/src/robotik_control' returned '0': DEBUGINFOD_URLS=https://debuginfod.ubuntu.com PYTHONPATH=/home/maksmykha/Documents/RobotikProject/build/robotik_control/prefix_override:/usr/lib/python3/dist-packages/colcon_core/task/python/colcon_distutils_commands:/home/maksmykha/Documents/RobotikProject/install/robotik_control/lib/python3.12/site-packages:${PYTHONPATH} /usr/bin/python3 -W ignore:setup.py install is deprecated -W ignore:easy_install command is deprecated setup.py egg_info --egg-base ../../build/robotik_control build --build-base /home/maksmykha/Documents/RobotikProject/build/robotik_control/build install --record /home/maksmykha/Documents/RobotikProject/build/robotik_control/install.log --single-version-externally-managed install_data --force
