-- Found ament_cmake: 2.5.6 (/opt/ros/jazzy/share/ament_cmake/cmake)
-- Override CMake install command with custom implementation using symlinks instead of copying resources
-- Found ament_lint_auto: 0.17.5 (/opt/ros/jazzy/share/ament_lint_auto/cmake)
-- Added test 'flake8' to check Python code syntax and style conventions
-- Configured 'flake8' exclude dirs and/or files: 
-- Added test 'lint_cmake' to check CMake code style
-- Added test 'pep257' to check Python code against some of the docstring style conventions in PEP 257
-- Added test 'xmllint' to check XML markup files
-- Configuring done (0.2s)
-- Generating done (0.0s)
-- Build files have been written to: /home/maksmykha/Documents/RobotikProject/build/robotik_description
-- Install configuration: ""
-- Execute custom install script
-- Up-to-date symlink: /home/maksmykha/Documents/RobotikProject/install/robotik_description/share/robotik_description/urdf/ur5e.urdf.xacro
-- Up-to-date symlink: /home/maksmykha/Documents/RobotikProject/install/robotik_description/share/robotik_description/launch/view_ur5e.launch.py
-- Up-to-date symlink: /home/maksmykha/Documents/RobotikProject/install/robotik_description/share/ament_index/resource_index/package_run_dependencies/robotik_description
-- Up-to-date symlink: /home/maksmykha/Documents/RobotikProject/install/robotik_description/share/ament_index/resource_index/parent_prefix_path/robotik_description
-- Up-to-date symlink: /home/maksmykha/Documents/RobotikProject/install/robotik_description/share/robotik_description/environment/ament_prefix_path.sh
-- Up-to-date symlink: /home/maksmykha/Documents/RobotikProject/install/robotik_description/share/robotik_description/environment/ament_prefix_path.dsv
-- Up-to-date symlink: /home/maksmykha/Documents/RobotikProject/install/robotik_description/share/robotik_description/environment/path.sh
-- Up-to-date symlink: /home/maksmykha/Documents/RobotikProject/install/robotik_description/share/robotik_description/environment/path.dsv
-- Up-to-date symlink: /home/maksmykha/Documents/RobotikProject/install/robotik_description/share/robotik_description/local_setup.bash
-- Up-to-date symlink: /home/maksmykha/Documents/RobotikProject/install/robotik_description/share/robotik_description/local_setup.sh
-- Up-to-date symlink: /home/maksmykha/Documents/RobotikProject/install/robotik_description/share/robotik_description/local_setup.zsh
-- Up-to-date symlink: /home/maksmykha/Documents/RobotikProject/install/robotik_description/share/robotik_description/local_setup.dsv
-- Symlinking: /home/maksmykha/Documents/RobotikProject/install/robotik_description/share/robotik_description/package.dsv
-- Up-to-date symlink: /home/maksmykha/Documents/RobotikProject/install/robotik_description/share/ament_index/resource_index/packages/robotik_description
-- Up-to-date symlink: /home/maksmykha/Documents/RobotikProject/install/robotik_description/share/robotik_description/cmake/robotik_descriptionConfig.cmake
-- Up-to-date symlink: /home/maksmykha/Documents/RobotikProject/install/robotik_description/share/robotik_description/cmake/robotik_descriptionConfig-version.cmake
-- Up-to-date symlink: /home/maksmykha/Documents/RobotikProject/install/robotik_description/share/robotik_description/package.xml
