[1.308s] Invoking command in '/home/maksmykha/Documents/RobotikProject/build/robotik_bringup': DEBUGINFOD_URLS=https://debuginfod.ubuntu.com PYTHONPATH=/home/maksmykha/Documents/RobotikProject/build/robotik_bringup/prefix_override:/usr/lib/python3/dist-packages/colcon_core/task/python/colcon_distutils_commands:/home/maksmykha/Documents/RobotikProject/install/robotik_bringup/lib/python3.12/site-packages:${PYTHONPATH} /usr/bin/python3 -W ignore:setup.py install is deprecated -W ignore:easy_install command is deprecated setup.py develop --uninstall --editable --build-directory /home/maksmykha/Documents/RobotikProject/build/robotik_bringup/build
[1.610s] running develop
[1.799s] Removing /home/maksmykha/Documents/RobotikProject/install/robotik_bringup/lib/python3.12/site-packages/robotik-bringup.egg-link (link to .)
[1.848s] Invoked command in '/home/maksmykha/Documents/RobotikProject/build/robotik_bringup' returned '0': DEBUGINFOD_URLS=https://debuginfod.ubuntu.com PYTHONPATH=/home/maksmykha/Documents/RobotikProject/build/robotik_bringup/prefix_override:/usr/lib/python3/dist-packages/colcon_core/task/python/colcon_distutils_commands:/home/maksmykha/Documents/RobotikProject/install/robotik_bringup/lib/python3.12/site-packages:${PYTHONPATH} /usr/bin/python3 -W ignore:setup.py install is deprecated -W ignore:easy_install command is deprecated setup.py develop --uninstall --editable --build-directory /home/maksmykha/Documents/RobotikProject/build/robotik_bringup/build
[1.849s] Invoking command in '/home/maksmykha/Documents/RobotikProject/src/robotik_bringup': DEBUGINFOD_URLS=https://debuginfod.ubuntu.com PYTHONPATH=/home/maksmykha/Documents/RobotikProject/build/robotik_bringup/prefix_override:/usr/lib/python3/dist-packages/colcon_core/task/python/colcon_distutils_commands:/home/maksmykha/Documents/RobotikProject/install/robotik_bringup/lib/python3.12/site-packages:${PYTHONPATH} /usr/bin/python3 -W ignore:setup.py install is deprecated -W ignore:easy_install command is deprecated setup.py egg_info --egg-base ../../build/robotik_bringup build --build-base /home/maksmykha/Documents/RobotikProject/build/robotik_bringup/build install --record /home/maksmykha/Documents/RobotikProject/build/robotik_bringup/install.log --single-version-externally-managed install_data --force
[2.061s] running egg_info
[2.076s] writing ../../build/robotik_bringup/robotik_bringup.egg-info/PKG-INFO
[2.077s] writing dependency_links to ../../build/robotik_bringup/robotik_bringup.egg-info/dependency_links.txt
[2.077s] writing requirements to ../../build/robotik_bringup/robotik_bringup.egg-info/requires.txt
[2.077s] writing top-level names to ../../build/robotik_bringup/robotik_bringup.egg-info/top_level.txt
[2.102s] reading manifest file '../../build/robotik_bringup/robotik_bringup.egg-info/SOURCES.txt'
[2.102s] writing manifest file '../../build/robotik_bringup/robotik_bringup.egg-info/SOURCES.txt'
[2.103s] running build
[2.103s] running build_py
[2.104s] creating /home/maksmykha/Documents/RobotikProject/build/robotik_bringup/build
[2.105s] creating /home/maksmykha/Documents/RobotikProject/build/robotik_bringup/build/lib
[2.105s] creating /home/maksmykha/Documents/RobotikProject/build/robotik_bringup/build/lib/robotik_bringup
[2.105s] copying robotik_bringup/__init__.py -> /home/maksmykha/Documents/RobotikProject/build/robotik_bringup/build/lib/robotik_bringup
[2.105s] running install
[2.112s] running install_lib
[2.133s] creating /home/maksmykha/Documents/RobotikProject/install/robotik_bringup/lib/python3.12/site-packages/robotik_bringup
[2.133s] copying /home/maksmykha/Documents/RobotikProject/build/robotik_bringup/build/lib/robotik_bringup/__init__.py -> /home/maksmykha/Documents/RobotikProject/install/robotik_bringup/lib/python3.12/site-packages/robotik_bringup
[2.133s] byte-compiling /home/maksmykha/Documents/RobotikProject/install/robotik_bringup/lib/python3.12/site-packages/robotik_bringup/__init__.py to __init__.cpython-312.pyc
[2.134s] running install_data
[2.134s] copying resource/robotik_bringup -> /home/maksmykha/Documents/RobotikProject/install/robotik_bringup/share/ament_index/resource_index/packages
[2.134s] copying package.xml -> /home/maksmykha/Documents/RobotikProject/install/robotik_bringup/share/robotik_bringup
[2.134s] running install_egg_info
[2.153s] Copying ../../build/robotik_bringup/robotik_bringup.egg-info to /home/maksmykha/Documents/RobotikProject/install/robotik_bringup/lib/python3.12/site-packages/robotik_bringup-0.0.0-py3.12.egg-info
[2.154s] running install_scripts
[2.266s] writing list of installed files to '/home/maksmykha/Documents/RobotikProject/build/robotik_bringup/install.log'
[2.315s] Invoked command in '/home/maksmykha/Documents/RobotikProject/src/robotik_bringup' returned '0': DEBUGINFOD_URLS=https://debuginfod.ubuntu.com PYTHONPATH=/home/maksmykha/Documents/RobotikProject/build/robotik_bringup/prefix_override:/usr/lib/python3/dist-packages/colcon_core/task/python/colcon_distutils_commands:/home/maksmykha/Documents/RobotikProject/install/robotik_bringup/lib/python3.12/site-packages:${PYTHONPATH} /usr/bin/python3 -W ignore:setup.py install is deprecated -W ignore:easy_install command is deprecated setup.py egg_info --egg-base ../../build/robotik_bringup build --build-base /home/maksmykha/Documents/RobotikProject/build/robotik_bringup/build install --record /home/maksmykha/Documents/RobotikProject/build/robotik_bringup/install.log --single-version-externally-managed install_data --force
