[0.064s] Invoking command in '/home/maksmykha/Documents/RobotikProject/build/robot_description': CMAKE_PREFIX_PATH=${CMAKE_PREFIX_PATH}:/home/maksmykha/Documents/RobotikProject/install/robotik_vision:/home/maksmykha/Documents/RobotikProject/install/robotik_sorting:/home/maksmykha/Documents/RobotikProject/install/robotik_gazebo:/home/maksmykha/Documents/RobotikProject/install/robotik_control:/home/maksmykha/Documents/RobotikProject/install/robotik_bringup:/home/maksmykha/Documents/RobotikProject/install/yolo_ros:/opt/ros/jazzy DEBUGINFOD_URLS=https://debuginfod.ubuntu.com /usr/bin/cmake /home/maksmykha/Documents/RobotikProject/src/robot_description -DCMAKE_INSTALL_PREFIX=/home/maksmykha/Documents/RobotikProject/install/robot_description
[0.639s] -- Found ament_cmake: 2.5.6 (/opt/ros/jazzy/share/ament_cmake/cmake)
[0.639s] -- Override CMake install command with custom implementation using symlinks instead of copying resources
[0.639s] -- Found ament_lint_auto: 0.17.5 (/opt/ros/jazzy/share/ament_lint_auto/cmake)
[0.639s] -- Added test 'lint_cmake' to check CMake code style
[0.639s] -- Added test 'xmllint' to check XML markup files
[0.640s] -- Configuring done (0.2s)
[0.640s] -- Generating done (0.0s)
[0.640s] -- Build files have been written to: /home/maksmykha/Documents/RobotikProject/build/robot_description
[0.642s] Invoked command in '/home/maksmykha/Documents/RobotikProject/build/robot_description' returned '0': CMAKE_PREFIX_PATH=${CMAKE_PREFIX_PATH}:/home/maksmykha/Documents/RobotikProject/install/robotik_vision:/home/maksmykha/Documents/RobotikProject/install/robotik_sorting:/home/maksmykha/Documents/RobotikProject/install/robotik_gazebo:/home/maksmykha/Documents/RobotikProject/install/robotik_control:/home/maksmykha/Documents/RobotikProject/install/robotik_bringup:/home/maksmykha/Documents/RobotikProject/install/yolo_ros:/opt/ros/jazzy DEBUGINFOD_URLS=https://debuginfod.ubuntu.com /usr/bin/cmake /home/maksmykha/Documents/RobotikProject/src/robot_description -DCMAKE_INSTALL_PREFIX=/home/maksmykha/Documents/RobotikProject/install/robot_description
[0.643s] Invoking command in '/home/maksmykha/Documents/RobotikProject/build/robot_description': CMAKE_PREFIX_PATH=${CMAKE_PREFIX_PATH}:/home/maksmykha/Documents/RobotikProject/install/robotik_vision:/home/maksmykha/Documents/RobotikProject/install/robotik_sorting:/home/maksmykha/Documents/RobotikProject/install/robotik_gazebo:/home/maksmykha/Documents/RobotikProject/install/robotik_control:/home/maksmykha/Documents/RobotikProject/install/robotik_bringup:/home/maksmykha/Documents/RobotikProject/install/yolo_ros:/opt/ros/jazzy DEBUGINFOD_URLS=https://debuginfod.ubuntu.com /usr/bin/cmake --build /home/maksmykha/Documents/RobotikProject/build/robot_description -- -j8 -l8
[0.788s] Invoked command in '/home/maksmykha/Documents/RobotikProject/build/robot_description' returned '0': CMAKE_PREFIX_PATH=${CMAKE_PREFIX_PATH}:/home/maksmykha/Documents/RobotikProject/install/robotik_vision:/home/maksmykha/Documents/RobotikProject/install/robotik_sorting:/home/maksmykha/Documents/RobotikProject/install/robotik_gazebo:/home/maksmykha/Documents/RobotikProject/install/robotik_control:/home/maksmykha/Documents/RobotikProject/install/robotik_bringup:/home/maksmykha/Documents/RobotikProject/install/yolo_ros:/opt/ros/jazzy DEBUGINFOD_URLS=https://debuginfod.ubuntu.com /usr/bin/cmake --build /home/maksmykha/Documents/RobotikProject/build/robot_description -- -j8 -l8
[0.794s] Invoking command in '/home/maksmykha/Documents/RobotikProject/build/robot_description': CMAKE_PREFIX_PATH=${CMAKE_PREFIX_PATH}:/home/maksmykha/Documents/RobotikProject/install/robotik_vision:/home/maksmykha/Documents/RobotikProject/install/robotik_sorting:/home/maksmykha/Documents/RobotikProject/install/robotik_gazebo:/home/maksmykha/Documents/RobotikProject/install/robotik_control:/home/maksmykha/Documents/RobotikProject/install/robotik_bringup:/home/maksmykha/Documents/RobotikProject/install/yolo_ros:/opt/ros/jazzy DEBUGINFOD_URLS=https://debuginfod.ubuntu.com /usr/bin/cmake --install /home/maksmykha/Documents/RobotikProject/build/robot_description
[0.811s] -- Install configuration: ""
[0.812s] -- Execute custom install script
[0.812s] -- Up-to-date symlink: /home/maksmykha/Documents/RobotikProject/install/robot_description/share/ament_index/resource_index/package_run_dependencies/robot_description
[0.813s] -- Up-to-date symlink: /home/maksmykha/Documents/RobotikProject/install/robot_description/share/ament_index/resource_index/parent_prefix_path/robot_description
[0.813s] -- Up-to-date symlink: /home/maksmykha/Documents/RobotikProject/install/robot_description/share/robot_description/environment/ament_prefix_path.sh
[0.813s] -- Up-to-date symlink: /home/maksmykha/Documents/RobotikProject/install/robot_description/share/robot_description/environment/ament_prefix_path.dsv
[0.813s] -- Up-to-date symlink: /home/maksmykha/Documents/RobotikProject/install/robot_description/share/robot_description/environment/path.sh
[0.813s] -- Up-to-date symlink: /home/maksmykha/Documents/RobotikProject/install/robot_description/share/robot_description/environment/path.dsv
[0.814s] -- Up-to-date symlink: /home/maksmykha/Documents/RobotikProject/install/robot_description/share/robot_description/local_setup.bash
[0.815s] -- Up-to-date symlink: /home/maksmykha/Documents/RobotikProject/install/robot_description/share/robot_description/local_setup.sh
[0.815s] -- Up-to-date symlink: /home/maksmykha/Documents/RobotikProject/install/robot_description/share/robot_description/local_setup.zsh
[0.815s] -- Up-to-date symlink: /home/maksmykha/Documents/RobotikProject/install/robot_description/share/robot_description/local_setup.dsv
[0.818s] -- Symlinking: /home/maksmykha/Documents/RobotikProject/install/robot_description/share/robot_description/package.dsv
[0.834s] -- Up-to-date symlink: /home/maksmykha/Documents/RobotikProject/install/robot_description/share/ament_index/resource_index/packages/robot_description
[0.837s] -- Up-to-date symlink: /home/maksmykha/Documents/RobotikProject/install/robot_description/share/robot_description/cmake/robot_descriptionConfig.cmake
[0.837s] -- Up-to-date symlink: /home/maksmykha/Documents/RobotikProject/install/robot_description/share/robot_description/cmake/robot_descriptionConfig-version.cmake
[0.837s] -- Up-to-date symlink: /home/maksmykha/Documents/RobotikProject/install/robot_description/share/robot_description/package.xml
[0.838s] Invoked command in '/home/maksmykha/Documents/RobotikProject/build/robot_description' returned '0': CMAKE_PREFIX_PATH=${CMAKE_PREFIX_PATH}:/home/maksmykha/Documents/RobotikProject/install/robotik_vision:/home/maksmykha/Documents/RobotikProject/install/robotik_sorting:/home/maksmykha/Documents/RobotikProject/install/robotik_gazebo:/home/maksmykha/Documents/RobotikProject/install/robotik_control:/home/maksmykha/Documents/RobotikProject/install/robotik_bringup:/home/maksmykha/Documents/RobotikProject/install/yolo_ros:/opt/ros/jazzy DEBUGINFOD_URLS=https://debuginfod.ubuntu.com /usr/bin/cmake --install /home/maksmykha/Documents/RobotikProject/build/robot_description
