[0.366s] Invoking command in '/home/maksmykha/Documents/RobotikProject/build/robotik_description': CMAKE_PREFIX_PATH=${CMAKE_PREFIX_PATH}:/home/maksmykha/Documents/RobotikProject/install/yolo_ros:/opt/ros/jazzy DEBUGINFOD_URLS=https://debuginfod.ubuntu.com /usr/bin/cmake /home/maksmykha/Documents/RobotikProject/src/robotik_description -DAMENT_CMAKE_SYMLINK_INSTALL=1 -DCMAKE_INSTALL_PREFIX=/home/maksmykha/Documents/RobotikProject/install/robotik_description
[0.652s] -- The C compiler identification is GNU 13.3.0
[0.652s] -- The CXX compiler identification is GNU 13.3.0
[0.652s] -- Detecting C compiler ABI info
[0.652s] -- Detecting C compiler ABI info - done
[0.652s] -- Check for working C compiler: /usr/bin/cc - skipped
[0.652s] -- Detecting C compile features
[0.652s] -- Detecting C compile features - done
[0.652s] -- Detecting CXX compiler ABI info
[0.722s] -- Detecting CXX compiler ABI info - done
[0.730s] -- Check for working CXX compiler: /usr/bin/c++ - skipped
[0.730s] -- Detecting CXX compile features
[0.730s] -- Detecting CXX compile features - done
[0.742s] -- Found ament_cmake: 2.5.6 (/opt/ros/jazzy/share/ament_cmake/cmake)
[0.922s] -- Found Python3: /usr/bin/python3 (found version "3.12.3") found components: Interpreter 
[1.083s] -- Override CMake install command with custom implementation using symlinks instead of copying resources
[1.193s] -- Found ament_lint_auto: 0.17.5 (/opt/ros/jazzy/share/ament_lint_auto/cmake)
[1.349s] -- Added test 'lint_cmake' to check CMake code style
[1.352s] -- Added test 'xmllint' to check XML markup files
[1.359s] -- Configuring done (1.0s)
[1.363s] -- Generating done (0.0s)
[1.366s] -- Build files have been written to: /home/maksmykha/Documents/RobotikProject/build/robotik_description
[1.371s] Invoked command in '/home/maksmykha/Documents/RobotikProject/build/robotik_description' returned '0': CMAKE_PREFIX_PATH=${CMAKE_PREFIX_PATH}:/home/maksmykha/Documents/RobotikProject/install/yolo_ros:/opt/ros/jazzy DEBUGINFOD_URLS=https://debuginfod.ubuntu.com /usr/bin/cmake /home/maksmykha/Documents/RobotikProject/src/robotik_description -DAMENT_CMAKE_SYMLINK_INSTALL=1 -DCMAKE_INSTALL_PREFIX=/home/maksmykha/Documents/RobotikProject/install/robotik_description
[1.371s] Invoking command in '/home/maksmykha/Documents/RobotikProject/build/robotik_description': CMAKE_PREFIX_PATH=${CMAKE_PREFIX_PATH}:/home/maksmykha/Documents/RobotikProject/install/yolo_ros:/opt/ros/jazzy DEBUGINFOD_URLS=https://debuginfod.ubuntu.com /usr/bin/cmake --build /home/maksmykha/Documents/RobotikProject/build/robotik_description -- -j8 -l8
[1.427s] Invoked command in '/home/maksmykha/Documents/RobotikProject/build/robotik_description' returned '0': CMAKE_PREFIX_PATH=${CMAKE_PREFIX_PATH}:/home/maksmykha/Documents/RobotikProject/install/yolo_ros:/opt/ros/jazzy DEBUGINFOD_URLS=https://debuginfod.ubuntu.com /usr/bin/cmake --build /home/maksmykha/Documents/RobotikProject/build/robotik_description -- -j8 -l8
[1.428s] Invoking command in '/home/maksmykha/Documents/RobotikProject/build/robotik_description': CMAKE_PREFIX_PATH=${CMAKE_PREFIX_PATH}:/home/maksmykha/Documents/RobotikProject/install/yolo_ros:/opt/ros/jazzy DEBUGINFOD_URLS=https://debuginfod.ubuntu.com /usr/bin/cmake --install /home/maksmykha/Documents/RobotikProject/build/robotik_description
[1.436s] -- Install configuration: ""
[1.437s] -- Execute custom install script
[1.437s] -- Symlinking: /home/maksmykha/Documents/RobotikProject/install/robotik_description/share/ament_index/resource_index/package_run_dependencies/robotik_description
[1.445s] -- Symlinking: /home/maksmykha/Documents/RobotikProject/install/robotik_description/share/ament_index/resource_index/parent_prefix_path/robotik_description
[1.456s] -- Symlinking: /home/maksmykha/Documents/RobotikProject/install/robotik_description/share/robotik_description/environment/ament_prefix_path.sh
[1.463s] -- Symlinking: /home/maksmykha/Documents/RobotikProject/install/robotik_description/share/robotik_description/environment/ament_prefix_path.dsv
[1.472s] -- Symlinking: /home/maksmykha/Documents/RobotikProject/install/robotik_description/share/robotik_description/environment/path.sh
[1.481s] -- Symlinking: /home/maksmykha/Documents/RobotikProject/install/robotik_description/share/robotik_description/environment/path.dsv
[1.489s] -- Symlinking: /home/maksmykha/Documents/RobotikProject/install/robotik_description/share/robotik_description/local_setup.bash
[1.505s] -- Symlinking: /home/maksmykha/Documents/RobotikProject/install/robotik_description/share/robotik_description/local_setup.sh
[1.515s] -- Symlinking: /home/maksmykha/Documents/RobotikProject/install/robotik_description/share/robotik_description/local_setup.zsh
[1.528s] -- Symlinking: /home/maksmykha/Documents/RobotikProject/install/robotik_description/share/robotik_description/local_setup.dsv
[1.542s] -- Symlinking: /home/maksmykha/Documents/RobotikProject/install/robotik_description/share/robotik_description/package.dsv
[1.558s] -- Symlinking: /home/maksmykha/Documents/RobotikProject/install/robotik_description/share/ament_index/resource_index/packages/robotik_description
[1.566s] -- Symlinking: /home/maksmykha/Documents/RobotikProject/install/robotik_description/share/robotik_description/cmake/robotik_descriptionConfig.cmake
[1.583s] -- Symlinking: /home/maksmykha/Documents/RobotikProject/install/robotik_description/share/robotik_description/cmake/robotik_descriptionConfig-version.cmake
[1.600s] -- Symlinking: /home/maksmykha/Documents/RobotikProject/install/robotik_description/share/robotik_description/package.xml
[1.618s] Invoked command in '/home/maksmykha/Documents/RobotikProject/build/robotik_description' returned '0': CMAKE_PREFIX_PATH=${CMAKE_PREFIX_PATH}:/home/maksmykha/Documents/RobotikProject/install/yolo_ros:/opt/ros/jazzy DEBUGINFOD_URLS=https://debuginfod.ubuntu.com /usr/bin/cmake --install /home/maksmykha/Documents/RobotikProject/build/robotik_description
