-- Found ament_cmake: 2.5.6 (/opt/ros/jazzy/share/ament_cmake/cmake)
-- Override CMake install command with custom implementation using symlinks instead of copying resources
-- Found ament_lint_auto: 0.17.5 (/opt/ros/jazzy/share/ament_lint_auto/cmake)
-- Added test 'lint_cmake' to check CMake code style
-- Added test 'xmllint' to check XML markup files
-- Configuring done (0.2s)
-- Generating done (0.0s)
-- Build files have been written to: /home/maksmykha/Documents/RobotikProject/build/robot_description
-- Install configuration: ""
-- Execute custom install script
-- Symlinking: /home/maksmykha/Documents/RobotikProject/install/robot_description/share/ament_index/resource_index/package_run_dependencies/robot_description
-- Symlinking: /home/maksmykha/Documents/RobotikProject/install/robot_description/share/ament_index/resource_index/parent_prefix_path/robot_description
-- Symlinking: /home/maksmykha/Documents/RobotikProject/install/robot_description/share/robot_description/environment/ament_prefix_path.sh
-- Symlinking: /home/maksmykha/Documents/RobotikProject/install/robot_description/share/robot_description/environment/ament_prefix_path.dsv
-- Symlinking: /home/maksmykha/Documents/RobotikProject/install/robot_description/share/robot_description/environment/path.sh
-- Symlinking: /home/maksmykha/Documents/RobotikProject/install/robot_description/share/robot_description/environment/path.dsv
-- Symlinking: /home/maksmykha/Documents/RobotikProject/install/robot_description/share/robot_description/local_setup.bash
-- Symlinking: /home/maksmykha/Documents/RobotikProject/install/robot_description/share/robot_description/local_setup.sh
-- Symlinking: /home/maksmykha/Documents/RobotikProject/install/robot_description/share/robot_description/local_setup.zsh
-- Symlinking: /home/maksmykha/Documents/RobotikProject/install/robot_description/share/robot_description/local_setup.dsv
-- Symlinking: /home/maksmykha/Documents/RobotikProject/install/robot_description/share/robot_description/package.dsv
-- Symlinking: /home/maksmykha/Documents/RobotikProject/install/robot_description/share/ament_index/resource_index/packages/robot_description
-- Symlinking: /home/maksmykha/Documents/RobotikProject/install/robot_description/share/robot_description/cmake/robot_descriptionConfig.cmake
-- Symlinking: /home/maksmykha/Documents/RobotikProject/install/robot_description/share/robot_description/cmake/robot_descriptionConfig-version.cmake
-- Symlinking: /home/maksmykha/Documents/RobotikProject/install/robot_description/share/robot_description/package.xml
