[1.766s] Invoking command in '/home/maksmykha/Documents/RobotikProject/build/robotik_sorting': DEBUGINFOD_URLS=https://debuginfod.ubuntu.com PYTHONPATH=/home/maksmykha/Documents/RobotikProject/build/robotik_sorting/prefix_override:/usr/lib/python3/dist-packages/colcon_core/task/python/colcon_distutils_commands:/home/maksmykha/Documents/RobotikProject/install/robotik_sorting/lib/python3.12/site-packages:${PYTHONPATH} /usr/bin/python3 -W ignore:setup.py install is deprecated -W ignore:easy_install command is deprecated setup.py develop --editable --build-directory /home/maksmykha/Documents/RobotikProject/build/robotik_sorting/build --no-deps symlink_data
[2.111s] running develop
[2.276s] running egg_info
[2.277s] creating robotik_sorting.egg-info
[2.294s] writing robotik_sorting.egg-info/PKG-INFO
[2.295s] writing dependency_links to robotik_sorting.egg-info/dependency_links.txt
[2.296s] writing requirements to robotik_sorting.egg-info/requires.txt
[2.296s] writing top-level names to robotik_sorting.egg-info/top_level.txt
[2.296s] writing manifest file 'robotik_sorting.egg-info/SOURCES.txt'
[2.342s] reading manifest file 'robotik_sorting.egg-info/SOURCES.txt'
[2.342s] writing manifest file 'robotik_sorting.egg-info/SOURCES.txt'
[2.368s] running build_ext
[2.368s] Creating /home/maksmykha/Documents/RobotikProject/install/robotik_sorting/lib/python3.12/site-packages/robotik-sorting.egg-link (link to .)
[2.368s] 
[2.368s] Installed /home/maksmykha/Documents/RobotikProject/build/robotik_sorting
[2.368s] running symlink_data
[2.368s] creating /home/maksmykha/Documents/RobotikProject/install/robotik_sorting/share/ament_index
[2.368s] creating /home/maksmykha/Documents/RobotikProject/install/robotik_sorting/share/ament_index/resource_index
[2.368s] creating /home/maksmykha/Documents/RobotikProject/install/robotik_sorting/share/ament_index/resource_index/packages
[2.369s] symbolically linking /home/maksmykha/Documents/RobotikProject/build/robotik_sorting/resource/robotik_sorting -> /home/maksmykha/Documents/RobotikProject/install/robotik_sorting/share/ament_index/resource_index/packages
[2.369s] symbolically linking /home/maksmykha/Documents/RobotikProject/build/robotik_sorting/package.xml -> /home/maksmykha/Documents/RobotikProject/install/robotik_sorting/share/robotik_sorting
[2.458s] Invoked command in '/home/maksmykha/Documents/RobotikProject/build/robotik_sorting' returned '0': DEBUGINFOD_URLS=https://debuginfod.ubuntu.com PYTHONPATH=/home/maksmykha/Documents/RobotikProject/build/robotik_sorting/prefix_override:/usr/lib/python3/dist-packages/colcon_core/task/python/colcon_distutils_commands:/home/maksmykha/Documents/RobotikProject/install/robotik_sorting/lib/python3.12/site-packages:${PYTHONPATH} /usr/bin/python3 -W ignore:setup.py install is deprecated -W ignore:easy_install command is deprecated setup.py develop --editable --build-directory /home/maksmykha/Documents/RobotikProject/build/robotik_sorting/build --no-deps symlink_data
