[0.362s] Invoking command in '/home/maksmykha/Documents/RobotikProject/build/robotik_description': CMAKE_PREFIX_PATH=${CMAKE_PREFIX_PATH}:/home/maksmykha/Documents/RobotikProject/install/robotik_vision:/home/maksmykha/Documents/RobotikProject/install/robotik_sorting:/home/maksmykha/Documents/RobotikProject/install/robotik_gazebo:/home/maksmykha/Documents/RobotikProject/install/robotik_control:/home/maksmykha/Documents/RobotikProject/install/robotik_bringup:/home/maksmykha/Documents/RobotikProject/install/yolo_ros:/opt/ros/jazzy DEBUGINFOD_URLS=https://debuginfod.ubuntu.com /usr/bin/cmake /home/maksmykha/Documents/RobotikProject/src/robotik_description -DAMENT_CMAKE_SYMLINK_INSTALL=1 -DCMAKE_INSTALL_PREFIX=/home/maksmykha/Documents/RobotikProject/install/robotik_description
[0.776s] -- Found ament_cmake: 2.5.6 (/opt/ros/jazzy/share/ament_cmake/cmake)
[0.776s] -- Override CMake install command with custom implementation using symlinks instead of copying resources
[0.776s] -- Found ament_lint_auto: 0.17.5 (/opt/ros/jazzy/share/ament_lint_auto/cmake)
[0.776s] -- Added test 'lint_cmake' to check CMake code style
[0.777s] -- Added test 'xmllint' to check XML markup files
[0.777s] -- Configuring done (0.2s)
[0.777s] -- Generating done (0.0s)
[0.777s] -- Build files have been written to: /home/maksmykha/Documents/RobotikProject/build/robotik_description
[0.780s] Invoked command in '/home/maksmykha/Documents/RobotikProject/build/robotik_description' returned '0': CMAKE_PREFIX_PATH=${CMAKE_PREFIX_PATH}:/home/maksmykha/Documents/RobotikProject/install/robotik_vision:/home/maksmykha/Documents/RobotikProject/install/robotik_sorting:/home/maksmykha/Documents/RobotikProject/install/robotik_gazebo:/home/maksmykha/Documents/RobotikProject/install/robotik_control:/home/maksmykha/Documents/RobotikProject/install/robotik_bringup:/home/maksmykha/Documents/RobotikProject/install/yolo_ros:/opt/ros/jazzy DEBUGINFOD_URLS=https://debuginfod.ubuntu.com /usr/bin/cmake /home/maksmykha/Documents/RobotikProject/src/robotik_description -DAMENT_CMAKE_SYMLINK_INSTALL=1 -DCMAKE_INSTALL_PREFIX=/home/maksmykha/Documents/RobotikProject/install/robotik_description
[0.780s] Invoking command in '/home/maksmykha/Documents/RobotikProject/build/robotik_description': CMAKE_PREFIX_PATH=${CMAKE_PREFIX_PATH}:/home/maksmykha/Documents/RobotikProject/install/robotik_vision:/home/maksmykha/Documents/RobotikProject/install/robotik_sorting:/home/maksmykha/Documents/RobotikProject/install/robotik_gazebo:/home/maksmykha/Documents/RobotikProject/install/robotik_control:/home/maksmykha/Documents/RobotikProject/install/robotik_bringup:/home/maksmykha/Documents/RobotikProject/install/yolo_ros:/opt/ros/jazzy DEBUGINFOD_URLS=https://debuginfod.ubuntu.com /usr/bin/cmake --build /home/maksmykha/Documents/RobotikProject/build/robotik_description -- -j8 -l8
[0.851s] Invoked command in '/home/maksmykha/Documents/RobotikProject/build/robotik_description' returned '0': CMAKE_PREFIX_PATH=${CMAKE_PREFIX_PATH}:/home/maksmykha/Documents/RobotikProject/install/robotik_vision:/home/maksmykha/Documents/RobotikProject/install/robotik_sorting:/home/maksmykha/Documents/RobotikProject/install/robotik_gazebo:/home/maksmykha/Documents/RobotikProject/install/robotik_control:/home/maksmykha/Documents/RobotikProject/install/robotik_bringup:/home/maksmykha/Documents/RobotikProject/install/yolo_ros:/opt/ros/jazzy DEBUGINFOD_URLS=https://debuginfod.ubuntu.com /usr/bin/cmake --build /home/maksmykha/Documents/RobotikProject/build/robotik_description -- -j8 -l8
[0.851s] Invoking command in '/home/maksmykha/Documents/RobotikProject/build/robotik_description': CMAKE_PREFIX_PATH=${CMAKE_PREFIX_PATH}:/home/maksmykha/Documents/RobotikProject/install/robotik_vision:/home/maksmykha/Documents/RobotikProject/install/robotik_sorting:/home/maksmykha/Documents/RobotikProject/install/robotik_gazebo:/home/maksmykha/Documents/RobotikProject/install/robotik_control:/home/maksmykha/Documents/RobotikProject/install/robotik_bringup:/home/maksmykha/Documents/RobotikProject/install/yolo_ros:/opt/ros/jazzy DEBUGINFOD_URLS=https://debuginfod.ubuntu.com /usr/bin/cmake --install /home/maksmykha/Documents/RobotikProject/build/robotik_description
[0.859s] -- Install configuration: ""
[0.859s] -- Execute custom install script
[0.861s] -- Up-to-date symlink: /home/maksmykha/Documents/RobotikProject/install/robotik_description/share/ament_index/resource_index/package_run_dependencies/robotik_description
[0.861s] -- Up-to-date symlink: /home/maksmykha/Documents/RobotikProject/install/robotik_description/share/ament_index/resource_index/parent_prefix_path/robotik_description
[0.861s] -- Up-to-date symlink: /home/maksmykha/Documents/RobotikProject/install/robotik_description/share/robotik_description/environment/ament_prefix_path.sh
[0.861s] -- Up-to-date symlink: /home/maksmykha/Documents/RobotikProject/install/robotik_description/share/robotik_description/environment/ament_prefix_path.dsv
[0.861s] -- Up-to-date symlink: /home/maksmykha/Documents/RobotikProject/install/robotik_description/share/robotik_description/environment/path.sh
[0.861s] -- Up-to-date symlink: /home/maksmykha/Documents/RobotikProject/install/robotik_description/share/robotik_description/environment/path.dsv
[0.861s] -- Up-to-date symlink: /home/maksmykha/Documents/RobotikProject/install/robotik_description/share/robotik_description/local_setup.bash
[0.861s] -- Up-to-date symlink: /home/maksmykha/Documents/RobotikProject/install/robotik_description/share/robotik_description/local_setup.sh
[0.861s] -- Up-to-date symlink: /home/maksmykha/Documents/RobotikProject/install/robotik_description/share/robotik_description/local_setup.zsh
[0.861s] -- Up-to-date symlink: /home/maksmykha/Documents/RobotikProject/install/robotik_description/share/robotik_description/local_setup.dsv
[0.861s] -- Symlinking: /home/maksmykha/Documents/RobotikProject/install/robotik_description/share/robotik_description/package.dsv
[0.870s] -- Up-to-date symlink: /home/maksmykha/Documents/RobotikProject/install/robotik_description/share/ament_index/resource_index/packages/robotik_description
[0.870s] -- Up-to-date symlink: /home/maksmykha/Documents/RobotikProject/install/robotik_description/share/robotik_description/cmake/robotik_descriptionConfig.cmake
[0.870s] -- Up-to-date symlink: /home/maksmykha/Documents/RobotikProject/install/robotik_description/share/robotik_description/cmake/robotik_descriptionConfig-version.cmake
[0.870s] -- Up-to-date symlink: /home/maksmykha/Documents/RobotikProject/install/robotik_description/share/robotik_description/package.xml
[0.872s] Invoked command in '/home/maksmykha/Documents/RobotikProject/build/robotik_description' returned '0': CMAKE_PREFIX_PATH=${CMAKE_PREFIX_PATH}:/home/maksmykha/Documents/RobotikProject/install/robotik_vision:/home/maksmykha/Documents/RobotikProject/install/robotik_sorting:/home/maksmykha/Documents/RobotikProject/install/robotik_gazebo:/home/maksmykha/Documents/RobotikProject/install/robotik_control:/home/maksmykha/Documents/RobotikProject/install/robotik_bringup:/home/maksmykha/Documents/RobotikProject/install/yolo_ros:/opt/ros/jazzy DEBUGINFOD_URLS=https://debuginfod.ubuntu.com /usr/bin/cmake --install /home/maksmykha/Documents/RobotikProject/build/robotik_description
