[1.683s] Invoking command in '/home/maksmykha/Documents/RobotikProject/build/robotik_bringup': DEBUGINFOD_URLS=https://debuginfod.ubuntu.com PYTHONPATH=/home/maksmykha/Documents/RobotikProject/build/robotik_bringup/prefix_override:/usr/lib/python3/dist-packages/colcon_core/task/python/colcon_distutils_commands:/home/maksmykha/Documents/RobotikProject/install/robotik_bringup/lib/python3.12/site-packages:${PYTHONPATH} /usr/bin/python3 -W ignore:setup.py install is deprecated -W ignore:easy_install command is deprecated setup.py develop --editable --build-directory /home/maksmykha/Documents/RobotikProject/build/robotik_bringup/build --no-deps symlink_data
[2.086s] running develop
[2.286s] running egg_info
[2.286s] creating robotik_bringup.egg-info
[2.300s] writing robotik_bringup.egg-info/PKG-INFO
[2.300s] writing dependency_links to robotik_bringup.egg-info/dependency_links.txt
[2.301s] writing requirements to robotik_bringup.egg-info/requires.txt
[2.301s] writing top-level names to robotik_bringup.egg-info/top_level.txt
[2.303s] writing manifest file 'robotik_bringup.egg-info/SOURCES.txt'
[2.359s] reading manifest file 'robotik_bringup.egg-info/SOURCES.txt'
[2.359s] writing manifest file 'robotik_bringup.egg-info/SOURCES.txt'
[2.377s] running build_ext
[2.378s] Creating /home/maksmykha/Documents/RobotikProject/install/robotik_bringup/lib/python3.12/site-packages/robotik-bringup.egg-link (link to .)
[2.380s] 
[2.380s] Installed /home/maksmykha/Documents/RobotikProject/build/robotik_bringup
[2.384s] running symlink_data
[2.384s] creating /home/maksmykha/Documents/RobotikProject/install/robotik_bringup/share/ament_index
[2.384s] creating /home/maksmykha/Documents/RobotikProject/install/robotik_bringup/share/ament_index/resource_index
[2.384s] creating /home/maksmykha/Documents/RobotikProject/install/robotik_bringup/share/ament_index/resource_index/packages
[2.384s] symbolically linking /home/maksmykha/Documents/RobotikProject/build/robotik_bringup/resource/robotik_bringup -> /home/maksmykha/Documents/RobotikProject/install/robotik_bringup/share/ament_index/resource_index/packages
[2.385s] symbolically linking /home/maksmykha/Documents/RobotikProject/build/robotik_bringup/package.xml -> /home/maksmykha/Documents/RobotikProject/install/robotik_bringup/share/robotik_bringup
[2.440s] Invoked command in '/home/maksmykha/Documents/RobotikProject/build/robotik_bringup' returned '0': DEBUGINFOD_URLS=https://debuginfod.ubuntu.com PYTHONPATH=/home/maksmykha/Documents/RobotikProject/build/robotik_bringup/prefix_override:/usr/lib/python3/dist-packages/colcon_core/task/python/colcon_distutils_commands:/home/maksmykha/Documents/RobotikProject/install/robotik_bringup/lib/python3.12/site-packages:${PYTHONPATH} /usr/bin/python3 -W ignore:setup.py install is deprecated -W ignore:easy_install command is deprecated setup.py develop --editable --build-directory /home/maksmykha/Documents/RobotikProject/build/robotik_bringup/build --no-deps symlink_data
