[1.505s] Invoking command in '/home/maksmykha/Documents/RobotikProject/build/robotik_bringup': DEBUGINFOD_URLS=https://debuginfod.ubuntu.com PYTHONPATH=/home/maksmykha/Documents/RobotikProject/build/robotik_bringup/prefix_override:/usr/lib/python3/dist-packages/colcon_core/task/python/colcon_distutils_commands:/home/maksmykha/Documents/RobotikProject/install/robotik_bringup/lib/python3.12/site-packages:${PYTHONPATH} /usr/bin/python3 -W ignore:setup.py install is deprecated -W ignore:easy_install command is deprecated setup.py develop --uninstall --editable --build-directory /home/maksmykha/Documents/RobotikProject/build/robotik_bringup/build
[1.714s] running develop
[1.859s] Removing /home/maksmykha/Documents/RobotikProject/install/robotik_bringup/lib/python3.12/site-packages/robotik-bringup.egg-link (link to .)
[1.914s] Invoked command in '/home/maksmykha/Documents/RobotikProject/build/robotik_bringup' returned '0': DEBUGINFOD_URLS=https://debuginfod.ubuntu.com PYTHONPATH=/home/maksmykha/Documents/RobotikProject/build/robotik_bringup/prefix_override:/usr/lib/python3/dist-packages/colcon_core/task/python/colcon_distutils_commands:/home/maksmykha/Documents/RobotikProject/install/robotik_bringup/lib/python3.12/site-packages:${PYTHONPATH} /usr/bin/python3 -W ignore:setup.py install is deprecated -W ignore:easy_install command is deprecated setup.py develop --uninstall --editable --build-directory /home/maksmykha/Documents/RobotikProject/build/robotik_bringup/build
[1.914s] Invoking command in '/home/maksmykha/Documents/RobotikProject/src/robotik_bringup': DEBUGINFOD_URLS=https://debuginfod.ubuntu.com PYTHONPATH=/home/maksmykha/Documents/RobotikProject/build/robotik_bringup/prefix_override:/usr/lib/python3/dist-packages/colcon_core/task/python/colcon_distutils_commands:/home/maksmykha/Documents/RobotikProject/install/robotik_bringup/lib/python3.12/site-packages:${PYTHONPATH} /usr/bin/python3 -W ignore:setup.py install is deprecated -W ignore:easy_install command is deprecated setup.py egg_info --egg-base ../../build/robotik_bringup build --build-base /home/maksmykha/Documents/RobotikProject/build/robotik_bringup/build install --record /home/maksmykha/Documents/RobotikProject/build/robotik_bringup/install.log --single-version-externally-managed install_data --force
[2.148s] running egg_info
[2.161s] writing ../../build/robotik_bringup/robotik_bringup.egg-info/PKG-INFO
[2.161s] writing dependency_links to ../../build/robotik_bringup/robotik_bringup.egg-info/dependency_links.txt
[2.161s] writing requirements to ../../build/robotik_bringup/robotik_bringup.egg-info/requires.txt
[2.161s] writing top-level names to ../../build/robotik_bringup/robotik_bringup.egg-info/top_level.txt
[2.195s] reading manifest file '../../build/robotik_bringup/robotik_bringup.egg-info/SOURCES.txt'
[2.198s] writing manifest file '../../build/robotik_bringup/robotik_bringup.egg-info/SOURCES.txt'
[2.198s] running build
[2.198s] running build_py
[2.198s] running install
[2.203s] running install_lib
[2.217s] creating /home/maksmykha/Documents/RobotikProject/install/robotik_bringup/lib/python3.12/site-packages/robotik_bringup
[2.217s] copying /home/maksmykha/Documents/RobotikProject/build/robotik_bringup/build/lib/robotik_bringup/__init__.py -> /home/maksmykha/Documents/RobotikProject/install/robotik_bringup/lib/python3.12/site-packages/robotik_bringup
[2.218s] byte-compiling /home/maksmykha/Documents/RobotikProject/install/robotik_bringup/lib/python3.12/site-packages/robotik_bringup/__init__.py to __init__.cpython-312.pyc
[2.218s] running install_data
[2.218s] copying resource/robotik_bringup -> /home/maksmykha/Documents/RobotikProject/install/robotik_bringup/share/ament_index/resource_index/packages
[2.218s] copying package.xml -> /home/maksmykha/Documents/RobotikProject/install/robotik_bringup/share/robotik_bringup
[2.218s] running install_egg_info
[2.233s] Copying ../../build/robotik_bringup/robotik_bringup.egg-info to /home/maksmykha/Documents/RobotikProject/install/robotik_bringup/lib/python3.12/site-packages/robotik_bringup-0.0.0-py3.12.egg-info
[2.234s] running install_scripts
[2.323s] writing list of installed files to '/home/maksmykha/Documents/RobotikProject/build/robotik_bringup/install.log'
[2.359s] Invoked command in '/home/maksmykha/Documents/RobotikProject/src/robotik_bringup' returned '0': DEBUGINFOD_URLS=https://debuginfod.ubuntu.com PYTHONPATH=/home/maksmykha/Documents/RobotikProject/build/robotik_bringup/prefix_override:/usr/lib/python3/dist-packages/colcon_core/task/python/colcon_distutils_commands:/home/maksmykha/Documents/RobotikProject/install/robotik_bringup/lib/python3.12/site-packages:${PYTHONPATH} /usr/bin/python3 -W ignore:setup.py install is deprecated -W ignore:easy_install command is deprecated setup.py egg_info --egg-base ../../build/robotik_bringup build --build-base /home/maksmykha/Documents/RobotikProject/build/robotik_bringup/build install --record /home/maksmykha/Documents/RobotikProject/build/robotik_bringup/install.log --single-version-externally-managed install_data --force
