[0.772s] Invoking command in '/home/maksmykha/Documents/RobotikProject/build/robotik_description': CMAKE_PREFIX_PATH=${CMAKE_PREFIX_PATH}:/home/maksmykha/Documents/RobotikProject/install/yolo_ros:/home/maksmykha/Documents/RobotikProject/install/robotik_vision:/home/maksmykha/Documents/RobotikProject/install/robotik_sorting:/home/maksmykha/Documents/RobotikProject/install/robotik_gazebo:/home/maksmykha/Documents/RobotikProject/install/robotik_control:/home/maksmykha/Documents/RobotikProject/install/robotik_bringup:/opt/ros/jazzy DEBUGINFOD_URLS=https://debuginfod.ubuntu.com /usr/bin/cmake --build /home/maksmykha/Documents/RobotikProject/build/robotik_description -- -j8 -l8
[1.579s] Invoked command in '/home/maksmykha/Documents/RobotikProject/build/robotik_description' returned '0': CMAKE_PREFIX_PATH=${CMAKE_PREFIX_PATH}:/home/maksmykha/Documents/RobotikProject/install/yolo_ros:/home/maksmykha/Documents/RobotikProject/install/robotik_vision:/home/maksmykha/Documents/RobotikProject/install/robotik_sorting:/home/maksmykha/Documents/RobotikProject/install/robotik_gazebo:/home/maksmykha/Documents/RobotikProject/install/robotik_control:/home/maksmykha/Documents/RobotikProject/install/robotik_bringup:/opt/ros/jazzy DEBUGINFOD_URLS=https://debuginfod.ubuntu.com /usr/bin/cmake --build /home/maksmykha/Documents/RobotikProject/build/robotik_description -- -j8 -l8
[1.608s] Invoking command in '/home/maksmykha/Documents/RobotikProject/build/robotik_description': CMAKE_PREFIX_PATH=${CMAKE_PREFIX_PATH}:/home/maksmykha/Documents/RobotikProject/install/yolo_ros:/home/maksmykha/Documents/RobotikProject/install/robotik_vision:/home/maksmykha/Documents/RobotikProject/install/robotik_sorting:/home/maksmykha/Documents/RobotikProject/install/robotik_gazebo:/home/maksmykha/Documents/RobotikProject/install/robotik_control:/home/maksmykha/Documents/RobotikProject/install/robotik_bringup:/opt/ros/jazzy DEBUGINFOD_URLS=https://debuginfod.ubuntu.com /usr/bin/cmake --install /home/maksmykha/Documents/RobotikProject/build/robotik_description
[1.623s] -- Install configuration: ""
[1.623s] -- Execute custom install script
[1.623s] -- Up-to-date symlink: /home/maksmykha/Documents/RobotikProject/install/robotik_description/share/robotik_description/urdf/ur5e.urdf.xacro
[1.623s] -- Up-to-date symlink: /home/maksmykha/Documents/RobotikProject/install/robotik_description/share/robotik_description/launch/view_ur5e.launch.py
[1.623s] -- Up-to-date symlink: /home/maksmykha/Documents/RobotikProject/install/robotik_description/share/ament_index/resource_index/package_run_dependencies/robotik_description
[1.623s] -- Up-to-date symlink: /home/maksmykha/Documents/RobotikProject/install/robotik_description/share/ament_index/resource_index/parent_prefix_path/robotik_description
[1.623s] -- Up-to-date symlink: /home/maksmykha/Documents/RobotikProject/install/robotik_description/share/robotik_description/environment/ament_prefix_path.sh
[1.623s] -- Up-to-date symlink: /home/maksmykha/Documents/RobotikProject/install/robotik_description/share/robotik_description/environment/ament_prefix_path.dsv
[1.623s] -- Up-to-date symlink: /home/maksmykha/Documents/RobotikProject/install/robotik_description/share/robotik_description/environment/path.sh
[1.623s] -- Up-to-date symlink: /home/maksmykha/Documents/RobotikProject/install/robotik_description/share/robotik_description/environment/path.dsv
[1.624s] -- Up-to-date symlink: /home/maksmykha/Documents/RobotikProject/install/robotik_description/share/robotik_description/local_setup.bash
[1.624s] -- Up-to-date symlink: /home/maksmykha/Documents/RobotikProject/install/robotik_description/share/robotik_description/local_setup.sh
[1.624s] -- Up-to-date symlink: /home/maksmykha/Documents/RobotikProject/install/robotik_description/share/robotik_description/local_setup.zsh
[1.624s] -- Up-to-date symlink: /home/maksmykha/Documents/RobotikProject/install/robotik_description/share/robotik_description/local_setup.dsv
[1.624s] -- Symlinking: /home/maksmykha/Documents/RobotikProject/install/robotik_description/share/robotik_description/package.dsv
[1.624s] -- Up-to-date symlink: /home/maksmykha/Documents/RobotikProject/install/robotik_description/share/ament_index/resource_index/packages/robotik_description
[1.624s] -- Up-to-date symlink: /home/maksmykha/Documents/RobotikProject/install/robotik_description/share/robotik_description/cmake/robotik_descriptionConfig.cmake
[1.624s] -- Up-to-date symlink: /home/maksmykha/Documents/RobotikProject/install/robotik_description/share/robotik_description/cmake/robotik_descriptionConfig-version.cmake
[1.624s] -- Up-to-date symlink: /home/maksmykha/Documents/RobotikProject/install/robotik_description/share/robotik_description/package.xml
[1.660s] Invoked command in '/home/maksmykha/Documents/RobotikProject/build/robotik_description' returned '0': CMAKE_PREFIX_PATH=${CMAKE_PREFIX_PATH}:/home/maksmykha/Documents/RobotikProject/install/yolo_ros:/home/maksmykha/Documents/RobotikProject/install/robotik_vision:/home/maksmykha/Documents/RobotikProject/install/robotik_sorting:/home/maksmykha/Documents/RobotikProject/install/robotik_gazebo:/home/maksmykha/Documents/RobotikProject/install/robotik_control:/home/maksmykha/Documents/RobotikProject/install/robotik_bringup:/opt/ros/jazzy DEBUGINFOD_URLS=https://debuginfod.ubuntu.com /usr/bin/cmake --install /home/maksmykha/Documents/RobotikProject/build/robotik_description
